Archive member included to satisfy reference by file (symbol)

build/cooja/mtype671.a(simEnvChange.o)
                              build/cooja/mtype671.o (simDontFallAsleep)
build/cooja/mtype671.a(cooja_mt.o)
                              build/cooja/mtype671.o (cooja_mt_start)
build/cooja/mtype671.a(cooja_mtarch.o)
                              build/cooja/mtype671.a(cooja_mt.o) (cooja_mtarch_start)
build/cooja/mtype671.a(rtimer-arch.o)
                              build/cooja/mtype671.o (rtimer_arch_check)
build/cooja/mtype671.a(beep.o)
                              build/cooja/mtype671.o (beep_interface)
build/cooja/mtype671.a(leds-arch.o)
                              build/cooja/mtype671.o (leds_interface)
build/cooja/mtype671.a(moteid.o)
                              build/cooja/mtype671.o (moteid_interface)
build/cooja/mtype671.a(pir-sensor.o)
                              build/cooja/mtype671.o (pir_interface)
build/cooja/mtype671.a(rs232.o)
                              build/cooja/mtype671.o (rs232_interface)
build/cooja/mtype671.a(vib-sensor.o)
                              build/cooja/mtype671.o (vib_interface)
build/cooja/mtype671.a(clock.o)
                              build/cooja/mtype671.o (clock_interface)
build/cooja/mtype671.a(cooja-log.o)
                              build/cooja/mtype671.o (simlog_interface)
build/cooja/mtype671.a(cfs-cooja.o)
                              build/cooja/mtype671.o (cfs_interface)
build/cooja/mtype671.a(cooja-radio.o)
                              build/cooja/mtype671.o (radio_interface)
build/cooja/mtype671.a(eeprom.o)
                              build/cooja/mtype671.o (eeprom_interface)
build/cooja/mtype671.a(random.o)
                              build/cooja/mtype671.a(moteid.o) (random_init)
build/cooja/mtype671.a(sensors.o)
                              build/cooja/mtype671.a(pir-sensor.o) (sensors_changed)
build/cooja/mtype671.a(leds.o)
                              build/cooja/mtype671.a(leds-arch.o) (leds_get)
build/cooja/mtype671.a(gpio-hal-arch.o)
                              build/cooja/mtype671.a(leds-arch.o) (gpio_hal_arch_register_pin_callback)
build/cooja/mtype671.a(buttons.o)
                              build/cooja/mtype671.o (button_interface)
build/cooja/mtype671.a(res_music.o)
                              music_node.o (res_music)
build/cooja/mtype671.a(res_volume.o)
                              music_node.o (res_volume)
build/cooja/mtype671.a(coap-blocking-a)
                              music_node.o (coap_blocking_request)
build/cooja/mtype671.a(coap-engine.o)
                              music_node.o (coap_activate_resource)
build/cooja/mtype671.a(coap-res-well-k)
                              build/cooja/mtype671.a(coap-engine.o) (res_well_known_core)
build/cooja/mtype671.a(coap-observe.o)
                              build/cooja/mtype671.a(coap-engine.o) (coap_remove_observer_by_mid)
build/cooja/mtype671.a(coap-uip.o)
                              build/cooja/mtype671.a(coap-observe.o) (coap_endpoint_copy)
build/cooja/mtype671.a(coap-timer.o)
                              build/cooja/mtype671.a(coap-engine.o) (coap_timer_set)
build/cooja/mtype671.a(coap-transactio)
                              build/cooja/mtype671.a(coap-blocking-a) (coap_send_transaction)
build/cooja/mtype671.a(coap.o)
                              build/cooja/mtype671.a(coap-engine.o) (coap_status_code)
build/cooja/mtype671.a(contiki-main.o)
                              build/cooja/mtype671.o (main)
build/cooja/mtype671.a(autostart.o)
                              build/cooja/mtype671.a(contiki-main.o) (autostart_start)
build/cooja/mtype671.a(ctimer.o)
                              build/cooja/mtype671.a(contiki-main.o) (ctimer_init)
build/cooja/mtype671.a(log.o)
                              build/cooja/mtype671.a(contiki-main.o) (curr_log_level_main)
build/cooja/mtype671.a(energest.o)
                              build/cooja/mtype671.a(contiki-main.o) (energest_init)
build/cooja/mtype671.a(etimer.o)
                              build/cooja/mtype671.a(contiki-main.o) (etimer_process)
build/cooja/mtype671.a(node-id.o)
                              build/cooja/mtype671.a(contiki-main.o) (node_id)
build/cooja/mtype671.a(rtimer.o)
                              build/cooja/mtype671.a(contiki-main.o) (rtimer_init)
build/cooja/mtype671.a(process.o)
                              build/cooja/mtype671.a(coap-blocking-a) (process_current)
build/cooja/mtype671.a(timer.o)
                              build/cooja/mtype671.a(etimer.o) (timer_set)
build/cooja/mtype671.a(list.o)
                              build/cooja/mtype671.a(coap-engine.o) (list_init)
build/cooja/mtype671.a(memb.o)
                              build/cooja/mtype671.a(coap-observe.o) (memb_alloc)
build/cooja/mtype671.a(button-hal.o)
                              build/cooja/mtype671.o (button_hal_init)
build/cooja/mtype671.a(serial-line.o)
[...]
Memory Configuration

Name             Origin             Length             Attributes
*default*        0x0000000000000000 0xffffffffffffffff

Linker script and memory map

LOAD /usr/lib/gcc/i686-linux-gnu/5/../../../i386-linux-gnu/crti.o
LOAD /usr/lib/gcc/i686-linux-gnu/5/crtbeginS.o
LOAD music_node.o
LOAD build/cooja/mtype671.o
LOAD build/cooja/mtype671.a
LOAD /usr/lib/gcc/i686-linux-gnu/5/libgcc.a
LOAD /usr/lib/gcc/i686-linux-gnu/5/libgcc_s.so
LOAD /usr/lib/gcc/i686-linux-gnu/5/../../../i386-linux-gnu/libc.so
START GROUP
LOAD /lib/i386-linux-gnu/libc.so.6
LOAD /usr/lib/i386-linux-gnu/libc_nonshared.a
LOAD /lib/i386-linux-gnu/ld-linux.so.2
END GROUP
LOAD /usr/lib/gcc/i686-linux-gnu/5/libgcc.a
LOAD /usr/lib/gcc/i686-linux-gnu/5/libgcc_s.so
LOAD /usr/lib/gcc/i686-linux-gnu/5/crtendS.o
LOAD /usr/lib/gcc/i686-linux-gnu/5/../../../i386-linux-gnu/crtn.o
                0x0000000000000114                . = (0x0 + SIZEOF_HEADERS)

.note.gnu.build-id
                0x0000000000000114       0x24
 *(.note.gnu.build-id)
 .note.gnu.build-id
                0x0000000000000114       0x24 /usr/lib/gcc/i686-linux-gnu/5/../../../i386-linux-gnu/crti.o

.hash
 *(.hash)

.gnu.hash       0x0000000000000138     0x1590
 *(.gnu.hash)
 .gnu.hash      0x0000000000000138     0x1590 /usr/lib/gcc/i686-linux-gnu/5/../../../i386-linux-gnu/crti.o

.dynsym         0x00000000000016c8     0x2ed0
 *(.dynsym)
 .dynsym        0x00000000000016c8     0x2ed0 /usr/lib/gcc/i686-linux-gnu/5/../../../i386-linux-gnu/crti.o

.dynstr         0x0000000000004598     0x367f
 *(.dynstr)
 .dynstr        0x0000000000004598     0x367f /usr/lib/gcc/i686-linux-gnu/5/../../../i386-linux-gnu/crti.o

.gnu.version    0x0000000000007c18      0x5da
 *(.gnu.version)
 .gnu.version   0x0000000000007c18      0x5da /usr/lib/gcc/i686-linux-gnu/5/../../../i386-linux-gnu/crti.o

.gnu.version_d  0x00000000000081f4        0x0
 *(.gnu.version_d)
 .gnu.version_d
                0x00000000000081f4        0x0 /usr/lib/gcc/i686-linux-gnu/5/../../../i386-linux-gnu/crti.o

.gnu.version_r  0x00000000000081f4       0x40
 *(.gnu.version_r)
 .gnu.version_r
                0x00000000000081f4       0x40 /usr/lib/gcc/i686-linux-gnu/5/../../../i386-linux-gnu/crti.o

.rel.dyn        0x0000000000008234     0x9130
 *(.rel.init)
 .rel.init      0x0000000000008234        0x0 /usr/lib/gcc/i686-linux-gnu/5/../../../i386-linux-gnu/crti.o
 *(.rel.text .rel.text.* .rel.gnu.linkonce.t.*)
 .rel.text      0x0000000000008234     0x8758 /usr/lib/gcc/i686-linux-gnu/5/../../../i386-linux-gnu/crti.o
 *(.rel.fini)
 .rel.fini      0x000000000001098c        0x0 /usr/lib/gcc/i686-linux-gnu/5/../../../i386-linux-gnu/crti.o
 *(.rel.rodata .rel.rodata.* .rel.gnu.linkonce.r.*)
 .rel.rodata    0x000000000001098c      0x588 /usr/lib/gcc/i686-linux-gnu/5/../../../i386-linux-gnu/crti.o
 *(.rel.data.rel.ro .rel.data.rel.ro.* .rel.gnu.linkonce.d.rel.ro.*)
 *(.rel.data .rel.data.* .rel.gnu.linkonce.d.*)
 .rel.data.rel.local
                0x0000000000010f14        0x8 /usr/lib/gcc/i686-linux-gnu/5/../../../i386-linux-gnu/crti.o
 .rel.data      0x0000000000010f1c      0x410 /usr/lib/gcc/i686-linux-gnu/5/../../../i386-linux-gnu/crti.o
 *(.rel.tdata .rel.tdata.* .rel.gnu.linkonce.td.*)
 *(.rel.tbss .rel.tbss.* .rel.gnu.linkonce.tb.*)
 *(.rel.ctors)
 *(.rel.dtors)
 *(.rel.got)
 .rel.got       0x000000000001132c       0x28 /usr/lib/gcc/i686-linux-gnu/5/../../../i386-linux-gnu/crti.o
 *(.rel.bss .rel.bss.* .rel.gnu.linkonce.b.*)
 *(.rel.ifunc)
 .rel.ifunc     0x0000000000011354        0x0 /usr/lib/gcc/i686-linux-gnu/5/../../../i386-linux-gnu/crti.o
 .rel.fini_array
                0x0000000000011354        0x8 /usr/lib/gcc/i686-linux-gnu/5/../../../i386-linux-gnu/crti.o
 .rel.init_array
                0x000000000001135c        0x8 /usr/lib/gcc/i686-linux-gnu/5/../../../i386-linux-gnu/crti.o

.rel.plt        0x0000000000011364        0x0
 *(.rel.plt)
 .rel.plt       0x0000000000011364        0x0 /usr/lib/gcc/i686-linux-gnu/5/../../../i386-linux-gnu/crti.o
 *(.rel.iplt)

.init           0x0000000000011364       0x23
 *(SORT(.init))
 .init          0x0000000000011364       0x1e /usr/lib/gcc/i686-linux-gnu/5/../../../i386-linux-gnu/crti.o
                0x0000000000011364                _init
 .init          0x0000000000011382        0x5 /usr/lib/gcc/i686-linux-gnu/5/../../../i386-linux-gnu/crtn.o

.plt            0x0000000000011390       0x10
 *(.plt)
 .plt           0x0000000000011390       0x10 /usr/lib/gcc/i686-linux-gnu/5/../../../i386-linux-gnu/crti.o
 *(.iplt)

.plt.got        0x00000000000113a0       0x10
 *(.plt.got)
 .plt.got       0x00000000000113a0       0x10 /usr/lib/gcc/i686-linux-gnu/5/../../../i386-linux-gnu/crti.o

.text           0x00000000000113b0    0x186e2
 *(.text.unlikely .text.*_unlikely .text.unlikely.*)
 .text.unlikely
                0x00000000000113b0        0x0 /usr/lib/gcc/i686-linux-gnu/5/crtbeginS.o
 .text.unlikely
                0x00000000000113b0        0x0 /usr/lib/gcc/i686-linux-gnu/5/libgcc.a(_udivdi3.o)
 *(.text.exit .text.exit.*)
 *(.text.startup .text.startup.*)
 *(.text.hot .text.hot.*)
 *(.text .stub .text.* .gnu.linkonce.t.*)
 .text          0x00000000000113b0        0x0 /usr/lib/gcc/i686-linux-gnu/5/../../../i386-linux-gnu/crti.o
 .gnu.linkonce.t.__x86.get_pc_thunk.bx
                0x00000000000113b0        0x4 /usr/lib/gcc/i686-linux-gnu/5/../../../i386-linux-gnu/crti.o
                0x00000000000113b0                __x86.get_pc_thunk.bx
 *fill*         0x00000000000113b4        0xc 
 .text          0x00000000000113c0      0x11c /usr/lib/gcc/i686-linux-gnu/5/crtbeginS.o
 .text.__x86.get_pc_thunk.dx
                0x00000000000114dc        0x4 /usr/lib/gcc/i686-linux-gnu/5/crtbeginS.o
                0x00000000000114dc                __x86.get_pc_thunk.dx
 .text          0x00000000000114e0      0x168 music_node.o
 .text          0x0000000000011648      0x283 build/cooja/mtype671.o
                0x00000000000116da                platform_init_stage_one
                0x00000000000116ed                platform_init_stage_two
                0x0000000000011700                platform_init_stage_three
                0x0000000000011713                platform_main_loop
                0x0000000000011786                Java_org_contikios_cooja_corecomm_Lib16_init
                0x00000000000117bd                Java_org_contikios_cooja_corecomm_Lib16_getMemory
                0x00000000000117f0                Java_org_contikios_cooja_corecomm_Lib16_setMemory
                0x0000000000011850                Java_org_contikios_cooja_corecomm_Lib16_tick
                0x00000000000118b8                Java_org_contikios_cooja_corecomm_Lib16_setReferenceAddress
 .text          0x00000000000118cb       0x65 build/cooja/mtype671.a(simEnvChange.o)
                0x00000000000118cb                doActionsBeforeTick
                0x00000000000118fd                doActionsAfterTick
 .text          0x0000000000011930       0x83 build/cooja/mtype671.a(cooja_mt.o)
                0x0000000000011930                cooja_mt_start
                0x000000000001195a                cooja_mt_exec
                0x0000000000011990                cooja_mt_yield
 .text          0x00000000000119b3       0xbe build/cooja/mtype671.a(cooja_mtarch.o)
                0x00000000000119b3                cooja_mtarch_start
                0x0000000000011a26                cooja_sw
                0x0000000000011a49                cooja_mtarch_exec
                0x0000000000011a66                cooja_mtarch_yield
 .text          0x0000000000011a71       0xc5 build/cooja/mtype671.a(rtimer-arch.o)
                0x0000000000011a71                rtimer_arch_init
                0x0000000000011a95                rtimer_arch_schedule
                0x0000000000011ac5                rtimer_arch_next
                0x0000000000011ad5                rtimer_arch_pending
                0x0000000000011adf                rtimer_arch_check
                0x0000000000011b26                rtimer_arch_now
 .text          0x0000000000011b36       0x81 build/cooja/mtype671.a(beep.o)
                0x0000000000011b36                beep_alarm
                0x0000000000011b43                beep_beep
                0x0000000000011b50                beep
                0x0000000000011b5d                beep_down
                0x0000000000011b6a                beep_on
                0x0000000000011b77                beep_off
                0x0000000000011b84                beep_spinup
                0x0000000000011b91                beep_quick
                0x0000000000011b9e                beep_long
 .text          0x0000000000011bb7       0x65 build/cooja/mtype671.a(leds-arch.o)
                0x0000000000011bca                leds_arch_init
 .text          0x0000000000011c1c       0x35 build/cooja/mtype671.a(moteid.o)
 .text          0x0000000000011c51       0xb7 build/cooja/mtype671.a(pir-sensor.o)
 .text          0x0000000000011d08      0x148 build/cooja/mtype671.a(rs232.o)
                0x0000000000011d08                rs232_init
                0x0000000000011d0e                rs232_set_speed
                0x0000000000011d1d                rs232_set_input
                0x0000000000011d2b                rs232_send
                0x0000000000011d4f                rs232_print
                0x0000000000011d6b                slip_arch_writeb
 .text          0x0000000000011e50       0xb7 build/cooja/mtype671.a(vib-sensor.o)
 .text          0x0000000000011f07       0x38 build/cooja/mtype671.a(clock.o)
                0x0000000000011f07                clock_init
                0x0000000000011f0d                clock_time
                0x0000000000011f17                clock_seconds
                0x0000000000011f2d                clock_delay
 .text          0x0000000000011f3f      0x219 build/cooja/mtype671.a(cooja-log.o)
                0x0000000000011f3f                simlog_char
                0x0000000000011f82                simlog
                0x0000000000011ff8                log_message
                0x0000000000012029                log_set_putchar_with_slip
                0x0000000000012037                log_putchar
                0x00000000000120b2                log_puts
                0x00000000000120da                log_printf
 .text          0x0000000000012158      0x2b9 build/cooja/mtype671.a(cfs-cooja.o)
                0x0000000000012158                cfs_open
                0x00000000000121c1                cfs_close
                0x00000000000121ce                cfs_read
                0x0000000000012263                cfs_write
                0x000000000001233f                cfs_seek
                0x00000000000123c7                cfs_remove
                0x00000000000123eb                cfs_opendir
                0x00000000000123f5                cfs_readdir
                0x00000000000123ff                cfs_closedir
 .text          0x0000000000012411      0x620 build/cooja/mtype671.a(cooja-radio.o)
                0x0000000000012453                radio_set_channel
                0x0000000000012461                radio_set_txpower
                0x0000000000012479                radio_signal_strength_last
                0x0000000000012483                radio_signal_strength_current
                0x000000000001248d                radio_LQI
 .text          0x0000000000012a31       0xee build/cooja/mtype671.a(eeprom.o)
                0x0000000000012a31                eeprom_init
                0x0000000000012a37                eeprom_read
                0x0000000000012aa5                eeprom_write
 .text          0x0000000000012b1f       0x2d build/cooja/mtype671.a(random.o)
                0x0000000000012b1f                random_init
                0x0000000000012b3f                random_rand
 .text          0x0000000000012b4c      0x29c build/cooja/mtype671.a(sensors.o)
                0x0000000000012b87                sensors_first
                0x0000000000012b91                sensors_next
                0x0000000000012bab                sensors_changed
                0x0000000000012bdf                sensors_find
 .text          0x0000000000012de8      0x349 build/cooja/mtype671.a(leds.o)
                0x0000000000012de8                leds_init
                0x0000000000012e2f                leds_single_on
                0x0000000000012e8e                leds_single_off
                0x0000000000012eed                leds_single_toggle
                0x0000000000012f1f                leds_on
                0x0000000000012fa1                leds_off
                0x0000000000013023                leds_toggle
                0x0000000000013078                leds_set
                0x00000000000130a4                leds_get
 .text          0x0000000000013131      0x343 build/cooja/mtype671.a(gpio-hal-arch.o)
                0x0000000000013131                gpio_hal_arch_register_pin_callback
                0x000000000001319d                gpio_hal_arch_init
                0x00000000000131e2                gpio_hal_arch_no_port_interrupt_enable
                0x0000000000013212                gpio_hal_arch_no_port_interrupt_disable
                0x0000000000013242                gpio_hal_arch_no_port_pin_cfg_set
                0x0000000000013267                gpio_hal_arch_no_port_pin_cfg_get
                0x000000000001328d                gpio_hal_arch_no_port_pin_set_input
                0x000000000001329f                gpio_hal_arch_no_port_pin_set_output
                0x00000000000132b1                gpio_hal_arch_no_port_set_pin
                0x00000000000132d2                gpio_hal_arch_no_port_clear_pin
                0x00000000000132f3                gpio_hal_arch_no_port_read_pin
                0x0000000000013319                gpio_hal_arch_no_port_write_pin
                0x0000000000013343                gpio_hal_arch_no_port_set_pins
                0x000000000001338a                gpio_hal_arch_no_port_clear_pins
                0x00000000000133d1                gpio_hal_arch_no_port_read_pins
                0x0000000000013414                gpio_hal_arch_no_port_write_pins
 .text          0x0000000000013474       0x89 build/cooja/mtype671.a(buttons.o)
 .text          0x00000000000134fd      0x21b build/cooja/mtype671.a(res_music.o)
 .text          0x0000000000013718      0x2ab build/cooja/mtype671.a(res_volume.o)
 .text          0x00000000000139c3      0x27b build/cooja/mtype671.a(coap-blocking-a)
                0x00000000000139c3                coap_blocking_request_callback
                0x00000000000139ed                coap_blocking_request
 .text          0x0000000000013c3e      0xbea build/cooja/mtype671.a(coap-engine.o)
                0x0000000000013cd3                coap_add_handler
                0x0000000000013cf0                coap_remove_handler
                0x0000000000013d0d                coap_call_handlers
                0x0000000000013e15                coap_receive
                0x0000000000014410                coap_engine_init
                0x000000000001446e                coap_activate_resource
                0x0000000000014519                coap_get_first_resource
                0x0000000000014532                coap_get_next_resource
 .text          0x0000000000014828      0x2d9 build/cooja/mtype671.a(coap-res-well-k)
 .text          0x0000000000014b01      0x96a build/cooja/mtype671.a(coap-observe.o)
                0x0000000000014c16                coap_remove_observer
                0x0000000000014c46                coap_remove_observer_by_client
                0x0000000000014cae                coap_remove_observer_by_token
                0x0000000000014d41                coap_remove_observer_by_uri
                0x0000000000014de8                coap_remove_observer_by_mid
                0x0000000000014e64                coap_notify_observers
                0x0000000000014e7d                coap_notify_observers_sub
                0x00000000000152e7                coap_observe_handler
                0x0000000000015402                coap_has_observers
 .text          0x000000000001546b      0x733 build/cooja/mtype671.a(coap-uip.o)
                0x000000000001546b                coap_endpoint_log
                0x00000000000154f1                coap_endpoint_print
                0x0000000000015577                coap_endpoint_snprint
                0x00000000000156aa                coap_endpoint_copy
                0x00000000000156e7                coap_endpoint_cmp
                0x00000000000157f5                coap_endpoint_parse
                0x00000000000159e0                coap_endpoint_is_secure
                0x00000000000159ef                coap_endpoint_is_connected
                0x0000000000015a23                coap_endpoint_connect
                0x0000000000015a3f                coap_endpoint_disconnect
                0x0000000000015a45                coap_databuf
                0x0000000000015a4f                coap_transport_init
                0x0000000000015a9f                coap_sendto
 .text          0x0000000000015b9e      0x324 build/cooja/mtype671.a(coap-timer.o)
                0x0000000000015c9b                coap_timer_stop
                0x0000000000015cc6                coap_timer_set
                0x0000000000015d09                coap_timer_reset
                0x0000000000015d4c                coap_timer_time_to_next_expiration
                0x0000000000015db8                coap_timer_run
                0x0000000000015e84                coap_timer_init
 .text          0x0000000000015ec2      0x2c6 build/cooja/mtype671.a(coap-transactio)
                0x0000000000015f28                coap_new_transaction
                0x0000000000015f8e                coap_send_transaction
                0x00000000000160ef                coap_clear_transaction
                0x0000000000016137                coap_get_transaction_by_mid
 .text          0x0000000000016188     0x1c53 build/cooja/mtype671.a(coap.o)
                0x00000000000166f5                coap_init_connection
                0x0000000000016709                coap_get_mid
                0x0000000000016725                coap_init_message
                0x000000000001676e                coap_serialize_message
                0x0000000000016df0                coap_parse_message
                0x0000000000017457                coap_get_query_variable
                0x0000000000017499                coap_get_post_variable
                0x00000000000174dd                coap_set_status_code
                0x0000000000017502                coap_set_token
                0x0000000000017549                coap_get_header_content_format
                0x000000000001757a                coap_set_header_content_format
                0x000000000001759d                coap_get_header_accept
                0x00000000000175ce                coap_set_header_accept
                0x00000000000175f1                coap_get_header_max_age
                0x0000000000017622                coap_set_header_max_age
                0x0000000000017642                coap_get_header_etag
                0x0000000000017674                coap_set_header_etag
                0x00000000000176cb                coap_get_header_if_match
                0x00000000000176fd                coap_set_header_if_match
                0x0000000000017754                coap_get_header_if_none_match
                0x000000000001776e                coap_set_header_if_none_match
                0x0000000000017785                coap_get_header_proxy_uri
                0x00000000000177b3                coap_set_header_proxy_uri
                0x00000000000177f0                coap_get_header_uri_host
                0x000000000001781e                coap_set_header_uri_host
                0x000000000001785b                coap_get_header_uri_path
                0x0000000000017889                coap_set_header_uri_path
                0x00000000000178d6                coap_get_header_uri_query
                0x000000000001790a                coap_set_header_uri_query
                0x0000000000017960                coap_get_header_location_path
                0x000000000001798e                coap_set_header_location_path
                0x0000000000017a27                coap_get_header_location_query
                0x0000000000017a55                coap_set_header_location_query
                0x0000000000017aa2                coap_get_header_observe
                0x0000000000017ad1                coap_set_header_observe
                0x0000000000017af1                coap_get_header_block2
                0x0000000000017b5d                coap_set_header_block2
                0x0000000000017bd4                coap_get_header_block1
                0x0000000000017c49                coap_set_header_block1
                0x0000000000017cc4                coap_get_header_size2
                0x0000000000017cf4                coap_set_header_size2
                0x0000000000017d17                coap_get_header_size1
                0x0000000000017d47                coap_set_header_size1
                0x0000000000017d6a                coap_get_payload
                0x0000000000017da4                coap_set_payload
 .text          0x0000000000017ddb      0x332 build/cooja/mtype671.a(contiki-main.o)
                0x0000000000017ddb                main
 .text          0x000000000001810d       0x92 build/cooja/mtype671.a(autostart.o)
                0x000000000001810d                autostart_start
                0x0000000000018157                autostart_exit
 .text          0x000000000001819f      0x355 build/cooja/mtype671.a(ctimer.o)
                0x00000000000182c7                ctimer_init
                0x00000000000182fa                ctimer_set
                0x0000000000018320                ctimer_set_with_process
                0x000000000001839d                ctimer_reset
                0x00000000000183f1                ctimer_restart
                0x0000000000018445                ctimer_stop
                0x0000000000018495                ctimer_expired
 .text          0x00000000000184f4      0x394 build/cooja/mtype671.a(log.o)
                0x00000000000184f4                log_6addr
                0x0000000000018547                log_6addr_compact_snprint
                0x00000000000185e5                log_6addr_compact
                0x0000000000018638                log_lladdr
                0x00000000000186aa                log_lladdr_compact
                0x0000000000018712                log_set_level
                0x00000000000187cd                log_get_level
                0x0000000000018846                log_level_to_str
 .text          0x0000000000018888       0x1b build/cooja/mtype671.a(energest.o)
                0x0000000000018888                energest_init
                0x000000000001888e                energest_flush
                0x0000000000018894                energest_get_total_time
 .text          0x00000000000188a3      0x43f build/cooja/mtype671.a(etimer.o)
                0x0000000000018ac7                etimer_request_poll
                0x0000000000018b50                etimer_set
                0x0000000000018b79                etimer_reset_with_new_interval
                0x0000000000018ba8                etimer_reset
                0x0000000000018bce                etimer_restart
                0x0000000000018bf4                etimer_adjust
                0x0000000000018c11                etimer_expired
                0x0000000000018c24                etimer_expiration_time
                0x0000000000018c36                etimer_start_time
                0x0000000000018c40                etimer_pending
                0x0000000000018c52                etimer_next_expiration_time
                0x0000000000018c6c                etimer_stop
 .text          0x0000000000018ce2       0x25 build/cooja/mtype671.a(node-id.o)
                0x0000000000018ce2                node_id_init
 .text          0x0000000000018d07       0xeb build/cooja/mtype671.a(rtimer.o)
                0x0000000000018d07                rtimer_init
                0x0000000000018d15                rtimer_set
                0x0000000000018d90                rtimer_run_next
 .text          0x0000000000018df2      0x4fb build/cooja/mtype671.a(process.o)
                0x0000000000018df2                process_alloc_event
                0x0000000000018e07                process_start
                0x0000000000018fe1                process_exit
                0x0000000000018ffe                process_init
                0x0000000000019193                process_run
                0x00000000000191c6                process_nevents
                0x00000000000191e1                process_post
                0x0000000000019274                process_post_synch
                0x00000000000192a9                process_poll
                0x00000000000192d9                process_is_running
 .text          0x00000000000192ed       0xb1 build/cooja/mtype671.a(timer.o)
                0x00000000000192ed                timer_set
                0x000000000001930b                timer_reset
                0x0000000000019338                timer_restart
                0x000000000001934d                timer_expired
                0x000000000001937a                timer_remaining
 .text          0x000000000001939e      0x28f build/cooja/mtype671.a(list.o)
                0x000000000001939e                list_init
                0x00000000000193ad                list_head
                0x00000000000193b7                list_copy
                0x00000000000193c7                list_tail
                0x00000000000193fd                list_add
                0x0000000000019449                list_push
                0x0000000000019475                list_chop
                0x00000000000194df                list_pop
                0x0000000000019507                list_remove
                0x000000000001956f                list_length
                0x000000000001959d                list_insert
                0x00000000000195e2                list_item_next
                0x00000000000195f9                list_contains
 .text          0x000000000001962d      0x1b5 build/cooja/mtype671.a(memb.o)
                0x000000000001962d                memb_init
                0x0000000000019682                memb_alloc
                0x00000000000196e5                memb_free
                0x000000000001975c                memb_inmemb
                0x000000000001979b                memb_numfree
 .text          0x00000000000197e2      0x41c build/cooja/mtype671.a(button-hal.o)
                0x000000000001995b                button_hal_get_by_id
                0x0000000000019999                button_hal_get_by_index
                0x00000000000199c5                button_hal_get_state
                0x0000000000019a17                button_hal_init
 .text          0x0000000000019bfe      0x1f3 build/cooja/mtype671.a(serial-line.o)
                0x0000000000019bfe                serial_line_input_byte
                0x0000000000019dbc                serial_line_init
 .text          0x0000000000019df1      0x168 build/cooja/mtype671.a(gpio-hal.o)
                0x0000000000019df1                gpio_hal_register_handler
                0x0000000000019e0e                gpio_hal_event_handler
                0x0000000000019e6a                gpio_hal_init
                0x0000000000019e89                gpio_hal_arch_port_toggle_pin
                0x0000000000019ec5                gpio_hal_arch_port_toggle_pins
                0x0000000000019ef3                gpio_hal_arch_no_port_toggle_pin
                0x0000000000019f31                gpio_hal_arch_no_port_toggle_pins
 .text          0x0000000000019f59      0x2e7 build/cooja/mtype671.a(queuebuf.o)
                0x0000000000019f63                queuebuf_init
                0x0000000000019f8c                queuebuf_numfree
                0x0000000000019fa4                queuebuf_new_from_packetbuf
                0x000000000001a043                queuebuf_update_attr_from_packetbuf
                0x000000000001a078                queuebuf_update_from_packetbuf
                0x000000000001a0c8                queuebuf_free
                0x000000000001a111                queuebuf_to_packetbuf
                0x000000000001a17d                queuebuf_dataptr
                0x000000000001a1b7                queuebuf_datalen
                0x000000000001a1da                queuebuf_addr
                0x000000000001a20f                queuebuf_attr
                0x000000000001a23a                queuebuf_debug_print
 .text          0x000000000001a240      0x407 build/cooja/mtype671.a(packetbuf.o)
                0x000000000001a240                packetbuf_clear
                0x000000000001a26b                packetbuf_copyfrom
                0x000000000001a2ba                packetbuf_copyto
                0x000000000001a34d                packetbuf_hdralloc
                0x000000000001a3c9                packetbuf_hdrreduce
                0x000000000001a40f                packetbuf_set_datalen
                0x000000000001a429                packetbuf_dataptr
                0x000000000001a446                packetbuf_hdrptr
                0x000000000001a450                packetbuf_datalen
                0x000000000001a45c                packetbuf_hdrlen
                0x000000000001a473                packetbuf_totlen
                0x000000000001a489                packetbuf_remaininglen
                0x000000000001a49c                packetbuf_attr_clear
                0x000000000001a4e8                packetbuf_attr_copyto
                0x000000000001a540                packetbuf_attr_copyfrom
                0x000000000001a598                packetbuf_set_attr
                0x000000000001a5c2                packetbuf_attr
                0x000000000001a5dc                packetbuf_set_addr
                0x000000000001a60d                packetbuf_addr
                0x000000000001a62a                packetbuf_holds_broadcast
 .text          0x000000000001a647       0xef build/cooja/mtype671.a(netstack.o)
                0x000000000001a647                netstack_process_ip_callback
                0x000000000001a6d8                netstack_ip_packet_processor_add
                0x000000000001a6fb                uip_ds6_ip_packet_processor_rm
                0x000000000001a718                netstack_init
 .text          0x000000000001a736       0x4f build/cooja/mtype671.a(linkaddr.o)
                0x000000000001a736                linkaddr_copy
                0x000000000001a74c                linkaddr_cmp
                0x000000000001a76f                linkaddr_set_node_addr
 .text          0x000000000001a785      0x1f6 build/cooja/mtype671.a(csma.o)
 .text          0x000000000001a97b      0x95d build/cooja/mtype671.a(csma-output.o)
                0x000000000001b012                csma_output_packet
                0x000000000001b29f                csma_output_init
 .text          0x000000000001b2d8      0xc11 build/cooja/mtype671.a(uip-ds6.o)
                0x000000000001b2d8                uip_ds6_default_prefix
                0x000000000001b2e2                uip_ds6_set_default_prefix
                0x000000000001b30d                uip_ds6_init
                0x000000000001b56f                uip_ds6_periodic
                0x000000000001b5f6                uip_ds6_list_loop
                0x000000000001b6b6                uip_ds6_prefix_add
                0x000000000001b762                uip_ds6_prefix_rm
                0x000000000001b775                uip_ds6_prefix_lookup
                0x000000000001b7b4                uip_ds6_is_addr_onlink
                0x000000000001b827                uip_ds6_addr_add
                0x000000000001b947                uip_ds6_addr_rm
                0x000000000001b9f0                uip_ds6_addr_lookup
                0x000000000001ba29                uip_ds6_get_link_local
                0x000000000001baaa                uip_ds6_get_global
                0x000000000001bb2b                uip_ds6_maddr_add
                0x000000000001bb8b                uip_ds6_maddr_rm
                0x000000000001bb9e                uip_ds6_maddr_lookup
                0x000000000001bbd7                uip_ds6_aaddr_add
                0x000000000001bc37                uip_ds6_aaddr_rm
                0x000000000001bc4a                uip_ds6_aaddr_lookup
                0x000000000001bc83                uip_ds6_select_src
                0x000000000001bdcc                uip_ds6_set_addr_iid
                0x000000000001bdf7                uip_ds6_set_lladdr_from_iid
                0x000000000001be20                get_match_length
                0x000000000001beb1                uip_ds6_compute_reachable_time
 .text          0x000000000001bee9      0x128 build/cooja/mtype671.a(uip-udp-packet.)
                0x000000000001bee9                uip_udp_packet_send
                0x000000000001bf44                uip_udp_packet_sendto
 .text          0x000000000001c011      0x35b build/cooja/mtype671.a(uip-ds6-route.o)
                0x000000000001c062                uip_ds6_route_init
                0x000000000001c08c                uip_ds6_route_nexthop
                0x000000000001c096                uip_ds6_route_head
                0x000000000001c0a0                uip_ds6_route_next
                0x000000000001c0aa                uip_ds6_route_is_nexthop
                0x000000000001c0b4                uip_ds6_route_num_routes
                0x000000000001c0be                uip_ds6_route_lookup
                0x000000000001c0c8                uip_ds6_route_add
                0x000000000001c0db                uip_ds6_route_rm
                0x000000000001c0e1                uip_ds6_route_rm_by_nexthop
                0x000000000001c0e7                uip_ds6_defrt_head
                0x000000000001c100                uip_ds6_defrt_add
                0x000000000001c1ae                uip_ds6_defrt_rm
                0x000000000001c214                uip_ds6_defrt_lookup
                0x000000000001c27b                uip_ds6_defrt_choose
                0x000000000001c2f1                uip_ds6_defrt_periodic
 .text          0x000000000001c36c      0x6f7 build/cooja/mtype671.a(tcpip.o)
                0x000000000001c386                tcpip_output
                0x000000000001c405                udp_attach
                0x000000000001c41d                udp_new
                0x000000000001c467                udp_broadcast_new
                0x000000000001c5d9                tcpip_input
                0x000000000001c769                tcpip_ipv6_output
                0x000000000001c95d                tcpip_poll_udp
                0x000000000001c97b                tcpip_uipcall
 .text          0x000000000001ca63     0x1205 build/cooja/mtype671.a(uip6.o)
                0x000000000001cb12                uip_chksum
                0x000000000001cbe9                uip_icmp6chksum
                0x000000000001cbfe                uip_udpchksum
                0x000000000001cc13                uip_init
                0x000000000001cc5c                uip_remove_ext_hdr
                0x000000000001cd36                uip_udp_new
                0x000000000001d04a                uip_process
                0x000000000001db42                uip_htons
                0x000000000001db64                uip_htonl
                0x000000000001dba2                uip_send
 .text          0x000000000001dc68      0x369 build/cooja/mtype671.a(uip-ds6-nbr.o)
                0x000000000001dc68                uip_ds6_neighbors_init
                0x000000000001dc8c                uip_ds6_nbr_add
                0x000000000001dd12                uip_ds6_nbr_rm
                0x000000000001dd5d                uip_ds6_nbr_update_ll
                0x000000000001de4b                uip_ds6_nbr_get_ipaddr
                0x000000000001de60                uip_ds6_nbr_get_ll
                0x000000000001de7c                uip_ds6_nbr_num
                0x000000000001dec5                uip_ds6_nbr_head
                0x000000000001dede                uip_ds6_nbr_next
                0x000000000001defa                uip_ds6_nbr_lookup
                0x000000000001df52                uip_ds6_nbr_ll_lookup
                0x000000000001df6e                uip_ds6_nbr_ipaddr_from_lladdr
                0x000000000001df97                uip_ds6_nbr_lladdr_from_ipaddr
                0x000000000001dfcb                uip_ds6_link_callback
 .text          0x000000000001dfd1      0x6a7 build/cooja/mtype671.a(uip-nd6.o)
                0x000000000001e65f                uip_nd6_init
 .text          0x000000000001e678     0x2c17 build/cooja/mtype671.a(sicslowpan.o)
                0x000000000001ec7f                netstack_sniffer_add
                0x000000000001ec8d                netstack_sniffer_remove
                0x0000000000021263                sicslowpan_init
                0x0000000000021285                sicslowpan_get_last_rssi
 .text          0x000000000002128f      0x4d1 build/cooja/mtype671.a(uiplib.o)
                0x000000000002128f                uiplib_ip6addrconv
                0x0000000000021447                uiplib_ip4addrconv
                0x000000000002150a                uiplib_ipaddr_print
                0x000000000002155d                uiplib_ipaddr_snprint
 .text          0x0000000000021760      0x4c9 build/cooja/mtype671.a(rpl.o)
                0x0000000000021760                rpl_lollipop_greater_than
                0x00000000000217ba                rpl_get_global_address
                0x00000000000218b2                rpl_link_callback
                0x00000000000218f6                rpl_has_joined
                0x000000000002191b                rpl_is_reachable
                0x000000000002199c                rpl_reset_prefix
                0x0000000000021a06                rpl_set_prefix_from_addr
                0x0000000000021aeb                rpl_set_prefix
                0x0000000000021c05                rpl_set_leaf_only
                0x0000000000021c1d                rpl_get_leaf_only
 .text          0x0000000000021c29     0x138c build/cooja/mtype671.a(rpl-icmp6.o)
                0x0000000000021d4e                rpl_icmp6_update_nbr_table
                0x0000000000021dd7                rpl_icmp6_dis_output
                0x000000000002241d                rpl_icmp6_dio_output
                0x0000000000022c1b                rpl_icmp6_dao_output
                0x0000000000022efc                rpl_icmp6_dao_ack_output
                0x0000000000022f6c                rpl_icmp6_init
 .text          0x0000000000022fb5      0x264 build/cooja/mtype671.a(rpl-dag-root.o)
                0x0000000000022fb5                rpl_dag_root_print_links
                0x00000000000230e1                rpl_dag_root_set_prefix
                0x000000000002310d                rpl_dag_root_start
                0x00000000000231ea                rpl_dag_root_is_root
 .text          0x0000000000023219       0x30 build/cooja/mtype671.a(watchdog.o)
                0x0000000000023219                watchdog_init
                0x000000000002321f                watchdog_start
                0x0000000000023225                watchdog_periodic
                0x000000000002323d                watchdog_stop
                0x0000000000023243                watchdog_reboot
 .text          0x0000000000023249       0x4a build/cooja/mtype671.a(int-master.o)
                0x0000000000023249                int_master_enable
                0x0000000000023259                int_master_read_and_disable
                0x0000000000023276                int_master_status_set
                0x0000000000023284                int_master_is_enabled
 .text          0x0000000000023293      0x226 build/cooja/mtype671.a(coap-timer-defa)
 .text          0x00000000000234b9       0xc7 build/cooja/mtype671.a(stimer.o)
                0x00000000000234b9                stimer_set
                0x00000000000234d7                stimer_reset
                0x0000000000023504                stimer_restart
                0x0000000000023519                stimer_expired
                0x0000000000023544                stimer_remaining
                0x0000000000023568                stimer_elapsed
 .text          0x0000000000023580      0x156 build/cooja/mtype671.a(ringbuf.o)
                0x0000000000023580                ringbuf_init
                0x00000000000235b2                ringbuf_put
                0x0000000000023630                ringbuf_get
                0x000000000002369d                ringbuf_size
                0x00000000000236af                ringbuf_elements
 .text          0x00000000000236d6       0x1f build/cooja/mtype671.a(assert.o)
                0x00000000000236d6                _xassert
 .text          0x00000000000236f5      0x79b build/cooja/mtype671.a(nbr-table.o)
                0x0000000000023b6e                nbr_table_register
                0x0000000000023bdb                nbr_table_is_registered
                0x0000000000023c16                nbr_table_head
                0x0000000000023c71                nbr_table_next
                0x0000000000023cd2                nbr_table_add_lladdr
                0x0000000000023dac                nbr_table_get_from_lladdr
                0x0000000000023df8                nbr_table_remove
                0x0000000000023e30                nbr_table_lock
                0x0000000000023e4a                nbr_table_unlock
                0x0000000000023e64                nbr_table_get_lladdr
 .text          0x0000000000023e90      0x3a5 build/cooja/mtype671.a(link-stats.o)
                0x0000000000023e90                link_stats_from_lladdr
                0x0000000000023eac                link_stats_get_lladdr
                0x0000000000023ec8                link_stats_is_fresh
                0x0000000000023f04                guess_etx_from_rssi
                0x0000000000023f80                link_stats_packet_sent
                0x00000000000240a0                link_stats_input_callback
                0x00000000000241b0                link_stats_reset
                0x0000000000024200                link_stats_init
 .text          0x0000000000024235      0x187 build/cooja/mtype671.a(mac-sequence.o)
                0x0000000000024235                mac_sequence_is_duplicate
                0x00000000000242d5                mac_sequence_register_seqno
 .text          0x00000000000243bc       0x23 build/cooja/mtype671.a(mac.o)
                0x00000000000243bc                mac_call_sent_callback
 .text          0x00000000000243df      0x432 build/cooja/mtype671.a(framer-802154.o)
                0x000000000002456e                framer_802154_setup_params
 .text          0x0000000000024811      0xb6f build/cooja/mtype671.a(frame802154.o)
                0x0000000000024842                frame802154_get_pan_id
                0x000000000002484e                frame802154_set_pan_id
                0x0000000000024868                frame802154_has_panid
                0x0000000000024a17                frame802154_check_dest_panid
                0x0000000000024a9f                frame802154_is_broadcast_addr
                0x0000000000024aec                frame802154_extract_linkaddr
                0x0000000000024d51                frame802154_hdrlen
                0x0000000000024dc4                frame802154_create_fcf
                0x0000000000024e7c                frame802154_create
                0x0000000000024ff1                frame802154_parse_fcf
                0x00000000000250d3                frame802154_parse
 .text          0x0000000000025380       0x2d build/cooja/mtype671.a(csma-security.o)
                0x0000000000025380                csma_security_create_frame
                0x000000000002539e                csma_security_parse_frame
 .text          0x00000000000253ad      0x4e4 build/cooja/mtype671.a(uipbuf.o)
                0x00000000000253ad                uipbuf_clear
                0x00000000000253d4                uipbuf_add_ext_hdr
                0x0000000000025454                uipbuf_set_len
                0x0000000000025481                uipbuf_set_len_field
                0x00000000000254ad                uipbuf_get_len_field
                0x00000000000254cd                uipbuf_get_next_header
                0x00000000000255ff                uipbuf_get_last_header
                0x0000000000025678                uipbuf_search_header
                0x000000000002572e                uipbuf_get_attr
                0x0000000000025755                uipbuf_set_attr
                0x000000000002578c                uipbuf_set_default_attr
                0x00000000000257c3                uipbuf_clear_attr
                0x00000000000257e7                uipbuf_set_attr_flag
                0x0000000000025808                uipbuf_clr_attr_flag
                0x000000000002582f                uipbuf_is_attr_flag
                0x0000000000025853                uipbuf_init
 .text          0x0000000000025891      0x73f build/cooja/mtype671.a(uip-icmp6.o)
                0x0000000000025906                uip_icmp6_input
                0x000000000002595d                uip_icmp6_register_input_handler
                0x0000000000025ab0                uip_icmp6_error_output
                0x0000000000025d61                uip_icmp6_send
                0x0000000000025f58                uip_icmp6_echo_reply_callback_add
                0x0000000000025f8a                uip_icmp6_echo_reply_callback_rm
                0x0000000000025fa7                uip_icmp6_init
 .text          0x0000000000025fd0      0x69b build/cooja/mtype671.a(uip-sr.o)
                0x0000000000025fd0                uip_sr_num_nodes
                0x000000000002605e                uip_sr_get_node
                0x00000000000260b5                uip_sr_is_addr_reachable
                0x0000000000026163                uip_sr_expire_parent
                0x00000000000261ac                uip_sr_update_node
                0x00000000000262dc                uip_sr_init
                0x0000000000026310                uip_sr_node_head
                0x0000000000026329                uip_sr_node_next
                0x000000000002633f                uip_sr_periodic
                0x0000000000026445                uip_sr_free_all
                0x00000000000264b5                uip_sr_link_snprint
 .text          0x000000000002666b      0x146 build/cooja/mtype671.a(uip-packetqueue)
                0x0000000000026699                uip_packetqueue_new
                0x00000000000266a8                uip_packetqueue_alloc
                0x0000000000026703                uip_packetqueue_free
                0x000000000002674a                uip_packetqueue_buf
                0x0000000000026767                uip_packetqueue_buflen
                0x0000000000026788                uip_packetqueue_set_buflen
 .text          0x00000000000267b1      0x1b0 build/cooja/mtype671.a(rpl-nbr-policy.)
                0x000000000002691e                rpl_nbr_policy_find_removable
 .text          0x0000000000026961      0x915 build/cooja/mtype671.a(rpl-neighbor.o)
                0x00000000000269dd                rpl_neighbor_snprint
                0x0000000000026c90                rpl_neighbor_print_list
                0x0000000000026d45                rpl_neighbor_count
                0x0000000000026dec                rpl_neighbor_get_from_lladdr
                0x0000000000026e08                rpl_neighbor_is_acceptable_parent
                0x0000000000026e3c                rpl_neighbor_get_link_metric
                0x0000000000026e70                rpl_neighbor_rank_via_nbr
                0x0000000000026ea4                rpl_neighbor_get_lladdr
                0x0000000000026ec0                rpl_neighbor_get_ipaddr
                0x0000000000026ee7                rpl_neighbor_get_link_stats
                0x0000000000026f0e                rpl_neighbor_is_fresh
                0x0000000000026f35                rpl_neighbor_is_reachable
                0x0000000000026f80                rpl_neighbor_is_parent
                0x0000000000026faa                rpl_neighbor_set_preferred_parent
                0x0000000000027041                rpl_neighbor_remove_all
                0x000000000002709d                rpl_neighbor_get_from_ipaddr
                0x00000000000271ab                rpl_neighbor_select_best
                0x0000000000027257                rpl_neighbor_init
 .text          0x0000000000027276      0xe69 build/cooja/mtype671.a(rpl-dag.o)
                0x0000000000027276                rpl_dag_state_to_str
                0x00000000000272b5                rpl_dag_get_root_ipaddr
                0x00000000000272fd                rpl_dag_leave
                0x0000000000027386                rpl_dag_poison_and_leave
                0x000000000002739e                rpl_dag_periodic
                0x0000000000027426                rpl_is_addr_in_our_dag
                0x000000000002746a                rpl_get_default_instance
                0x0000000000027486                rpl_get_any_dag
                0x00000000000274df                rpl_refresh_routes
                0x000000000002751f                rpl_global_repair
                0x00000000000275b8                rpl_local_repair
                0x0000000000027602                rpl_dag_ready_to_advertise
                0x0000000000027645                rpl_dag_update_state
                0x0000000000027d72                rpl_process_dio
                0x0000000000027df0                rpl_process_dis
                0x0000000000027e35                rpl_process_dao
                0x0000000000027ec4                rpl_process_dao_ack
                0x0000000000027f5b                rpl_process_hbh
                0x0000000000027fab                rpl_dag_init_root
                0x00000000000280bf                rpl_dag_init
 .text          0x00000000000280df      0x9e7 build/cooja/mtype671.a(rpl-timers.o)
                0x00000000000280df                rpl_timers_schedule_periodic_dis
                0x000000000002822d                rpl_timers_dio_reset
                0x000000000002833b                rpl_timers_schedule_unicast_dio
                0x000000000002848f                rpl_timers_schedule_dao
                0x000000000002854e                rpl_timers_schedule_dao_ack
                0x00000000000285d4                rpl_timers_notify_dao_ack
                0x0000000000028632                get_probing_delay
                0x0000000000028666                get_probing_target
                0x0000000000028850                rpl_schedule_probing
                0x000000000002887e                rpl_schedule_probing_now
                0x00000000000288e8                rpl_timers_unschedule_leaving
                0x0000000000028920                rpl_timers_schedule_leaving
                0x0000000000028961                rpl_timers_init
                0x00000000000289f1                rpl_timers_stop_dag_timers
                0x0000000000028a6a                rpl_timers_unschedule_state_update
                0x0000000000028a8e                rpl_timers_schedule_state_update
 .text          0x0000000000028ac6      0xb8e build/cooja/mtype671.a(rpl-ext-header.)
                0x0000000000028ac6                rpl_ext_header_srh_get_next_hop
                0x0000000000028bad                rpl_ext_header_srh_update
                0x0000000000029119                rpl_ext_header_hbh_update
                0x0000000000029419                rpl_ext_header_update
                0x00000000000294a2                rpl_ext_header_remove
 .text          0x0000000000029654      0x31b build/cooja/mtype671.a(rpl-mrhof.o)
 *fill*         0x000000000002996f        0x1 
 .text          0x0000000000029970      0x122 /usr/lib/gcc/i686-linux-gnu/5/libgcc.a(_udivdi3.o)
                0x0000000000029970                __udivdi3
 .text          0x0000000000029a92        0x0 /usr/lib/gcc/i686-linux-gnu/5/crtendS.o
 .text          0x0000000000029a92        0x0 /usr/lib/gcc/i686-linux-gnu/5/../../../i386-linux-gnu/crtn.o
 *(.gnu.warning)

.fini           0x0000000000029a94       0x14
 *(SORT(.fini))
 .fini          0x0000000000029a94        0xf /usr/lib/gcc/i686-linux-gnu/5/../../../i386-linux-gnu/crti.o
                0x0000000000029a94                _fini
 .fini          0x0000000000029aa3        0x5 /usr/lib/gcc/i686-linux-gnu/5/../../../i386-linux-gnu/crtn.o
                [!provide]                        PROVIDE (__etext, .)
                [!provide]                        PROVIDE (_etext, .)
                [!provide]                        PROVIDE (etext, .)

.rodata         0x0000000000029ac0      0xb6b
 *(.rodata .rodata.* .gnu.linkonce.r.*)
 .rodata        0x0000000000029ac0       0x9b music_node.o
                0x0000000000029acc                autostart_processes
 *fill*         0x0000000000029b5b        0x1 
 .rodata        0x0000000000029b5c        0x8 build/cooja/mtype671.a(beep.o)
                0x0000000000029b5c                beep_interface
 .rodata        0x0000000000029b64        0xe build/cooja/mtype671.a(leds-arch.o)
                0x0000000000029b64                leds_interface
                0x0000000000029b6c                leds_arch_leds
 *fill*         0x0000000000029b72        0x2 
 .rodata        0x0000000000029b74        0x8 build/cooja/mtype671.a(moteid.o)
                0x0000000000029b74                moteid_interface
 .rodata        0x0000000000029b7c       0x1c build/cooja/mtype671.a(pir-sensor.o)
                0x0000000000029b7c                pir_interface
                0x0000000000029b88                pir_sensor
 .rodata        0x0000000000029b98        0xe build/cooja/mtype671.a(rs232.o)
                0x0000000000029b98                rs232_interface
 *fill*         0x0000000000029ba6        0x2 
 .rodata        0x0000000000029ba8       0x24 build/cooja/mtype671.a(vib-sensor.o)
                0x0000000000029ba8                vib_interface
                0x0000000000029bbc                vib_sensor
 .rodata        0x0000000000029bcc        0x8 build/cooja/mtype671.a(clock.o)
                0x0000000000029bcc                clock_interface
 .rodata        0x0000000000029bd4        0x8 build/cooja/mtype671.a(cooja-log.o)
                0x0000000000029bd4                simlog_interface
 .rodata        0x0000000000029bdc       0x2f build/cooja/mtype671.a(cfs-cooja.o)
                0x0000000000029bdc                cfs_interface
 *fill*         0x0000000000029c0b       0x15 
 .rodata        0x0000000000029c20       0xb8 build/cooja/mtype671.a(cooja-radio.o)
                0x0000000000029c20                radio_interface
                0x0000000000029ca0                cooja_radio_driver
 .rodata        0x0000000000029cd8        0x8 build/cooja/mtype671.a(eeprom.o)
                0x0000000000029cd8                eeprom_interface
 .rodata        0x0000000000029ce0        0x8 build/cooja/mtype671.a(sensors.o)
 .rodata        0x0000000000029ce8       0x2c build/cooja/mtype671.a(buttons.o)
                0x0000000000029ce8                button_interface
                0x0000000000029cfc                button_hal_button_count
                0x0000000000029d04                button_sensor
 .rodata        0x0000000000029d14       0x97 build/cooja/mtype671.a(res_music.o)
 *fill*         0x0000000000029dab        0x1 
 .rodata        0x0000000000029dac       0xbc build/cooja/mtype671.a(res_volume.o)
 .rodata        0x0000000000029e68       0x41 build/cooja/mtype671.a(coap-engine.o)
 .rodata        0x0000000000029ea9       0x19 build/cooja/mtype671.a(coap-res-well-k)
 .rodata        0x0000000000029ec2       0x11 build/cooja/mtype671.a(coap-observe.o)
 .rodata        0x0000000000029ed3       0x35 build/cooja/mtype671.a(coap-uip.o)
 .rodata        0x0000000000029f08      0x1ac build/cooja/mtype671.a(coap.o)
 .rodata        0x000000000002a0b4       0xf8 build/cooja/mtype671.a(contiki-main.o)
 .rodata        0x000000000002a1ac        0xf build/cooja/mtype671.a(ctimer.o)
 *fill*         0x000000000002a1bb        0x1 
 .rodata        0x000000000002a1bc       0xc4 build/cooja/mtype671.a(log.o)
 .rodata        0x000000000002a280        0xc build/cooja/mtype671.a(etimer.o)
 .rodata        0x000000000002a28c       0x13 build/cooja/mtype671.a(button-hal.o)
 .rodata        0x000000000002a29f        0xe build/cooja/mtype671.a(serial-line.o)
 *fill*         0x000000000002a2ad        0x3 
 .rodata        0x000000000002a2b0        0x8 build/cooja/mtype671.a(linkaddr.o)
                0x000000000002a2b0                linkaddr_null
 .rodata        0x000000000002a2b8       0x24 build/cooja/mtype671.a(csma.o)
                0x000000000002a2c0                csma_driver
 .rodata        0x000000000002a2dc       0x2d build/cooja/mtype671.a(csma-output.o)
 *fill*         0x000000000002a309        0x3 
 .rodata        0x000000000002a30c       0x4d build/cooja/mtype671.a(uip-ds6-route.o)
 .rodata        0x000000000002a359        0xd build/cooja/mtype671.a(tcpip.o)
 *fill*         0x000000000002a366        0x2 
 .rodata        0x000000000002a368       0x30 build/cooja/mtype671.a(sicslowpan.o)
                0x000000000002a368                unc_llconf
                0x000000000002a36c                unc_ctxconf
                0x000000000002a370                unc_mxconf
                0x000000000002a374                llprefix
                0x000000000002a388                sicslowpan_driver
 .rodata        0x000000000002a398       0x2d build/cooja/mtype671.a(uiplib.o)
 *fill*         0x000000000002a3c5       0x1b 
 .rodata        0x000000000002a3e0       0x74 build/cooja/mtype671.a(rpl.o)
                0x000000000002a400                rpl_lite_driver
 .rodata        0x000000000002a454       0x20 build/cooja/mtype671.a(coap-timer-defa)
                0x000000000002a468                coap_timer_default_driver
 .rodata        0x000000000002a474       0x25 build/cooja/mtype671.a(assert.o)
 *fill*         0x000000000002a499        0x3 
 .rodata        0x000000000002a49c        0xc build/cooja/mtype671.a(framer-802154.o)
                0x000000000002a49c                framer_802154
 .rodata        0x000000000002a4a8       0x44 build/cooja/mtype671.a(uip-sr.o)
 .rodata        0x000000000002a4ec       0x58 build/cooja/mtype671.a(rpl-neighbor.o)
 .rodata        0x000000000002a544       0xdb build/cooja/mtype671.a(rpl-dag.o)
 .rodata        0x000000000002a61f        0xc build/cooja/mtype671.a(rpl-timers.o)

.rodata1
 *(.rodata1)

.eh_frame_hdr   0x000000000002a62c     0x19e4
 *(.eh_frame_hdr)
 .eh_frame_hdr  0x000000000002a62c     0x19e4 music_node.o
                0x000000000002a62c                __GNU_EH_FRAME_HDR
 *(.eh_frame_entry .eh_frame_entry.*)

.eh_frame       0x000000000002c010     0x6908
 *(.eh_frame)
 .eh_frame      0x000000000002c010       0x3c /usr/lib/gcc/i686-linux-gnu/5/../../../i386-linux-gnu/crti.o
                                         0x40 (size before relaxing)
 .eh_frame      0x000000000002c04c       0x40 music_node.o
                                         0x58 (size before relaxing)
 .eh_frame      0x000000000002c08c      0x178 build/cooja/mtype671.o
                                        0x190 (size before relaxing)
 .eh_frame      0x000000000002c204       0x40 build/cooja/mtype671.a(simEnvChange.o)
                                         0x58 (size before relaxing)
 .eh_frame      0x000000000002c244       0x60 build/cooja/mtype671.a(cooja_mt.o)
                                         0x78 (size before relaxing)
 .eh_frame      0x000000000002c2a4       0x80 build/cooja/mtype671.a(cooja_mtarch.o)
                                         0x98 (size before relaxing)
 .eh_frame      0x000000000002c324       0xc8 build/cooja/mtype671.a(rtimer-arch.o)
                                         0xe0 (size before relaxing)
 .eh_frame      0x000000000002c3ec      0x160 build/cooja/mtype671.a(beep.o)
                                        0x178 (size before relaxing)
 .eh_frame      0x000000000002c54c       0x80 build/cooja/mtype671.a(leds-arch.o)
                                         0x98 (size before relaxing)
 .eh_frame      0x000000000002c5cc       0x40 build/cooja/mtype671.a(moteid.o)
                                         0x58 (size before relaxing)
 .eh_frame      0x000000000002c60c       0xa0 build/cooja/mtype671.a(pir-sensor.o)
                                         0xb8 (size before relaxing)
 .eh_frame      0x000000000002c6ac      0x100 build/cooja/mtype671.a(rs232.o)
                                        0x118 (size before relaxing)
 .eh_frame      0x000000000002c7ac       0xa0 build/cooja/mtype671.a(vib-sensor.o)
                                         0xb8 (size before relaxing)
 .eh_frame      0x000000000002c84c       0xc0 build/cooja/mtype671.a(clock.o)
                                         0xd8 (size before relaxing)
 .eh_frame      0x000000000002c90c      0x120 build/cooja/mtype671.a(cooja-log.o)
                                        0x138 (size before relaxing)
 .eh_frame      0x000000000002ca2c      0x160 build/cooja/mtype671.a(cfs-cooja.o)
                                        0x178 (size before relaxing)
 .eh_frame      0x000000000002cb8c      0x340 build/cooja/mtype671.a(cooja-radio.o)
                                        0x358 (size before relaxing)
 .eh_frame      0x000000000002cecc       0xa0 build/cooja/mtype671.a(eeprom.o)
                                         0xb8 (size before relaxing)
 .eh_frame      0x000000000002cf6c       0x40 build/cooja/mtype671.a(random.o)
                                         0x58 (size before relaxing)
 .eh_frame      0x000000000002cfac       0xc0 build/cooja/mtype671.a(sensors.o)
                                         0xd8 (size before relaxing)
 .eh_frame      0x000000000002d06c      0x120 build/cooja/mtype671.a(leds.o)
                                        0x138 (size before relaxing)
 .eh_frame      0x000000000002d18c      0x220 build/cooja/mtype671.a(gpio-hal-arch.o)
                                        0x238 (size before relaxing)
 .eh_frame      0x000000000002d3ac       0xa0 build/cooja/mtype671.a(buttons.o)
                                         0xb8 (size before relaxing)
 .eh_frame      0x000000000002d44c       0x40 build/cooja/mtype671.a(res_music.o)
                                         0x58 (size before relaxing)
 .eh_frame      0x000000000002d48c       0x40 build/cooja/mtype671.a(res_volume.o)
                                         0x58 (size before relaxing)
 .eh_frame      0x000000000002d4cc       0x44 build/cooja/mtype671.a(coap-blocking-a)
                                         0x5c (size before relaxing)
 .eh_frame      0x000000000002d510      0x220 build/cooja/mtype671.a(coap-engine.o)
                                        0x238 (size before relaxing)
 .eh_frame      0x000000000002d730       0x24 build/cooja/mtype671.a(coap-res-well-k)
                                         0x3c (size before relaxing)
 .eh_frame      0x000000000002d754      0x188 build/cooja/mtype671.a(coap-observe.o)
                                        0x1a0 (size before relaxing)
 .eh_frame      0x000000000002d8dc      0x250 build/cooja/mtype671.a(coap-uip.o)
                                        0x268 (size before relaxing)
 .eh_frame      0x000000000002db2c      0x114 build/cooja/mtype671.a(coap-timer.o)
                                        0x12c (size before relaxing)
 .eh_frame      0x000000000002dc40      0x100 build/cooja/mtype671.a(coap-transactio)
                                        0x118 (size before relaxing)
 .eh_frame      0x000000000002dd40      0x6ec build/cooja/mtype671.a(coap.o)
                                        0x704 (size before relaxing)
 .eh_frame      0x000000000002e42c       0x30 build/cooja/mtype671.a(contiki-main.o)
                                         0x48 (size before relaxing)
 .eh_frame      0x000000000002e45c       0x40 build/cooja/mtype671.a(autostart.o)
                                         0x58 (size before relaxing)
 .eh_frame      0x000000000002e49c      0x100 build/cooja/mtype671.a(ctimer.o)
                                        0x118 (size before relaxing)
 .eh_frame      0x000000000002e59c      0x100 build/cooja/mtype671.a(log.o)
                                        0x118 (size before relaxing)
 .eh_frame      0x000000000002e69c       0x60 build/cooja/mtype671.a(energest.o)
                                         0x78 (size before relaxing)
 .eh_frame      0x000000000002e6fc      0x1e0 build/cooja/mtype671.a(etimer.o)
                                        0x1f8 (size before relaxing)
 .eh_frame      0x000000000002e8dc       0x20 build/cooja/mtype671.a(node-id.o)
                                         0x38 (size before relaxing)
 .eh_frame      0x000000000002e8fc       0x60 build/cooja/mtype671.a(rtimer.o)
                                         0x78 (size before relaxing)
 .eh_frame      0x000000000002e95c      0x1c4 build/cooja/mtype671.a(process.o)
                                        0x1dc (size before relaxing)
 .eh_frame      0x000000000002eb20       0xa4 build/cooja/mtype671.a(timer.o)
                                         0xbc (size before relaxing)
 .eh_frame      0x000000000002ebc4      0x1a0 build/cooja/mtype671.a(list.o)
                                        0x1b8 (size before relaxing)
 .eh_frame      0x000000000002ed64       0xa0 build/cooja/mtype671.a(memb.o)
                                         0xb8 (size before relaxing)
 .eh_frame      0x000000000002ee04      0x144 build/cooja/mtype671.a(button-hal.o)
                                        0x15c (size before relaxing)
 .eh_frame      0x000000000002ef48       0x60 build/cooja/mtype671.a(serial-line.o)
                                         0x78 (size before relaxing)
 .eh_frame      0x000000000002efa8       0xe0 build/cooja/mtype671.a(gpio-hal.o)
                                         0xf8 (size before relaxing)
 .eh_frame      0x000000000002f088      0x1a0 build/cooja/mtype671.a(queuebuf.o)
                                        0x1b8 (size before relaxing)
 .eh_frame      0x000000000002f228      0x28c build/cooja/mtype671.a(packetbuf.o)
                                        0x2a4 (size before relaxing)
 .eh_frame      0x000000000002f4b4       0x80 build/cooja/mtype671.a(netstack.o)
                                         0x98 (size before relaxing)
 .eh_frame      0x000000000002f534       0x60 build/cooja/mtype671.a(linkaddr.o)
                                         0x78 (size before relaxing)
 .eh_frame      0x000000000002f594       0xe0 build/cooja/mtype671.a(csma.o)
                                         0xf8 (size before relaxing)
 .eh_frame      0x000000000002f674      0x1d0 build/cooja/mtype671.a(csma-output.o)
                                        0x1e8 (size before relaxing)
 .eh_frame      0x000000000002f844      0x328 build/cooja/mtype671.a(uip-ds6.o)
                                        0x340 (size before relaxing)
 .eh_frame      0x000000000002fb6c       0x40 build/cooja/mtype671.a(uip-udp-packet.)
                                         0x58 (size before relaxing)
 .eh_frame      0x000000000002fbac      0x220 build/cooja/mtype671.a(uip-ds6-route.o)
                                        0x238 (size before relaxing)
 .eh_frame      0x000000000002fdcc      0x244 build/cooja/mtype671.a(tcpip.o)
                                        0x25c (size before relaxing)
 .eh_frame      0x0000000000030010      0x1e8 build/cooja/mtype671.a(uip6.o)
                                        0x200 (size before relaxing)
 .eh_frame      0x00000000000301f8      0x1c0 build/cooja/mtype671.a(uip-ds6-nbr.o)
                                        0x1d8 (size before relaxing)
 .eh_frame      0x00000000000303b8       0x84 build/cooja/mtype671.a(uip-nd6.o)
                                         0x9c (size before relaxing)
 .eh_frame      0x000000000003043c      0x2f8 build/cooja/mtype671.a(sicslowpan.o)
                                        0x310 (size before relaxing)
 .eh_frame      0x0000000000030734       0x88 build/cooja/mtype671.a(uiplib.o)
                                         0xa0 (size before relaxing)
 .eh_frame      0x00000000000307bc      0x1e0 build/cooja/mtype671.a(rpl.o)
                                        0x1f8 (size before relaxing)
 .eh_frame      0x000000000003099c      0x1c4 build/cooja/mtype671.a(rpl-icmp6.o)
                                        0x1dc (size before relaxing)
 .eh_frame      0x0000000000030b60       0xa0 build/cooja/mtype671.a(rpl-dag-root.o)
                                         0xb8 (size before relaxing)
 .eh_frame      0x0000000000030c00       0xa0 build/cooja/mtype671.a(watchdog.o)
                                         0xb8 (size before relaxing)
 .eh_frame      0x0000000000030ca0       0x80 build/cooja/mtype671.a(int-master.o)
                                         0x98 (size before relaxing)
 .eh_frame      0x0000000000030d20       0xa4 build/cooja/mtype671.a(coap-timer-defa)
                                         0xbc (size before relaxing)
 .eh_frame      0x0000000000030dc4       0xc4 build/cooja/mtype671.a(stimer.o)
                                         0xdc (size before relaxing)
 .eh_frame      0x0000000000030e88       0xa0 build/cooja/mtype671.a(ringbuf.o)
                                         0xb8 (size before relaxing)
 .eh_frame      0x0000000000030f28       0x20 build/cooja/mtype671.a(assert.o)
                                         0x38 (size before relaxing)
 .eh_frame      0x0000000000030f48      0x2ac build/cooja/mtype671.a(nbr-table.o)
                                        0x2c4 (size before relaxing)
 .eh_frame      0x00000000000311f4      0x120 build/cooja/mtype671.a(link-stats.o)
                                        0x138 (size before relaxing)
 .eh_frame      0x0000000000031314       0x48 build/cooja/mtype671.a(mac-sequence.o)
                                         0x60 (size before relaxing)
 .eh_frame      0x000000000003135c       0x20 build/cooja/mtype671.a(mac.o)
                                         0x38 (size before relaxing)
 .eh_frame      0x000000000003137c       0xa4 build/cooja/mtype671.a(framer-802154.o)
                                         0xbc (size before relaxing)
 .eh_frame      0x0000000000031420      0x1a4 build/cooja/mtype671.a(frame802154.o)
                                        0x1bc (size before relaxing)
 .eh_frame      0x00000000000315c4       0x40 build/cooja/mtype671.a(csma-security.o)
                                         0x58 (size before relaxing)
 .eh_frame      0x0000000000031604      0x200 build/cooja/mtype671.a(uipbuf.o)
                                        0x218 (size before relaxing)
 .eh_frame      0x0000000000031804      0x150 build/cooja/mtype671.a(uip-icmp6.o)
                                        0x168 (size before relaxing)
 .eh_frame      0x0000000000031954      0x184 build/cooja/mtype671.a(uip-sr.o)
                                        0x19c (size before relaxing)
 .eh_frame      0x0000000000031ad8       0xe0 build/cooja/mtype671.a(uip-packetqueue)
                                         0xf8 (size before relaxing)
 .eh_frame      0x0000000000031bb8       0x80 build/cooja/mtype671.a(rpl-nbr-policy.)
                                         0x98 (size before relaxing)
 .eh_frame      0x0000000000031c38      0x2d4 build/cooja/mtype671.a(rpl-neighbor.o)
                                        0x2ec (size before relaxing)
 .eh_frame      0x0000000000031f0c      0x370 build/cooja/mtype671.a(rpl-dag.o)
                                        0x388 (size before relaxing)
 .eh_frame      0x000000000003227c      0x3a8 build/cooja/mtype671.a(rpl-timers.o)
                                        0x3c0 (size before relaxing)
 .eh_frame      0x0000000000032624      0x124 build/cooja/mtype671.a(rpl-ext-header.)
                                        0x13c (size before relaxing)
 .eh_frame      0x0000000000032748      0x148 build/cooja/mtype671.a(rpl-mrhof.o)
                                        0x160 (size before relaxing)
 .eh_frame      0x0000000000032890       0x84 /usr/lib/gcc/i686-linux-gnu/5/libgcc.a(_udivdi3.o)
                                         0x9c (size before relaxing)
 .eh_frame      0x0000000000032914        0x4 /usr/lib/gcc/i686-linux-gnu/5/crtendS.o
 *(.eh_frame.*)

.gcc_except_table
 *(.gcc_except_table .gcc_except_table.*)

.gnu_extab
 *(.gnu_extab*)

.exception_ranges
 *(.exception_ranges .exception_ranges*)
                0x0000000000033f10                . = DATA_SEGMENT_ALIGN (0x1000, 0x1000)

.eh_frame
 *(.eh_frame)
 *(.eh_frame.*)

.gnu_extab
 *(.gnu_extab)

.gcc_except_table
 *(.gcc_except_table .gcc_except_table.*)

.exception_ranges
 *(.exception_ranges .exception_ranges*)

.tdata
 *(.tdata .tdata.* .gnu.linkonce.td.*)

.tbss
 *(.tbss .tbss.* .gnu.linkonce.tb.*)
 *(.tcommon)

.preinit_array
 *(.preinit_array)

.init_array     0x0000000000033f10        0x4
 *(SORT(.init_array.*) SORT(.ctors.*))
 *(.init_array EXCLUDE_FILE(*crtend?.o *crtend.o *crtbegin?.o *crtbegin.o) .ctors)
 .init_array    0x0000000000033f10        0x4 /usr/lib/gcc/i686-linux-gnu/5/crtbeginS.o

.fini_array     0x0000000000033f14        0x4
 *(SORT(.fini_array.*) SORT(.dtors.*))
 *(.fini_array EXCLUDE_FILE(*crtend?.o *crtend.o *crtbegin?.o *crtbegin.o) .dtors)
 .fini_array    0x0000000000033f14        0x4 /usr/lib/gcc/i686-linux-gnu/5/crtbeginS.o

.ctors
 *crtbegin.o(.ctors)
 *crtbegin?.o(.ctors)
 *(EXCLUDE_FILE(*crtend?.o *crtend.o) .ctors)
 *(SORT(.ctors.*))
 *(.ctors)

.dtors
 *crtbegin.o(.dtors)
 *crtbegin?.o(.dtors)
 *(EXCLUDE_FILE(*crtend?.o *crtend.o) .dtors)
 *(SORT(.dtors.*))
 *(.dtors)

.jcr            0x0000000000033f18        0x4
 *(.jcr)
 .jcr           0x0000000000033f18        0x0 /usr/lib/gcc/i686-linux-gnu/5/crtbeginS.o
 .jcr           0x0000000000033f18        0x4 /usr/lib/gcc/i686-linux-gnu/5/crtendS.o

.data.rel.ro
 *(.data.rel.ro.local* .gnu.linkonce.d.rel.ro.local.*)
 *(.data.rel.ro .data.rel.ro.* .gnu.linkonce.d.rel.ro.*)

.dynamic        0x0000000000033f1c       0xd0
 *(.dynamic)
 .dynamic       0x0000000000033f1c       0xd0 /usr/lib/gcc/i686-linux-gnu/5/../../../i386-linux-gnu/crti.o
                0x0000000000033f1c                _DYNAMIC

.got            0x0000000000033fec       0x14
 *(.got)
 .got           0x0000000000033fec       0x14 /usr/lib/gcc/i686-linux-gnu/5/../../../i386-linux-gnu/crti.o
 *(.igot)
                0x0000000000034ff4                . = DATA_SEGMENT_RELRO_END (., (SIZEOF (.got.plt) >= 0xc)?0xc:0x0)

.got.plt        0x0000000000034000        0xc
 *(.got.plt)
 .got.plt       0x0000000000034000        0xc /usr/lib/gcc/i686-linux-gnu/5/../../../i386-linux-gnu/crti.o
                0x0000000000034000                _GLOBAL_OFFSET_TABLE_
 *(.igot.plt)

.data           0x0000000000034020      0x4a4
 *(.data .data.* .gnu.linkonce.d.*)
 .data          0x0000000000034020        0x0 /usr/lib/gcc/i686-linux-gnu/5/../../../i386-linux-gnu/crti.o
 .data          0x0000000000034020        0x0 /usr/lib/gcc/i686-linux-gnu/5/crtbeginS.o
 .data.rel.local
                0x0000000000034020        0x4 /usr/lib/gcc/i686-linux-gnu/5/crtbeginS.o
                0x0000000000034020                __dso_handle
 .data          0x0000000000034024       0x14 music_node.o
                0x0000000000034028                music_node
 *fill*         0x0000000000034038        0x8 
 .data          0x0000000000034040       0x44 build/cooja/mtype671.o
                0x0000000000034040                simInterfaces
                0x0000000000034074                sensors
 .data          0x0000000000034084        0x0 build/cooja/mtype671.a(simEnvChange.o)
 .data          0x0000000000034084        0x0 build/cooja/mtype671.a(cooja_mt.o)
 .data          0x0000000000034084        0x0 build/cooja/mtype671.a(cooja_mtarch.o)
 .data          0x0000000000034084        0x0 build/cooja/mtype671.a(rtimer-arch.o)
 .data          0x0000000000034084        0x0 build/cooja/mtype671.a(beep.o)
 .data          0x0000000000034084        0x0 build/cooja/mtype671.a(leds-arch.o)
 .data          0x0000000000034084        0x0 build/cooja/mtype671.a(moteid.o)
 .data          0x0000000000034084        0x0 build/cooja/mtype671.a(pir-sensor.o)
 .data          0x0000000000034084        0x0 build/cooja/mtype671.a(rs232.o)
 .data          0x0000000000034084        0x0 build/cooja/mtype671.a(vib-sensor.o)
 .data          0x0000000000034084        0x0 build/cooja/mtype671.a(clock.o)
 .data          0x0000000000034084        0x0 build/cooja/mtype671.a(cooja-log.o)
 .data          0x0000000000034084        0x0 build/cooja/mtype671.a(cfs-cooja.o)
 .data          0x0000000000034084       0x2c build/cooja/mtype671.a(cooja-radio.o)
                0x0000000000034084                simRadioHWOn
                0x0000000000034088                simSignalStrength
                0x000000000003408c                simLastSignalStrength
                0x0000000000034090                simPower
                0x0000000000034094                simRadioChannel
                0x0000000000034098                simLQI
                0x00000000000340a0                cooja_radio_process
 .data          0x00000000000340b0        0x0 build/cooja/mtype671.a(eeprom.o)
 .data          0x00000000000340b0        0x0 build/cooja/mtype671.a(random.o)
 .data          0x00000000000340b0       0x10 build/cooja/mtype671.a(sensors.o)
                0x00000000000340b0                sensors_process
 .data          0x00000000000340c0        0x0 build/cooja/mtype671.a(leds.o)
 .data          0x00000000000340c0        0x0 build/cooja/mtype671.a(gpio-hal-arch.o)
 .data          0x00000000000340c0       0x78 build/cooja/mtype671.a(buttons.o)
                0x00000000000340c0                simButtonIsActive
                0x0000000000034130                button_hal_buttons
 *fill*         0x0000000000034138        0x8 
 .data          0x0000000000034140       0x24 build/cooja/mtype671.a(res_music.o)
                0x0000000000034140                res_music
 *fill*         0x0000000000034164       0x1c 
 .data          0x0000000000034180       0x44 build/cooja/mtype671.a(res_volume.o)
                0x00000000000341a0                res_volume
 .data          0x00000000000341c4        0x0 build/cooja/mtype671.a(coap-blocking-a)
 .data          0x00000000000341c4        0x8 build/cooja/mtype671.a(coap-engine.o)
 *fill*         0x00000000000341cc       0x14 
 .data          0x00000000000341e0       0x24 build/cooja/mtype671.a(coap-res-well-k)
                0x00000000000341e0                res_well_known_core
 .data          0x0000000000034204       0x10 build/cooja/mtype671.a(coap-observe.o)
 .data          0x0000000000034214       0x10 build/cooja/mtype671.a(coap-uip.o)
                0x0000000000034214                coap_engine
 .data          0x0000000000034224        0x4 build/cooja/mtype671.a(coap-timer.o)
 .data          0x0000000000034228       0x10 build/cooja/mtype671.a(coap-transactio)
 .data          0x0000000000034238        0x4 build/cooja/mtype671.a(coap.o)
                0x0000000000034238                coap_error_message
 .data          0x000000000003423c        0x0 build/cooja/mtype671.a(contiki-main.o)
 .data          0x000000000003423c        0x0 build/cooja/mtype671.a(autostart.o)
 .data          0x000000000003423c       0x14 build/cooja/mtype671.a(ctimer.o)
                0x0000000000034240                ctimer_process
 *fill*         0x0000000000034250       0x10 
 .data          0x0000000000034260       0xbc build/cooja/mtype671.a(log.o)
                0x0000000000034260                curr_log_level_main
                0x0000000000034280                all_modules
 .data          0x000000000003431c        0x0 build/cooja/mtype671.a(energest.o)
 .data          0x000000000003431c       0x10 build/cooja/mtype671.a(etimer.o)
                0x000000000003431c                etimer_process
 .data          0x000000000003432c        0x0 build/cooja/mtype671.a(node-id.o)
 .data          0x000000000003432c        0x0 build/cooja/mtype671.a(rtimer.o)
 .data          0x000000000003432c        0x0 build/cooja/mtype671.a(process.o)
 .data          0x000000000003432c        0x0 build/cooja/mtype671.a(timer.o)
 .data          0x000000000003432c        0x0 build/cooja/mtype671.a(list.o)
 .data          0x000000000003432c        0x0 build/cooja/mtype671.a(memb.o)
 .data          0x000000000003432c       0x10 build/cooja/mtype671.a(button-hal.o)
                0x000000000003432c                button_hal_process
 .data          0x000000000003433c       0x10 build/cooja/mtype671.a(serial-line.o)
                0x000000000003433c                serial_line_process
 .data          0x000000000003434c        0x4 build/cooja/mtype671.a(gpio-hal.o)
 .data          0x0000000000034350       0x18 build/cooja/mtype671.a(queuebuf.o)
 .data          0x0000000000034368        0x4 build/cooja/mtype671.a(packetbuf.o)
 .data          0x000000000003436c        0x4 build/cooja/mtype671.a(netstack.o)
 .data          0x0000000000034370        0x0 build/cooja/mtype671.a(linkaddr.o)
 .data          0x0000000000034370        0x0 build/cooja/mtype671.a(csma.o)
 .data          0x0000000000034370       0x28 build/cooja/mtype671.a(csma-output.o)
 .data          0x0000000000034398        0x0 build/cooja/mtype671.a(uip-ds6.o)
 .data          0x0000000000034398        0x0 build/cooja/mtype671.a(uip-udp-packet.)
 .data          0x0000000000034398       0x10 build/cooja/mtype671.a(uip-ds6-route.o)
 .data          0x00000000000343a8       0x10 build/cooja/mtype671.a(tcpip.o)
                0x00000000000343a8                tcpip_process
 .data          0x00000000000343b8        0x0 build/cooja/mtype671.a(uip6.o)
 .data          0x00000000000343b8       0x14 build/cooja/mtype671.a(uip-ds6-nbr.o)
 .data          0x00000000000343cc        0xc build/cooja/mtype671.a(uip-nd6.o)
 .data          0x00000000000343d8        0x0 build/cooja/mtype671.a(sicslowpan.o)
 .data          0x00000000000343d8        0x0 build/cooja/mtype671.a(uiplib.o)
 .data          0x00000000000343d8        0x0 build/cooja/mtype671.a(rpl.o)
 .data          0x00000000000343d8       0x30 build/cooja/mtype671.a(rpl-icmp6.o)
 .data          0x0000000000034408        0x0 build/cooja/mtype671.a(rpl-dag-root.o)
 .data          0x0000000000034408        0x0 build/cooja/mtype671.a(watchdog.o)
 .data          0x0000000000034408        0x0 build/cooja/mtype671.a(int-master.o)
 .data          0x0000000000034408       0x10 build/cooja/mtype671.a(coap-timer-defa)
                0x0000000000034408                coap_timer_process
 .data          0x0000000000034418        0x0 build/cooja/mtype671.a(stimer.o)
 .data          0x0000000000034418        0x0 build/cooja/mtype671.a(ringbuf.o)
 .data          0x0000000000034418        0x0 build/cooja/mtype671.a(assert.o)
 .data          0x0000000000034418       0x10 build/cooja/mtype671.a(nbr-table.o)
 .data          0x0000000000034428       0x14 build/cooja/mtype671.a(link-stats.o)
 .data          0x000000000003443c        0x0 build/cooja/mtype671.a(mac-sequence.o)
 .data          0x000000000003443c        0x0 build/cooja/mtype671.a(mac.o)
 .data          0x000000000003443c        0x0 build/cooja/mtype671.a(framer-802154.o)
 .data          0x000000000003443c        0x2 build/cooja/mtype671.a(frame802154.o)
 .data          0x000000000003443e        0x0 build/cooja/mtype671.a(csma-security.o)
 .data          0x000000000003443e        0x0 build/cooja/mtype671.a(uipbuf.o)
 *fill*         0x000000000003443e        0x2 
 .data          0x0000000000034440       0x20 build/cooja/mtype671.a(uip-icmp6.o)
 .data          0x0000000000034460       0x10 build/cooja/mtype671.a(uip-sr.o)
 .data          0x0000000000034470        0xc build/cooja/mtype671.a(uip-packetqueue)
 .data          0x000000000003447c        0x0 build/cooja/mtype671.a(rpl-nbr-policy.)
 .data          0x000000000003447c       0x14 build/cooja/mtype671.a(rpl-neighbor.o)
                0x000000000003448c                rpl_neighbors
 .data          0x0000000000034490        0x0 build/cooja/mtype671.a(rpl-dag.o)
 .data          0x0000000000034490        0x0 build/cooja/mtype671.a(rpl-timers.o)
 .data          0x0000000000034490        0x0 build/cooja/mtype671.a(rpl-ext-header.)
 *fill*         0x0000000000034490       0x10 
 .data          0x00000000000344a0       0x24 build/cooja/mtype671.a(rpl-mrhof.o)
                0x00000000000344a0                rpl_mrhof
 .data          0x00000000000344c4        0x0 /usr/lib/gcc/i686-linux-gnu/5/libgcc.a(_udivdi3.o)
 .data          0x00000000000344c4        0x0 /usr/lib/gcc/i686-linux-gnu/5/crtendS.o
 .data          0x00000000000344c4        0x0 /usr/lib/gcc/i686-linux-gnu/5/../../../i386-linux-gnu/crtn.o

.tm_clone_table
                0x00000000000344c4        0x0
 .tm_clone_table
                0x00000000000344c4        0x0 /usr/lib/gcc/i686-linux-gnu/5/crtbeginS.o
 .tm_clone_table
                0x00000000000344c4        0x0 /usr/lib/gcc/i686-linux-gnu/5/crtendS.o

.data1
 *(.data1)
                0x00000000000344c4                _edata = .
                [!provide]                        PROVIDE (edata, .)
                0x00000000000344c4                . = .
                0x00000000000344c4                __bss_start = .

.bss            0x00000000000344e0    0x13f64
 *(.dynbss)
 .dynbss        0x00000000000344e0        0x0 /usr/lib/gcc/i686-linux-gnu/5/../../../i386-linux-gnu/crti.o
 *(.bss .bss.* .gnu.linkonce.b.*)
 .bss           0x00000000000344e0        0x0 /usr/lib/gcc/i686-linux-gnu/5/../../../i386-linux-gnu/crti.o
 .bss           0x00000000000344e0        0x1 /usr/lib/gcc/i686-linux-gnu/5/crtbeginS.o
 *fill*         0x00000000000344e1       0x1f 
 .bss           0x0000000000034500      0x10c music_node.o
 *fill*         0x000000000003460c       0x14 
 .bss           0x0000000000034620     0x2030 build/cooja/mtype671.o
 .bss           0x0000000000036650        0x1 build/cooja/mtype671.a(simEnvChange.o)
                0x0000000000036650                simDontFallAsleep
 *fill*         0x0000000000036651        0x3 
 .bss           0x0000000000036654        0x4 build/cooja/mtype671.a(cooja_mt.o)
 .bss           0x0000000000036658        0x4 build/cooja/mtype671.a(cooja_mtarch.o)
 .bss           0x000000000003665c        0x0 build/cooja/mtype671.a(rtimer-arch.o)
 .bss           0x000000000003665c        0x0 build/cooja/mtype671.a(beep.o)
 .bss           0x000000000003665c        0x1 build/cooja/mtype671.a(leds-arch.o)
                0x000000000003665c                simLedsValue
 .bss           0x000000000003665d        0x0 build/cooja/mtype671.a(moteid.o)
 .bss           0x000000000003665d        0x1 build/cooja/mtype671.a(pir-sensor.o)
                0x000000000003665d                simPirValue
 *fill*         0x000000000003665e        0x2 
 .bss           0x0000000000036660        0x4 build/cooja/mtype671.a(rs232.o)
 .bss           0x0000000000036664        0x1 build/cooja/mtype671.a(vib-sensor.o)
                0x0000000000036664                simVibValue
 .bss           0x0000000000036665        0x0 build/cooja/mtype671.a(clock.o)
 *fill*         0x0000000000036665       0x1b 
 .bss           0x0000000000036680     0x2020 build/cooja/mtype671.a(cooja-log.o)
 .bss           0x00000000000386a0      0xfc0 build/cooja/mtype671.a(cfs-cooja.o)
                0x00000000000386a0                simCFSData
                0x0000000000039640                simCFSSize
                0x0000000000039644                simCFSChanged
                0x0000000000039648                simCFSRead
                0x000000000003964c                simCFSWritten
 .bss           0x0000000000039660       0x24 build/cooja/mtype671.a(cooja-radio.o)
                0x0000000000039660                simReceiving
                0x0000000000039664                simInSize
                0x0000000000039668                simLastPacketTimestamp
                0x0000000000039670                simOutSize
 .bss           0x0000000000039684        0xc build/cooja/mtype671.a(eeprom.o)
                0x0000000000039684                simEEPROMChanged
                0x0000000000039688                simEEPROMRead
                0x000000000003968c                simEEPROMWritten
 .bss           0x0000000000039690        0x0 build/cooja/mtype671.a(random.o)
 .bss           0x0000000000039690        0xc build/cooja/mtype671.a(sensors.o)
 .bss           0x000000000003969c        0x0 build/cooja/mtype671.a(leds.o)
 .bss           0x000000000003969c       0x24 build/cooja/mtype671.a(gpio-hal-arch.o)
 .bss           0x00000000000396c0        0x0 build/cooja/mtype671.a(buttons.o)
 .bss           0x00000000000396c0        0x4 build/cooja/mtype671.a(res_music.o)
                0x00000000000396c0                res_mode
 .bss           0x00000000000396c4        0x0 build/cooja/mtype671.a(res_volume.o)
 .bss           0x00000000000396c4        0x0 build/cooja/mtype671.a(coap-blocking-a)
 *fill*         0x00000000000396c4       0x1c 
 .bss           0x00000000000396e0      0x190 build/cooja/mtype671.a(coap-engine.o)
 .bss           0x0000000000039870        0x0 build/cooja/mtype671.a(coap-res-well-k)
 *fill*         0x0000000000039870       0x10 
 .bss           0x0000000000039880      0x120 build/cooja/mtype671.a(coap-observe.o)
 .bss           0x00000000000399a0       0x18 build/cooja/mtype671.a(coap-uip.o)
 .bss           0x00000000000399b8        0x5 build/cooja/mtype671.a(coap-timer.o)
 *fill*         0x00000000000399bd        0x3 
 .bss           0x00000000000399c0      0x334 build/cooja/mtype671.a(coap-transactio)
 .bss           0x0000000000039cf4        0x6 build/cooja/mtype671.a(coap.o)
                0x0000000000039cf4                coap_status_code
 .bss           0x0000000000039cfa        0x0 build/cooja/mtype671.a(contiki-main.o)
 .bss           0x0000000000039cfa        0x0 build/cooja/mtype671.a(autostart.o)
 *fill*         0x0000000000039cfa        0x2 
 .bss           0x0000000000039cfc        0x5 build/cooja/mtype671.a(ctimer.o)
 *fill*         0x0000000000039d01        0x3 
 .bss           0x0000000000039d04       0x2c build/cooja/mtype671.a(log.o)
                0x0000000000039d04                curr_log_level_rpl
                0x0000000000039d08                curr_log_level_tcpip
                0x0000000000039d0c                curr_log_level_ipv6
                0x0000000000039d10                curr_log_level_6lowpan
                0x0000000000039d14                curr_log_level_nullnet
                0x0000000000039d18                curr_log_level_mac
                0x0000000000039d1c                curr_log_level_framer
                0x0000000000039d20                curr_log_level_6top
                0x0000000000039d24                curr_log_level_coap
                0x0000000000039d28                curr_log_level_snmp
                0x0000000000039d2c                curr_log_level_lwm2m
 .bss           0x0000000000039d30        0x0 build/cooja/mtype671.a(energest.o)
 .bss           0x0000000000039d30        0x8 build/cooja/mtype671.a(etimer.o)
 .bss           0x0000000000039d38        0x2 build/cooja/mtype671.a(node-id.o)
                0x0000000000039d38                node_id
 *fill*         0x0000000000039d3a        0x2 
 .bss           0x0000000000039d3c        0x4 build/cooja/mtype671.a(rtimer.o)
 .bss           0x0000000000039d40      0x1a1 build/cooja/mtype671.a(process.o)
                0x0000000000039d40                process_list
                0x0000000000039d44                process_current
 .bss           0x0000000000039ee1        0x0 build/cooja/mtype671.a(timer.o)
 .bss           0x0000000000039ee1        0x0 build/cooja/mtype671.a(list.o)
 .bss           0x0000000000039ee1        0x0 build/cooja/mtype671.a(memb.o)
 *fill*         0x0000000000039ee1        0x3 
 .bss           0x0000000000039ee4       0x10 build/cooja/mtype671.a(button-hal.o)
 *fill*         0x0000000000039ef4        0xc 
 .bss           0x0000000000039f00      0x140 build/cooja/mtype671.a(serial-line.o)
 .bss           0x000000000003a040        0x4 build/cooja/mtype671.a(gpio-hal.o)
 *fill*         0x000000000003a044       0x1c 
 .bss           0x000000000003a060     0x2c80 build/cooja/mtype671.a(queuebuf.o)
 .bss           0x000000000003cce0       0xa0 build/cooja/mtype671.a(packetbuf.o)
 .bss           0x000000000003cd80        0x4 build/cooja/mtype671.a(netstack.o)
 .bss           0x000000000003cd84        0x0 build/cooja/mtype671.a(linkaddr.o)
 .bss           0x000000000003cd84        0x0 build/cooja/mtype671.a(csma.o)
 *fill*         0x000000000003cd84       0x1c 
 .bss           0x000000000003cda0      0x726 build/cooja/mtype671.a(csma-output.o)
 *fill*         0x000000000003d4c6        0x2 
 .bss           0x000000000003d4c8       0x30 build/cooja/mtype671.a(uip-ds6.o)
 .bss           0x000000000003d4f8        0x0 build/cooja/mtype671.a(uip-udp-packet.)
 *fill*         0x000000000003d4f8        0x8 
 .bss           0x000000000003d500       0x60 build/cooja/mtype671.a(uip-ds6-route.o)
 .bss           0x000000000003d560       0x10 build/cooja/mtype671.a(tcpip.o)
 .bss           0x000000000003d570        0x8 build/cooja/mtype671.a(uip6.o)
                0x000000000003d570                uip_ext_bitmap
                0x000000000003d572                uip_ext_len
                0x000000000003d574                uip_last_proto
 *fill*         0x000000000003d578        0x8 
 .bss           0x000000000003d580     0x1c20 build/cooja/mtype671.a(uip-ds6-nbr.o)
 .bss           0x000000000003f1a0       0x10 build/cooja/mtype671.a(uip-nd6.o)