Archive member included to satisfy reference by file (symbol)

build/cooja/mtype437.a(simEnvChange.o)
                              build/cooja/mtype437.o (simDontFallAsleep)
build/cooja/mtype437.a(cooja_mt.o)
                              build/cooja/mtype437.o (cooja_mt_start)
build/cooja/mtype437.a(cooja_mtarch.o)
                              build/cooja/mtype437.a(cooja_mt.o) (cooja_mtarch_start)
build/cooja/mtype437.a(rtimer-arch.o)
                              build/cooja/mtype437.o (rtimer_arch_check)
build/cooja/mtype437.a(beep.o)
                              build/cooja/mtype437.o (beep_interface)
build/cooja/mtype437.a(leds-arch.o)
                              build/cooja/mtype437.o (leds_interface)
build/cooja/mtype437.a(moteid.o)
                              build/cooja/mtype437.o (moteid_interface)
build/cooja/mtype437.a(pir-sensor.o)
                              build/cooja/mtype437.o (pir_interface)
build/cooja/mtype437.a(rs232.o)
                              build/cooja/mtype437.o (rs232_interface)
build/cooja/mtype437.a(vib-sensor.o)
                              build/cooja/mtype437.o (vib_interface)
build/cooja/mtype437.a(clock.o)
                              build/cooja/mtype437.o (clock_interface)
build/cooja/mtype437.a(cooja-log.o)
                              build/cooja/mtype437.o (simlog_interface)
build/cooja/mtype437.a(cfs-cooja.o)
                              build/cooja/mtype437.o (cfs_interface)
build/cooja/mtype437.a(cooja-radio.o)
                              build/cooja/mtype437.o (radio_interface)
build/cooja/mtype437.a(eeprom.o)
                              build/cooja/mtype437.o (eeprom_interface)
build/cooja/mtype437.a(random.o)
                              build/cooja/mtype437.a(moteid.o) (random_init)
build/cooja/mtype437.a(sensors.o)
                              build/cooja/mtype437.a(pir-sensor.o) (sensors_changed)
build/cooja/mtype437.a(leds.o)
                              build/cooja/mtype437.a(leds-arch.o) (leds_get)
build/cooja/mtype437.a(gpio-hal-arch.o)
                              build/cooja/mtype437.a(leds-arch.o) (gpio_hal_arch_register_pin_callback)
build/cooja/mtype437.a(buttons.o)
                              build/cooja/mtype437.o (button_interface)
build/cooja/mtype437.a(res_bulbSwitch.)
                              light_node.o (res_bulbSwitch)
build/cooja/mtype437.a(res_light.o)
                              light_node.o (res_light)
build/cooja/mtype437.a(coap-blocking-a)
                              light_node.o (coap_blocking_request)
build/cooja/mtype437.a(coap-engine.o)
                              light_node.o (coap_activate_resource)
build/cooja/mtype437.a(coap-res-well-k)
                              build/cooja/mtype437.a(coap-engine.o) (res_well_known_core)
build/cooja/mtype437.a(coap-observe.o)
                              build/cooja/mtype437.a(coap-engine.o) (coap_remove_observer_by_mid)
build/cooja/mtype437.a(coap-uip.o)
                              build/cooja/mtype437.a(coap-observe.o) (coap_endpoint_copy)
build/cooja/mtype437.a(coap-timer.o)
                              build/cooja/mtype437.a(coap-engine.o) (coap_timer_set)
build/cooja/mtype437.a(coap-transactio)
                              build/cooja/mtype437.a(coap-blocking-a) (coap_send_transaction)
build/cooja/mtype437.a(coap.o)
                              build/cooja/mtype437.a(coap-engine.o) (coap_status_code)
build/cooja/mtype437.a(contiki-main.o)
                              build/cooja/mtype437.o (main)
build/cooja/mtype437.a(autostart.o)
                              build/cooja/mtype437.a(contiki-main.o) (autostart_start)
build/cooja/mtype437.a(ctimer.o)
                              build/cooja/mtype437.a(contiki-main.o) (ctimer_init)
build/cooja/mtype437.a(log.o)
                              build/cooja/mtype437.a(contiki-main.o) (curr_log_level_main)
build/cooja/mtype437.a(energest.o)
                              build/cooja/mtype437.a(contiki-main.o) (energest_init)
build/cooja/mtype437.a(etimer.o)
                              build/cooja/mtype437.a(contiki-main.o) (etimer_process)
build/cooja/mtype437.a(node-id.o)
                              build/cooja/mtype437.a(contiki-main.o) (node_id)
build/cooja/mtype437.a(rtimer.o)
                              build/cooja/mtype437.a(contiki-main.o) (rtimer_init)
build/cooja/mtype437.a(process.o)
                              build/cooja/mtype437.a(coap-blocking-a) (process_current)
build/cooja/mtype437.a(timer.o)
                              build/cooja/mtype437.a(etimer.o) (timer_set)
build/cooja/mtype437.a(list.o)
                              build/cooja/mtype437.a(coap-engine.o) (list_init)
build/cooja/mtype437.a(memb.o)
                              build/cooja/mtype437.a(coap-observe.o) (memb_alloc)
build/cooja/mtype437.a(button-hal.o)
                              build/cooja/mtype437.o (button_hal_init)
build/cooja/mtype437.a(serial-line.o)
[...]
Memory Configuration

Name             Origin             Length             Attributes
*default*        0x0000000000000000 0xffffffffffffffff

Linker script and memory map

LOAD /usr/lib/gcc/i686-linux-gnu/5/../../../i386-linux-gnu/crti.o
LOAD /usr/lib/gcc/i686-linux-gnu/5/crtbeginS.o
LOAD light_node.o
LOAD build/cooja/mtype437.o
LOAD build/cooja/mtype437.a
LOAD /usr/lib/gcc/i686-linux-gnu/5/libgcc.a
LOAD /usr/lib/gcc/i686-linux-gnu/5/libgcc_s.so
LOAD /usr/lib/gcc/i686-linux-gnu/5/../../../i386-linux-gnu/libc.so
START GROUP
LOAD /lib/i386-linux-gnu/libc.so.6
LOAD /usr/lib/i386-linux-gnu/libc_nonshared.a
LOAD /lib/i386-linux-gnu/ld-linux.so.2
END GROUP
LOAD /usr/lib/gcc/i686-linux-gnu/5/libgcc.a
LOAD /usr/lib/gcc/i686-linux-gnu/5/libgcc_s.so
LOAD /usr/lib/gcc/i686-linux-gnu/5/crtendS.o
LOAD /usr/lib/gcc/i686-linux-gnu/5/../../../i386-linux-gnu/crtn.o
                0x0000000000000114                . = (0x0 + SIZEOF_HEADERS)

.note.gnu.build-id
                0x0000000000000114       0x24
 *(.note.gnu.build-id)
 .note.gnu.build-id
                0x0000000000000114       0x24 /usr/lib/gcc/i686-linux-gnu/5/../../../i386-linux-gnu/crti.o

.hash
 *(.hash)

.gnu.hash       0x0000000000000138     0x158c
 *(.gnu.hash)
 .gnu.hash      0x0000000000000138     0x158c /usr/lib/gcc/i686-linux-gnu/5/../../../i386-linux-gnu/crti.o

.dynsym         0x00000000000016c4     0x2eb0
 *(.dynsym)
 .dynsym        0x00000000000016c4     0x2eb0 /usr/lib/gcc/i686-linux-gnu/5/../../../i386-linux-gnu/crti.o

.dynstr         0x0000000000004574     0x3670
 *(.dynstr)
 .dynstr        0x0000000000004574     0x3670 /usr/lib/gcc/i686-linux-gnu/5/../../../i386-linux-gnu/crti.o

.gnu.version    0x0000000000007be4      0x5d6
 *(.gnu.version)
 .gnu.version   0x0000000000007be4      0x5d6 /usr/lib/gcc/i686-linux-gnu/5/../../../i386-linux-gnu/crti.o

.gnu.version_d  0x00000000000081bc        0x0
 *(.gnu.version_d)
 .gnu.version_d
                0x00000000000081bc        0x0 /usr/lib/gcc/i686-linux-gnu/5/../../../i386-linux-gnu/crti.o

.gnu.version_r  0x00000000000081bc       0x40
 *(.gnu.version_r)
 .gnu.version_r
                0x00000000000081bc       0x40 /usr/lib/gcc/i686-linux-gnu/5/../../../i386-linux-gnu/crti.o

.rel.dyn        0x00000000000081fc     0x9070
 *(.rel.init)
 .rel.init      0x00000000000081fc        0x0 /usr/lib/gcc/i686-linux-gnu/5/../../../i386-linux-gnu/crti.o
 *(.rel.text .rel.text.* .rel.gnu.linkonce.t.*)
 .rel.text      0x00000000000081fc     0x86a8 /usr/lib/gcc/i686-linux-gnu/5/../../../i386-linux-gnu/crti.o
 *(.rel.fini)
 .rel.fini      0x00000000000108a4        0x0 /usr/lib/gcc/i686-linux-gnu/5/../../../i386-linux-gnu/crti.o
 *(.rel.rodata .rel.rodata.* .rel.gnu.linkonce.r.*)
 .rel.rodata    0x00000000000108a4      0x588 /usr/lib/gcc/i686-linux-gnu/5/../../../i386-linux-gnu/crti.o
 *(.rel.data.rel.ro .rel.data.rel.ro.* .rel.gnu.linkonce.d.rel.ro.*)
 *(.rel.data .rel.data.* .rel.gnu.linkonce.d.*)
 .rel.data.rel.local
                0x0000000000010e2c        0x8 /usr/lib/gcc/i686-linux-gnu/5/../../../i386-linux-gnu/crti.o
 .rel.data      0x0000000000010e34      0x400 /usr/lib/gcc/i686-linux-gnu/5/../../../i386-linux-gnu/crti.o
 *(.rel.tdata .rel.tdata.* .rel.gnu.linkonce.td.*)
 *(.rel.tbss .rel.tbss.* .rel.gnu.linkonce.tb.*)
 *(.rel.ctors)
 *(.rel.dtors)
 *(.rel.got)
 .rel.got       0x0000000000011234       0x28 /usr/lib/gcc/i686-linux-gnu/5/../../../i386-linux-gnu/crti.o
 *(.rel.bss .rel.bss.* .rel.gnu.linkonce.b.*)
 *(.rel.ifunc)
 .rel.ifunc     0x000000000001125c        0x0 /usr/lib/gcc/i686-linux-gnu/5/../../../i386-linux-gnu/crti.o
 .rel.fini_array
                0x000000000001125c        0x8 /usr/lib/gcc/i686-linux-gnu/5/../../../i386-linux-gnu/crti.o
 .rel.init_array
                0x0000000000011264        0x8 /usr/lib/gcc/i686-linux-gnu/5/../../../i386-linux-gnu/crti.o

.rel.plt        0x000000000001126c        0x0
 *(.rel.plt)
 .rel.plt       0x000000000001126c        0x0 /usr/lib/gcc/i686-linux-gnu/5/../../../i386-linux-gnu/crti.o
 *(.rel.iplt)

.init           0x000000000001126c       0x23
 *(SORT(.init))
 .init          0x000000000001126c       0x1e /usr/lib/gcc/i686-linux-gnu/5/../../../i386-linux-gnu/crti.o
                0x000000000001126c                _init
 .init          0x000000000001128a        0x5 /usr/lib/gcc/i686-linux-gnu/5/../../../i386-linux-gnu/crtn.o

.plt            0x0000000000011290       0x10
 *(.plt)
 .plt           0x0000000000011290       0x10 /usr/lib/gcc/i686-linux-gnu/5/../../../i386-linux-gnu/crti.o
 *(.iplt)

.plt.got        0x00000000000112a0       0x10
 *(.plt.got)
 .plt.got       0x00000000000112a0       0x10 /usr/lib/gcc/i686-linux-gnu/5/../../../i386-linux-gnu/crti.o

.text           0x00000000000112b0    0x18632
 *(.text.unlikely .text.*_unlikely .text.unlikely.*)
 .text.unlikely
                0x00000000000112b0        0x0 /usr/lib/gcc/i686-linux-gnu/5/crtbeginS.o
 .text.unlikely
                0x00000000000112b0        0x0 /usr/lib/gcc/i686-linux-gnu/5/libgcc.a(_udivdi3.o)
 *(.text.exit .text.exit.*)
 *(.text.startup .text.startup.*)
 *(.text.hot .text.hot.*)
 *(.text .stub .text.* .gnu.linkonce.t.*)
 .text          0x00000000000112b0        0x0 /usr/lib/gcc/i686-linux-gnu/5/../../../i386-linux-gnu/crti.o
 .gnu.linkonce.t.__x86.get_pc_thunk.bx
                0x00000000000112b0        0x4 /usr/lib/gcc/i686-linux-gnu/5/../../../i386-linux-gnu/crti.o
                0x00000000000112b0                __x86.get_pc_thunk.bx
 *fill*         0x00000000000112b4        0xc 
 .text          0x00000000000112c0      0x11c /usr/lib/gcc/i686-linux-gnu/5/crtbeginS.o
 .text.__x86.get_pc_thunk.dx
                0x00000000000113dc        0x4 /usr/lib/gcc/i686-linux-gnu/5/crtbeginS.o
                0x00000000000113dc                __x86.get_pc_thunk.dx
 .text          0x00000000000113e0      0x168 light_node.o
 .text          0x0000000000011548      0x283 build/cooja/mtype437.o
                0x00000000000115da                platform_init_stage_one
                0x00000000000115ed                platform_init_stage_two
                0x0000000000011600                platform_init_stage_three
                0x0000000000011613                platform_main_loop
                0x0000000000011686                Java_org_contikios_cooja_corecomm_Lib2_init
                0x00000000000116bd                Java_org_contikios_cooja_corecomm_Lib2_getMemory
                0x00000000000116f0                Java_org_contikios_cooja_corecomm_Lib2_setMemory
                0x0000000000011750                Java_org_contikios_cooja_corecomm_Lib2_tick
                0x00000000000117b8                Java_org_contikios_cooja_corecomm_Lib2_setReferenceAddress
 .text          0x00000000000117cb       0x65 build/cooja/mtype437.a(simEnvChange.o)
                0x00000000000117cb                doActionsBeforeTick
                0x00000000000117fd                doActionsAfterTick
 .text          0x0000000000011830       0x83 build/cooja/mtype437.a(cooja_mt.o)
                0x0000000000011830                cooja_mt_start
                0x000000000001185a                cooja_mt_exec
                0x0000000000011890                cooja_mt_yield
 .text          0x00000000000118b3       0xbe build/cooja/mtype437.a(cooja_mtarch.o)
                0x00000000000118b3                cooja_mtarch_start
                0x0000000000011926                cooja_sw
                0x0000000000011949                cooja_mtarch_exec
                0x0000000000011966                cooja_mtarch_yield
 .text          0x0000000000011971       0xc5 build/cooja/mtype437.a(rtimer-arch.o)
                0x0000000000011971                rtimer_arch_init
                0x0000000000011995                rtimer_arch_schedule
                0x00000000000119c5                rtimer_arch_next
                0x00000000000119d5                rtimer_arch_pending
                0x00000000000119df                rtimer_arch_check
                0x0000000000011a26                rtimer_arch_now
 .text          0x0000000000011a36       0x81 build/cooja/mtype437.a(beep.o)
                0x0000000000011a36                beep_alarm
                0x0000000000011a43                beep_beep
                0x0000000000011a50                beep
                0x0000000000011a5d                beep_down
                0x0000000000011a6a                beep_on
                0x0000000000011a77                beep_off
                0x0000000000011a84                beep_spinup
                0x0000000000011a91                beep_quick
                0x0000000000011a9e                beep_long
 .text          0x0000000000011ab7       0x65 build/cooja/mtype437.a(leds-arch.o)
                0x0000000000011aca                leds_arch_init
 .text          0x0000000000011b1c       0x35 build/cooja/mtype437.a(moteid.o)
 .text          0x0000000000011b51       0xb7 build/cooja/mtype437.a(pir-sensor.o)
 .text          0x0000000000011c08      0x148 build/cooja/mtype437.a(rs232.o)
                0x0000000000011c08                rs232_init
                0x0000000000011c0e                rs232_set_speed
                0x0000000000011c1d                rs232_set_input
                0x0000000000011c2b                rs232_send
                0x0000000000011c4f                rs232_print
                0x0000000000011c6b                slip_arch_writeb
 .text          0x0000000000011d50       0xb7 build/cooja/mtype437.a(vib-sensor.o)
 .text          0x0000000000011e07       0x38 build/cooja/mtype437.a(clock.o)
                0x0000000000011e07                clock_init
                0x0000000000011e0d                clock_time
                0x0000000000011e17                clock_seconds
                0x0000000000011e2d                clock_delay
 .text          0x0000000000011e3f      0x219 build/cooja/mtype437.a(cooja-log.o)
                0x0000000000011e3f                simlog_char
                0x0000000000011e82                simlog
                0x0000000000011ef8                log_message
                0x0000000000011f29                log_set_putchar_with_slip
                0x0000000000011f37                log_putchar
                0x0000000000011fb2                log_puts
                0x0000000000011fda                log_printf
 .text          0x0000000000012058      0x2b9 build/cooja/mtype437.a(cfs-cooja.o)
                0x0000000000012058                cfs_open
                0x00000000000120c1                cfs_close
                0x00000000000120ce                cfs_read
                0x0000000000012163                cfs_write
                0x000000000001223f                cfs_seek
                0x00000000000122c7                cfs_remove
                0x00000000000122eb                cfs_opendir
                0x00000000000122f5                cfs_readdir
                0x00000000000122ff                cfs_closedir
 .text          0x0000000000012311      0x620 build/cooja/mtype437.a(cooja-radio.o)
                0x0000000000012353                radio_set_channel
                0x0000000000012361                radio_set_txpower
                0x0000000000012379                radio_signal_strength_last
                0x0000000000012383                radio_signal_strength_current
                0x000000000001238d                radio_LQI
 .text          0x0000000000012931       0xee build/cooja/mtype437.a(eeprom.o)
                0x0000000000012931                eeprom_init
                0x0000000000012937                eeprom_read
                0x00000000000129a5                eeprom_write
 .text          0x0000000000012a1f       0x2d build/cooja/mtype437.a(random.o)
                0x0000000000012a1f                random_init
                0x0000000000012a3f                random_rand
 .text          0x0000000000012a4c      0x29c build/cooja/mtype437.a(sensors.o)
                0x0000000000012a87                sensors_first
                0x0000000000012a91                sensors_next
                0x0000000000012aab                sensors_changed
                0x0000000000012adf                sensors_find
 .text          0x0000000000012ce8      0x349 build/cooja/mtype437.a(leds.o)
                0x0000000000012ce8                leds_init
                0x0000000000012d2f                leds_single_on
                0x0000000000012d8e                leds_single_off
                0x0000000000012ded                leds_single_toggle
                0x0000000000012e1f                leds_on
                0x0000000000012ea1                leds_off
                0x0000000000012f23                leds_toggle
                0x0000000000012f78                leds_set
                0x0000000000012fa4                leds_get
 .text          0x0000000000013031      0x343 build/cooja/mtype437.a(gpio-hal-arch.o)
                0x0000000000013031                gpio_hal_arch_register_pin_callback
                0x000000000001309d                gpio_hal_arch_init
                0x00000000000130e2                gpio_hal_arch_no_port_interrupt_enable
                0x0000000000013112                gpio_hal_arch_no_port_interrupt_disable
                0x0000000000013142                gpio_hal_arch_no_port_pin_cfg_set
                0x0000000000013167                gpio_hal_arch_no_port_pin_cfg_get
                0x000000000001318d                gpio_hal_arch_no_port_pin_set_input
                0x000000000001319f                gpio_hal_arch_no_port_pin_set_output
                0x00000000000131b1                gpio_hal_arch_no_port_set_pin
                0x00000000000131d2                gpio_hal_arch_no_port_clear_pin
                0x00000000000131f3                gpio_hal_arch_no_port_read_pin
                0x0000000000013219                gpio_hal_arch_no_port_write_pin
                0x0000000000013243                gpio_hal_arch_no_port_set_pins
                0x000000000001328a                gpio_hal_arch_no_port_clear_pins
                0x00000000000132d1                gpio_hal_arch_no_port_read_pins
                0x0000000000013314                gpio_hal_arch_no_port_write_pins
 .text          0x0000000000013374       0x89 build/cooja/mtype437.a(buttons.o)
 .text          0x00000000000133fd      0x297 build/cooja/mtype437.a(res_bulbSwitch.)
 .text          0x0000000000013694      0x172 build/cooja/mtype437.a(res_light.o)
 .text          0x0000000000013806      0x27b build/cooja/mtype437.a(coap-blocking-a)
                0x0000000000013806                coap_blocking_request_callback
                0x0000000000013830                coap_blocking_request
 .text          0x0000000000013a81      0xbea build/cooja/mtype437.a(coap-engine.o)
                0x0000000000013b16                coap_add_handler
                0x0000000000013b33                coap_remove_handler
                0x0000000000013b50                coap_call_handlers
                0x0000000000013c58                coap_receive
                0x0000000000014253                coap_engine_init
                0x00000000000142b1                coap_activate_resource
                0x000000000001435c                coap_get_first_resource
                0x0000000000014375                coap_get_next_resource
 .text          0x000000000001466b      0x2d9 build/cooja/mtype437.a(coap-res-well-k)
 .text          0x0000000000014944      0x96a build/cooja/mtype437.a(coap-observe.o)
                0x0000000000014a59                coap_remove_observer
                0x0000000000014a89                coap_remove_observer_by_client
                0x0000000000014af1                coap_remove_observer_by_token
                0x0000000000014b84                coap_remove_observer_by_uri
                0x0000000000014c2b                coap_remove_observer_by_mid
                0x0000000000014ca7                coap_notify_observers
                0x0000000000014cc0                coap_notify_observers_sub
                0x000000000001512a                coap_observe_handler
                0x0000000000015245                coap_has_observers
 .text          0x00000000000152ae      0x733 build/cooja/mtype437.a(coap-uip.o)
                0x00000000000152ae                coap_endpoint_log
                0x0000000000015334                coap_endpoint_print
                0x00000000000153ba                coap_endpoint_snprint
                0x00000000000154ed                coap_endpoint_copy
                0x000000000001552a                coap_endpoint_cmp
                0x0000000000015638                coap_endpoint_parse
                0x0000000000015823                coap_endpoint_is_secure
                0x0000000000015832                coap_endpoint_is_connected
                0x0000000000015866                coap_endpoint_connect
                0x0000000000015882                coap_endpoint_disconnect
                0x0000000000015888                coap_databuf
                0x0000000000015892                coap_transport_init
                0x00000000000158e2                coap_sendto
 .text          0x00000000000159e1      0x324 build/cooja/mtype437.a(coap-timer.o)
                0x0000000000015ade                coap_timer_stop
                0x0000000000015b09                coap_timer_set
                0x0000000000015b4c                coap_timer_reset
                0x0000000000015b8f                coap_timer_time_to_next_expiration
                0x0000000000015bfb                coap_timer_run
                0x0000000000015cc7                coap_timer_init
 .text          0x0000000000015d05      0x2c6 build/cooja/mtype437.a(coap-transactio)
                0x0000000000015d6b                coap_new_transaction
                0x0000000000015dd1                coap_send_transaction
                0x0000000000015f32                coap_clear_transaction
                0x0000000000015f7a                coap_get_transaction_by_mid
 .text          0x0000000000015fcb     0x1c53 build/cooja/mtype437.a(coap.o)
                0x0000000000016538                coap_init_connection
                0x000000000001654c                coap_get_mid
                0x0000000000016568                coap_init_message
                0x00000000000165b1                coap_serialize_message
                0x0000000000016c33                coap_parse_message
                0x000000000001729a                coap_get_query_variable
                0x00000000000172dc                coap_get_post_variable
                0x0000000000017320                coap_set_status_code
                0x0000000000017345                coap_set_token
                0x000000000001738c                coap_get_header_content_format
                0x00000000000173bd                coap_set_header_content_format
                0x00000000000173e0                coap_get_header_accept
                0x0000000000017411                coap_set_header_accept
                0x0000000000017434                coap_get_header_max_age
                0x0000000000017465                coap_set_header_max_age
                0x0000000000017485                coap_get_header_etag
                0x00000000000174b7                coap_set_header_etag
                0x000000000001750e                coap_get_header_if_match
                0x0000000000017540                coap_set_header_if_match
                0x0000000000017597                coap_get_header_if_none_match
                0x00000000000175b1                coap_set_header_if_none_match
                0x00000000000175c8                coap_get_header_proxy_uri
                0x00000000000175f6                coap_set_header_proxy_uri
                0x0000000000017633                coap_get_header_uri_host
                0x0000000000017661                coap_set_header_uri_host
                0x000000000001769e                coap_get_header_uri_path
                0x00000000000176cc                coap_set_header_uri_path
                0x0000000000017719                coap_get_header_uri_query
                0x000000000001774d                coap_set_header_uri_query
                0x00000000000177a3                coap_get_header_location_path
                0x00000000000177d1                coap_set_header_location_path
                0x000000000001786a                coap_get_header_location_query
                0x0000000000017898                coap_set_header_location_query
                0x00000000000178e5                coap_get_header_observe
                0x0000000000017914                coap_set_header_observe
                0x0000000000017934                coap_get_header_block2
                0x00000000000179a0                coap_set_header_block2
                0x0000000000017a17                coap_get_header_block1
                0x0000000000017a8c                coap_set_header_block1
                0x0000000000017b07                coap_get_header_size2
                0x0000000000017b37                coap_set_header_size2
                0x0000000000017b5a                coap_get_header_size1
                0x0000000000017b8a                coap_set_header_size1
                0x0000000000017bad                coap_get_payload
                0x0000000000017be7                coap_set_payload
 .text          0x0000000000017c1e      0x332 build/cooja/mtype437.a(contiki-main.o)
                0x0000000000017c1e                main
 .text          0x0000000000017f50       0x92 build/cooja/mtype437.a(autostart.o)
                0x0000000000017f50                autostart_start
                0x0000000000017f9a                autostart_exit
 .text          0x0000000000017fe2      0x355 build/cooja/mtype437.a(ctimer.o)
                0x000000000001810a                ctimer_init
                0x000000000001813d                ctimer_set
                0x0000000000018163                ctimer_set_with_process
                0x00000000000181e0                ctimer_reset
                0x0000000000018234                ctimer_restart
                0x0000000000018288                ctimer_stop
                0x00000000000182d8                ctimer_expired
 .text          0x0000000000018337      0x394 build/cooja/mtype437.a(log.o)
                0x0000000000018337                log_6addr
                0x000000000001838a                log_6addr_compact_snprint
                0x0000000000018428                log_6addr_compact
                0x000000000001847b                log_lladdr
                0x00000000000184ed                log_lladdr_compact
                0x0000000000018555                log_set_level
                0x0000000000018610                log_get_level
                0x0000000000018689                log_level_to_str
 .text          0x00000000000186cb       0x1b build/cooja/mtype437.a(energest.o)
                0x00000000000186cb                energest_init
                0x00000000000186d1                energest_flush
                0x00000000000186d7                energest_get_total_time
 .text          0x00000000000186e6      0x43f build/cooja/mtype437.a(etimer.o)
                0x000000000001890a                etimer_request_poll
                0x0000000000018993                etimer_set
                0x00000000000189bc                etimer_reset_with_new_interval
                0x00000000000189eb                etimer_reset
                0x0000000000018a11                etimer_restart
                0x0000000000018a37                etimer_adjust
                0x0000000000018a54                etimer_expired
                0x0000000000018a67                etimer_expiration_time
                0x0000000000018a79                etimer_start_time
                0x0000000000018a83                etimer_pending
                0x0000000000018a95                etimer_next_expiration_time
                0x0000000000018aaf                etimer_stop
 .text          0x0000000000018b25       0x25 build/cooja/mtype437.a(node-id.o)
                0x0000000000018b25                node_id_init
 .text          0x0000000000018b4a       0xeb build/cooja/mtype437.a(rtimer.o)
                0x0000000000018b4a                rtimer_init
                0x0000000000018b58                rtimer_set
                0x0000000000018bd3                rtimer_run_next
 .text          0x0000000000018c35      0x4fb build/cooja/mtype437.a(process.o)
                0x0000000000018c35                process_alloc_event
                0x0000000000018c4a                process_start
                0x0000000000018e24                process_exit
                0x0000000000018e41                process_init
                0x0000000000018fd6                process_run
                0x0000000000019009                process_nevents
                0x0000000000019024                process_post
                0x00000000000190b7                process_post_synch
                0x00000000000190ec                process_poll
                0x000000000001911c                process_is_running
 .text          0x0000000000019130       0xb1 build/cooja/mtype437.a(timer.o)
                0x0000000000019130                timer_set
                0x000000000001914e                timer_reset
                0x000000000001917b                timer_restart
                0x0000000000019190                timer_expired
                0x00000000000191bd                timer_remaining
 .text          0x00000000000191e1      0x28f build/cooja/mtype437.a(list.o)
                0x00000000000191e1                list_init
                0x00000000000191f0                list_head
                0x00000000000191fa                list_copy
                0x000000000001920a                list_tail
                0x0000000000019240                list_add
                0x000000000001928c                list_push
                0x00000000000192b8                list_chop
                0x0000000000019322                list_pop
                0x000000000001934a                list_remove
                0x00000000000193b2                list_length
                0x00000000000193e0                list_insert
                0x0000000000019425                list_item_next
                0x000000000001943c                list_contains
 .text          0x0000000000019470      0x1b5 build/cooja/mtype437.a(memb.o)
                0x0000000000019470                memb_init
                0x00000000000194c5                memb_alloc
                0x0000000000019528                memb_free
                0x000000000001959f                memb_inmemb
                0x00000000000195de                memb_numfree
 .text          0x0000000000019625      0x41c build/cooja/mtype437.a(button-hal.o)
                0x000000000001979e                button_hal_get_by_id
                0x00000000000197dc                button_hal_get_by_index
                0x0000000000019808                button_hal_get_state
                0x000000000001985a                button_hal_init
 .text          0x0000000000019a41      0x1f3 build/cooja/mtype437.a(serial-line.o)
                0x0000000000019a41                serial_line_input_byte
                0x0000000000019bff                serial_line_init
 .text          0x0000000000019c34      0x168 build/cooja/mtype437.a(gpio-hal.o)
                0x0000000000019c34                gpio_hal_register_handler
                0x0000000000019c51                gpio_hal_event_handler
                0x0000000000019cad                gpio_hal_init
                0x0000000000019ccc                gpio_hal_arch_port_toggle_pin
                0x0000000000019d08                gpio_hal_arch_port_toggle_pins
                0x0000000000019d36                gpio_hal_arch_no_port_toggle_pin
                0x0000000000019d74                gpio_hal_arch_no_port_toggle_pins
 .text          0x0000000000019d9c      0x2e7 build/cooja/mtype437.a(queuebuf.o)
                0x0000000000019da6                queuebuf_init
                0x0000000000019dcf                queuebuf_numfree
                0x0000000000019de7                queuebuf_new_from_packetbuf
                0x0000000000019e86                queuebuf_update_attr_from_packetbuf
                0x0000000000019ebb                queuebuf_update_from_packetbuf
                0x0000000000019f0b                queuebuf_free
                0x0000000000019f54                queuebuf_to_packetbuf
                0x0000000000019fc0                queuebuf_dataptr
                0x0000000000019ffa                queuebuf_datalen
                0x000000000001a01d                queuebuf_addr
                0x000000000001a052                queuebuf_attr
                0x000000000001a07d                queuebuf_debug_print
 .text          0x000000000001a083      0x407 build/cooja/mtype437.a(packetbuf.o)
                0x000000000001a083                packetbuf_clear
                0x000000000001a0ae                packetbuf_copyfrom
                0x000000000001a0fd                packetbuf_copyto
                0x000000000001a190                packetbuf_hdralloc
                0x000000000001a20c                packetbuf_hdrreduce
                0x000000000001a252                packetbuf_set_datalen
                0x000000000001a26c                packetbuf_dataptr
                0x000000000001a289                packetbuf_hdrptr
                0x000000000001a293                packetbuf_datalen
                0x000000000001a29f                packetbuf_hdrlen
                0x000000000001a2b6                packetbuf_totlen
                0x000000000001a2cc                packetbuf_remaininglen
                0x000000000001a2df                packetbuf_attr_clear
                0x000000000001a32b                packetbuf_attr_copyto
                0x000000000001a383                packetbuf_attr_copyfrom
                0x000000000001a3db                packetbuf_set_attr
                0x000000000001a405                packetbuf_attr
                0x000000000001a41f                packetbuf_set_addr
                0x000000000001a450                packetbuf_addr
                0x000000000001a46d                packetbuf_holds_broadcast
 .text          0x000000000001a48a       0xef build/cooja/mtype437.a(netstack.o)
                0x000000000001a48a                netstack_process_ip_callback
                0x000000000001a51b                netstack_ip_packet_processor_add
                0x000000000001a53e                uip_ds6_ip_packet_processor_rm
                0x000000000001a55b                netstack_init
 .text          0x000000000001a579       0x4f build/cooja/mtype437.a(linkaddr.o)
                0x000000000001a579                linkaddr_copy
                0x000000000001a58f                linkaddr_cmp
                0x000000000001a5b2                linkaddr_set_node_addr
 .text          0x000000000001a5c8      0x1f6 build/cooja/mtype437.a(csma.o)
 .text          0x000000000001a7be      0x95d build/cooja/mtype437.a(csma-output.o)
                0x000000000001ae55                csma_output_packet
                0x000000000001b0e2                csma_output_init
 .text          0x000000000001b11b      0xc11 build/cooja/mtype437.a(uip-ds6.o)
                0x000000000001b11b                uip_ds6_default_prefix
                0x000000000001b125                uip_ds6_set_default_prefix
                0x000000000001b150                uip_ds6_init
                0x000000000001b3b2                uip_ds6_periodic
                0x000000000001b439                uip_ds6_list_loop
                0x000000000001b4f9                uip_ds6_prefix_add
                0x000000000001b5a5                uip_ds6_prefix_rm
                0x000000000001b5b8                uip_ds6_prefix_lookup
                0x000000000001b5f7                uip_ds6_is_addr_onlink
                0x000000000001b66a                uip_ds6_addr_add
                0x000000000001b78a                uip_ds6_addr_rm
                0x000000000001b833                uip_ds6_addr_lookup
                0x000000000001b86c                uip_ds6_get_link_local
                0x000000000001b8ed                uip_ds6_get_global
                0x000000000001b96e                uip_ds6_maddr_add
                0x000000000001b9ce                uip_ds6_maddr_rm
                0x000000000001b9e1                uip_ds6_maddr_lookup
                0x000000000001ba1a                uip_ds6_aaddr_add
                0x000000000001ba7a                uip_ds6_aaddr_rm
                0x000000000001ba8d                uip_ds6_aaddr_lookup
                0x000000000001bac6                uip_ds6_select_src
                0x000000000001bc0f                uip_ds6_set_addr_iid
                0x000000000001bc3a                uip_ds6_set_lladdr_from_iid
                0x000000000001bc63                get_match_length
                0x000000000001bcf4                uip_ds6_compute_reachable_time
 .text          0x000000000001bd2c      0x128 build/cooja/mtype437.a(uip-udp-packet.)
                0x000000000001bd2c                uip_udp_packet_send
                0x000000000001bd87                uip_udp_packet_sendto
 .text          0x000000000001be54      0x35b build/cooja/mtype437.a(uip-ds6-route.o)
                0x000000000001bea5                uip_ds6_route_init
                0x000000000001becf                uip_ds6_route_nexthop
                0x000000000001bed9                uip_ds6_route_head
                0x000000000001bee3                uip_ds6_route_next
                0x000000000001beed                uip_ds6_route_is_nexthop
                0x000000000001bef7                uip_ds6_route_num_routes
                0x000000000001bf01                uip_ds6_route_lookup
                0x000000000001bf0b                uip_ds6_route_add
                0x000000000001bf1e                uip_ds6_route_rm
                0x000000000001bf24                uip_ds6_route_rm_by_nexthop
                0x000000000001bf2a                uip_ds6_defrt_head
                0x000000000001bf43                uip_ds6_defrt_add
                0x000000000001bff1                uip_ds6_defrt_rm
                0x000000000001c057                uip_ds6_defrt_lookup
                0x000000000001c0be                uip_ds6_defrt_choose
                0x000000000001c134                uip_ds6_defrt_periodic
 .text          0x000000000001c1af      0x6f7 build/cooja/mtype437.a(tcpip.o)
                0x000000000001c1c9                tcpip_output
                0x000000000001c248                udp_attach
                0x000000000001c260                udp_new
                0x000000000001c2aa                udp_broadcast_new
                0x000000000001c41c                tcpip_input
                0x000000000001c5ac                tcpip_ipv6_output
                0x000000000001c7a0                tcpip_poll_udp
                0x000000000001c7be                tcpip_uipcall
 .text          0x000000000001c8a6     0x1205 build/cooja/mtype437.a(uip6.o)
                0x000000000001c955                uip_chksum
                0x000000000001ca2c                uip_icmp6chksum
                0x000000000001ca41                uip_udpchksum
                0x000000000001ca56                uip_init
                0x000000000001ca9f                uip_remove_ext_hdr
                0x000000000001cb79                uip_udp_new
                0x000000000001ce8d                uip_process
                0x000000000001d985                uip_htons
                0x000000000001d9a7                uip_htonl
                0x000000000001d9e5                uip_send
 .text          0x000000000001daab      0x369 build/cooja/mtype437.a(uip-ds6-nbr.o)
                0x000000000001daab                uip_ds6_neighbors_init
                0x000000000001dacf                uip_ds6_nbr_add
                0x000000000001db55                uip_ds6_nbr_rm
                0x000000000001dba0                uip_ds6_nbr_update_ll
                0x000000000001dc8e                uip_ds6_nbr_get_ipaddr
                0x000000000001dca3                uip_ds6_nbr_get_ll
                0x000000000001dcbf                uip_ds6_nbr_num
                0x000000000001dd08                uip_ds6_nbr_head
                0x000000000001dd21                uip_ds6_nbr_next
                0x000000000001dd3d                uip_ds6_nbr_lookup
                0x000000000001dd95                uip_ds6_nbr_ll_lookup
                0x000000000001ddb1                uip_ds6_nbr_ipaddr_from_lladdr
                0x000000000001ddda                uip_ds6_nbr_lladdr_from_ipaddr
                0x000000000001de0e                uip_ds6_link_callback
 .text          0x000000000001de14      0x6a7 build/cooja/mtype437.a(uip-nd6.o)
                0x000000000001e4a2                uip_nd6_init
 .text          0x000000000001e4bb     0x2c17 build/cooja/mtype437.a(sicslowpan.o)
                0x000000000001eac2                netstack_sniffer_add
                0x000000000001ead0                netstack_sniffer_remove
                0x00000000000210a6                sicslowpan_init
                0x00000000000210c8                sicslowpan_get_last_rssi
 .text          0x00000000000210d2      0x4d1 build/cooja/mtype437.a(uiplib.o)
                0x00000000000210d2                uiplib_ip6addrconv
                0x000000000002128a                uiplib_ip4addrconv
                0x000000000002134d                uiplib_ipaddr_print
                0x00000000000213a0                uiplib_ipaddr_snprint
 .text          0x00000000000215a3      0x4c9 build/cooja/mtype437.a(rpl.o)
                0x00000000000215a3                rpl_lollipop_greater_than
                0x00000000000215fd                rpl_get_global_address
                0x00000000000216f5                rpl_link_callback
                0x0000000000021739                rpl_has_joined
                0x000000000002175e                rpl_is_reachable
                0x00000000000217df                rpl_reset_prefix
                0x0000000000021849                rpl_set_prefix_from_addr
                0x000000000002192e                rpl_set_prefix
                0x0000000000021a48                rpl_set_leaf_only
                0x0000000000021a60                rpl_get_leaf_only
 .text          0x0000000000021a6c     0x138c build/cooja/mtype437.a(rpl-icmp6.o)
                0x0000000000021b91                rpl_icmp6_update_nbr_table
                0x0000000000021c1a                rpl_icmp6_dis_output
                0x0000000000022260                rpl_icmp6_dio_output
                0x0000000000022a5e                rpl_icmp6_dao_output
                0x0000000000022d3f                rpl_icmp6_dao_ack_output
                0x0000000000022daf                rpl_icmp6_init
 .text          0x0000000000022df8      0x264 build/cooja/mtype437.a(rpl-dag-root.o)
                0x0000000000022df8                rpl_dag_root_print_links
                0x0000000000022f24                rpl_dag_root_set_prefix
                0x0000000000022f50                rpl_dag_root_start
                0x000000000002302d                rpl_dag_root_is_root
 .text          0x000000000002305c       0x30 build/cooja/mtype437.a(watchdog.o)
                0x000000000002305c                watchdog_init
                0x0000000000023062                watchdog_start
                0x0000000000023068                watchdog_periodic
                0x0000000000023080                watchdog_stop
                0x0000000000023086                watchdog_reboot
 .text          0x000000000002308c       0x4a build/cooja/mtype437.a(int-master.o)
                0x000000000002308c                int_master_enable
                0x000000000002309c                int_master_read_and_disable
                0x00000000000230b9                int_master_status_set
                0x00000000000230c7                int_master_is_enabled
 .text          0x00000000000230d6      0x226 build/cooja/mtype437.a(coap-timer-defa)
 .text          0x00000000000232fc       0xc7 build/cooja/mtype437.a(stimer.o)
                0x00000000000232fc                stimer_set
                0x000000000002331a                stimer_reset
                0x0000000000023347                stimer_restart
                0x000000000002335c                stimer_expired
                0x0000000000023387                stimer_remaining
                0x00000000000233ab                stimer_elapsed
 .text          0x00000000000233c3      0x156 build/cooja/mtype437.a(ringbuf.o)
                0x00000000000233c3                ringbuf_init
                0x00000000000233f5                ringbuf_put
                0x0000000000023473                ringbuf_get
                0x00000000000234e0                ringbuf_size
                0x00000000000234f2                ringbuf_elements
 .text          0x0000000000023519       0x1f build/cooja/mtype437.a(assert.o)
                0x0000000000023519                _xassert
 .text          0x0000000000023538      0x79b build/cooja/mtype437.a(nbr-table.o)
                0x00000000000239b1                nbr_table_register
                0x0000000000023a1e                nbr_table_is_registered
                0x0000000000023a59                nbr_table_head
                0x0000000000023ab4                nbr_table_next
                0x0000000000023b15                nbr_table_add_lladdr
                0x0000000000023bef                nbr_table_get_from_lladdr
                0x0000000000023c3b                nbr_table_remove
                0x0000000000023c73                nbr_table_lock
                0x0000000000023c8d                nbr_table_unlock
                0x0000000000023ca7                nbr_table_get_lladdr
 .text          0x0000000000023cd3      0x3a5 build/cooja/mtype437.a(link-stats.o)
                0x0000000000023cd3                link_stats_from_lladdr
                0x0000000000023cef                link_stats_get_lladdr
                0x0000000000023d0b                link_stats_is_fresh
                0x0000000000023d47                guess_etx_from_rssi
                0x0000000000023dc3                link_stats_packet_sent
                0x0000000000023ee3                link_stats_input_callback
                0x0000000000023ff3                link_stats_reset
                0x0000000000024043                link_stats_init
 .text          0x0000000000024078      0x187 build/cooja/mtype437.a(mac-sequence.o)
                0x0000000000024078                mac_sequence_is_duplicate
                0x0000000000024118                mac_sequence_register_seqno
 .text          0x00000000000241ff       0x23 build/cooja/mtype437.a(mac.o)
                0x00000000000241ff                mac_call_sent_callback
 .text          0x0000000000024222      0x432 build/cooja/mtype437.a(framer-802154.o)
                0x00000000000243b1                framer_802154_setup_params
 .text          0x0000000000024654      0xb6f build/cooja/mtype437.a(frame802154.o)
                0x0000000000024685                frame802154_get_pan_id
                0x0000000000024691                frame802154_set_pan_id
                0x00000000000246ab                frame802154_has_panid
                0x000000000002485a                frame802154_check_dest_panid
                0x00000000000248e2                frame802154_is_broadcast_addr
                0x000000000002492f                frame802154_extract_linkaddr
                0x0000000000024b94                frame802154_hdrlen
                0x0000000000024c07                frame802154_create_fcf
                0x0000000000024cbf                frame802154_create
                0x0000000000024e34                frame802154_parse_fcf
                0x0000000000024f16                frame802154_parse
 .text          0x00000000000251c3       0x2d build/cooja/mtype437.a(csma-security.o)
                0x00000000000251c3                csma_security_create_frame
                0x00000000000251e1                csma_security_parse_frame
 .text          0x00000000000251f0      0x4e4 build/cooja/mtype437.a(uipbuf.o)
                0x00000000000251f0                uipbuf_clear
                0x0000000000025217                uipbuf_add_ext_hdr
                0x0000000000025297                uipbuf_set_len
                0x00000000000252c4                uipbuf_set_len_field
                0x00000000000252f0                uipbuf_get_len_field
                0x0000000000025310                uipbuf_get_next_header
                0x0000000000025442                uipbuf_get_last_header
                0x00000000000254bb                uipbuf_search_header
                0x0000000000025571                uipbuf_get_attr
                0x0000000000025598                uipbuf_set_attr
                0x00000000000255cf                uipbuf_set_default_attr
                0x0000000000025606                uipbuf_clear_attr
                0x000000000002562a                uipbuf_set_attr_flag
                0x000000000002564b                uipbuf_clr_attr_flag
                0x0000000000025672                uipbuf_is_attr_flag
                0x0000000000025696                uipbuf_init
 .text          0x00000000000256d4      0x73f build/cooja/mtype437.a(uip-icmp6.o)
                0x0000000000025749                uip_icmp6_input
                0x00000000000257a0                uip_icmp6_register_input_handler
                0x00000000000258f3                uip_icmp6_error_output
                0x0000000000025ba4                uip_icmp6_send
                0x0000000000025d9b                uip_icmp6_echo_reply_callback_add
                0x0000000000025dcd                uip_icmp6_echo_reply_callback_rm
                0x0000000000025dea                uip_icmp6_init
 .text          0x0000000000025e13      0x69b build/cooja/mtype437.a(uip-sr.o)
                0x0000000000025e13                uip_sr_num_nodes
                0x0000000000025ea1                uip_sr_get_node
                0x0000000000025ef8                uip_sr_is_addr_reachable
                0x0000000000025fa6                uip_sr_expire_parent
                0x0000000000025fef                uip_sr_update_node
                0x000000000002611f                uip_sr_init
                0x0000000000026153                uip_sr_node_head
                0x000000000002616c                uip_sr_node_next
                0x0000000000026182                uip_sr_periodic
                0x0000000000026288                uip_sr_free_all
                0x00000000000262f8                uip_sr_link_snprint
 .text          0x00000000000264ae      0x146 build/cooja/mtype437.a(uip-packetqueue)
                0x00000000000264dc                uip_packetqueue_new
                0x00000000000264eb                uip_packetqueue_alloc
                0x0000000000026546                uip_packetqueue_free
                0x000000000002658d                uip_packetqueue_buf
                0x00000000000265aa                uip_packetqueue_buflen
                0x00000000000265cb                uip_packetqueue_set_buflen
 .text          0x00000000000265f4      0x1b0 build/cooja/mtype437.a(rpl-nbr-policy.)
                0x0000000000026761                rpl_nbr_policy_find_removable
 .text          0x00000000000267a4      0x915 build/cooja/mtype437.a(rpl-neighbor.o)
                0x0000000000026820                rpl_neighbor_snprint
                0x0000000000026ad3                rpl_neighbor_print_list
                0x0000000000026b88                rpl_neighbor_count
                0x0000000000026c2f                rpl_neighbor_get_from_lladdr
                0x0000000000026c4b                rpl_neighbor_is_acceptable_parent
                0x0000000000026c7f                rpl_neighbor_get_link_metric
                0x0000000000026cb3                rpl_neighbor_rank_via_nbr
                0x0000000000026ce7                rpl_neighbor_get_lladdr
                0x0000000000026d03                rpl_neighbor_get_ipaddr
                0x0000000000026d2a                rpl_neighbor_get_link_stats
                0x0000000000026d51                rpl_neighbor_is_fresh
                0x0000000000026d78                rpl_neighbor_is_reachable
                0x0000000000026dc3                rpl_neighbor_is_parent
                0x0000000000026ded                rpl_neighbor_set_preferred_parent
                0x0000000000026e84                rpl_neighbor_remove_all
                0x0000000000026ee0                rpl_neighbor_get_from_ipaddr
                0x0000000000026fee                rpl_neighbor_select_best
                0x000000000002709a                rpl_neighbor_init
 .text          0x00000000000270b9      0xe69 build/cooja/mtype437.a(rpl-dag.o)
                0x00000000000270b9                rpl_dag_state_to_str
                0x00000000000270f8                rpl_dag_get_root_ipaddr
                0x0000000000027140                rpl_dag_leave
                0x00000000000271c9                rpl_dag_poison_and_leave
                0x00000000000271e1                rpl_dag_periodic
                0x0000000000027269                rpl_is_addr_in_our_dag
                0x00000000000272ad                rpl_get_default_instance
                0x00000000000272c9                rpl_get_any_dag
                0x0000000000027322                rpl_refresh_routes
                0x0000000000027362                rpl_global_repair
                0x00000000000273fb                rpl_local_repair
                0x0000000000027445                rpl_dag_ready_to_advertise
                0x0000000000027488                rpl_dag_update_state
                0x0000000000027bb5                rpl_process_dio
                0x0000000000027c33                rpl_process_dis
                0x0000000000027c78                rpl_process_dao
                0x0000000000027d07                rpl_process_dao_ack
                0x0000000000027d9e                rpl_process_hbh
                0x0000000000027dee                rpl_dag_init_root
                0x0000000000027f02                rpl_dag_init
 .text          0x0000000000027f22      0x9e7 build/cooja/mtype437.a(rpl-timers.o)
                0x0000000000027f22                rpl_timers_schedule_periodic_dis
                0x0000000000028070                rpl_timers_dio_reset
                0x000000000002817e                rpl_timers_schedule_unicast_dio
                0x00000000000282d2                rpl_timers_schedule_dao
                0x0000000000028391                rpl_timers_schedule_dao_ack
                0x0000000000028417                rpl_timers_notify_dao_ack
                0x0000000000028475                get_probing_delay
                0x00000000000284a9                get_probing_target
                0x0000000000028693                rpl_schedule_probing
                0x00000000000286c1                rpl_schedule_probing_now
                0x000000000002872b                rpl_timers_unschedule_leaving
                0x0000000000028763                rpl_timers_schedule_leaving
                0x00000000000287a4                rpl_timers_init
                0x0000000000028834                rpl_timers_stop_dag_timers
                0x00000000000288ad                rpl_timers_unschedule_state_update
                0x00000000000288d1                rpl_timers_schedule_state_update
 .text          0x0000000000028909      0xb8e build/cooja/mtype437.a(rpl-ext-header.)
                0x0000000000028909                rpl_ext_header_srh_get_next_hop
                0x00000000000289f0                rpl_ext_header_srh_update
                0x0000000000028f5c                rpl_ext_header_hbh_update
                0x000000000002925c                rpl_ext_header_update
                0x00000000000292e5                rpl_ext_header_remove
 .text          0x0000000000029497      0x31b build/cooja/mtype437.a(rpl-mrhof.o)
 *fill*         0x00000000000297b2        0xe 
 .text          0x00000000000297c0      0x122 /usr/lib/gcc/i686-linux-gnu/5/libgcc.a(_udivdi3.o)
                0x00000000000297c0                __udivdi3
 .text          0x00000000000298e2        0x0 /usr/lib/gcc/i686-linux-gnu/5/crtendS.o
 .text          0x00000000000298e2        0x0 /usr/lib/gcc/i686-linux-gnu/5/../../../i386-linux-gnu/crtn.o
 *(.gnu.warning)

.fini           0x00000000000298e4       0x14
 *(SORT(.fini))
 .fini          0x00000000000298e4        0xf /usr/lib/gcc/i686-linux-gnu/5/../../../i386-linux-gnu/crti.o
                0x00000000000298e4                _fini
 .fini          0x00000000000298f3        0x5 /usr/lib/gcc/i686-linux-gnu/5/../../../i386-linux-gnu/crtn.o
                [!provide]                        PROVIDE (__etext, .)
                [!provide]                        PROVIDE (_etext, .)
                [!provide]                        PROVIDE (etext, .)

.rodata         0x0000000000029900      0xb4b
 *(.rodata .rodata.* .gnu.linkonce.r.*)
 .rodata        0x0000000000029900       0x9a light_node.o
                0x000000000002990c                autostart_processes
 *fill*         0x000000000002999a        0x2 
 .rodata        0x000000000002999c        0x8 build/cooja/mtype437.a(beep.o)
                0x000000000002999c                beep_interface
 .rodata        0x00000000000299a4        0xe build/cooja/mtype437.a(leds-arch.o)
                0x00000000000299a4                leds_interface
                0x00000000000299ac                leds_arch_leds
 *fill*         0x00000000000299b2        0x2 
 .rodata        0x00000000000299b4        0x8 build/cooja/mtype437.a(moteid.o)
                0x00000000000299b4                moteid_interface
 .rodata        0x00000000000299bc       0x1c build/cooja/mtype437.a(pir-sensor.o)
                0x00000000000299bc                pir_interface
                0x00000000000299c8                pir_sensor
 .rodata        0x00000000000299d8        0xe build/cooja/mtype437.a(rs232.o)
                0x00000000000299d8                rs232_interface
 *fill*         0x00000000000299e6        0x2 
 .rodata        0x00000000000299e8       0x24 build/cooja/mtype437.a(vib-sensor.o)
                0x00000000000299e8                vib_interface
                0x00000000000299fc                vib_sensor
 .rodata        0x0000000000029a0c        0x8 build/cooja/mtype437.a(clock.o)
                0x0000000000029a0c                clock_interface
 .rodata        0x0000000000029a14        0x8 build/cooja/mtype437.a(cooja-log.o)
                0x0000000000029a14                simlog_interface
 .rodata        0x0000000000029a1c       0x2f build/cooja/mtype437.a(cfs-cooja.o)
                0x0000000000029a1c                cfs_interface
 *fill*         0x0000000000029a4b       0x15 
 .rodata        0x0000000000029a60       0xb8 build/cooja/mtype437.a(cooja-radio.o)
                0x0000000000029a60                radio_interface
                0x0000000000029ae0                cooja_radio_driver
 .rodata        0x0000000000029b18        0x8 build/cooja/mtype437.a(eeprom.o)
                0x0000000000029b18                eeprom_interface
 .rodata        0x0000000000029b20        0x8 build/cooja/mtype437.a(sensors.o)
 .rodata        0x0000000000029b28       0x2c build/cooja/mtype437.a(buttons.o)
                0x0000000000029b28                button_interface
                0x0000000000029b3c                button_hal_button_count
                0x0000000000029b44                button_sensor
 .rodata        0x0000000000029b54       0xc8 build/cooja/mtype437.a(res_bulbSwitch.)
 .rodata        0x0000000000029c1c       0x65 build/cooja/mtype437.a(res_light.o)
 .rodata        0x0000000000029c81       0x41 build/cooja/mtype437.a(coap-engine.o)
 .rodata        0x0000000000029cc2       0x19 build/cooja/mtype437.a(coap-res-well-k)
 .rodata        0x0000000000029cdb       0x11 build/cooja/mtype437.a(coap-observe.o)
 .rodata        0x0000000000029cec       0x35 build/cooja/mtype437.a(coap-uip.o)
 *fill*         0x0000000000029d21        0x3 
 .rodata        0x0000000000029d24      0x1ac build/cooja/mtype437.a(coap.o)
 .rodata        0x0000000000029ed0       0xf8 build/cooja/mtype437.a(contiki-main.o)
 .rodata        0x0000000000029fc8        0xf build/cooja/mtype437.a(ctimer.o)
 *fill*         0x0000000000029fd7        0x1 
 .rodata        0x0000000000029fd8       0xc4 build/cooja/mtype437.a(log.o)
 .rodata        0x000000000002a09c        0xc build/cooja/mtype437.a(etimer.o)
 .rodata        0x000000000002a0a8       0x13 build/cooja/mtype437.a(button-hal.o)
 .rodata        0x000000000002a0bb        0xe build/cooja/mtype437.a(serial-line.o)
 *fill*         0x000000000002a0c9        0x3 
 .rodata        0x000000000002a0cc        0x8 build/cooja/mtype437.a(linkaddr.o)
                0x000000000002a0cc                linkaddr_null
 .rodata        0x000000000002a0d4       0x24 build/cooja/mtype437.a(csma.o)
                0x000000000002a0dc                csma_driver
 .rodata        0x000000000002a0f8       0x2d build/cooja/mtype437.a(csma-output.o)
 *fill*         0x000000000002a125        0x3 
 .rodata        0x000000000002a128       0x4d build/cooja/mtype437.a(uip-ds6-route.o)
 .rodata        0x000000000002a175        0xd build/cooja/mtype437.a(tcpip.o)
 *fill*         0x000000000002a182        0x2 
 .rodata        0x000000000002a184       0x30 build/cooja/mtype437.a(sicslowpan.o)
                0x000000000002a184                unc_llconf
                0x000000000002a188                unc_ctxconf
                0x000000000002a18c                unc_mxconf
                0x000000000002a190                llprefix
                0x000000000002a1a4                sicslowpan_driver
 .rodata        0x000000000002a1b4       0x2d build/cooja/mtype437.a(uiplib.o)
 *fill*         0x000000000002a1e1       0x1f 
 .rodata        0x000000000002a200       0x74 build/cooja/mtype437.a(rpl.o)
                0x000000000002a220                rpl_lite_driver
 .rodata        0x000000000002a274       0x20 build/cooja/mtype437.a(coap-timer-defa)
                0x000000000002a288                coap_timer_default_driver
 .rodata        0x000000000002a294       0x25 build/cooja/mtype437.a(assert.o)
 *fill*         0x000000000002a2b9        0x3 
 .rodata        0x000000000002a2bc        0xc build/cooja/mtype437.a(framer-802154.o)
                0x000000000002a2bc                framer_802154
 .rodata        0x000000000002a2c8       0x44 build/cooja/mtype437.a(uip-sr.o)
 .rodata        0x000000000002a30c       0x58 build/cooja/mtype437.a(rpl-neighbor.o)
 .rodata        0x000000000002a364       0xdb build/cooja/mtype437.a(rpl-dag.o)
 .rodata        0x000000000002a43f        0xc build/cooja/mtype437.a(rpl-timers.o)

.rodata1
 *(.rodata1)

.eh_frame_hdr   0x000000000002a44c     0x19e4
 *(.eh_frame_hdr)
 .eh_frame_hdr  0x000000000002a44c     0x19e4 light_node.o
                0x000000000002a44c                __GNU_EH_FRAME_HDR
 *(.eh_frame_entry .eh_frame_entry.*)

.eh_frame       0x000000000002be30     0x6908
 *(.eh_frame)
 .eh_frame      0x000000000002be30       0x3c /usr/lib/gcc/i686-linux-gnu/5/../../../i386-linux-gnu/crti.o
                                         0x40 (size before relaxing)
 .eh_frame      0x000000000002be6c       0x40 light_node.o
                                         0x58 (size before relaxing)
 .eh_frame      0x000000000002beac      0x178 build/cooja/mtype437.o
                                        0x190 (size before relaxing)
 .eh_frame      0x000000000002c024       0x40 build/cooja/mtype437.a(simEnvChange.o)
                                         0x58 (size before relaxing)
 .eh_frame      0x000000000002c064       0x60 build/cooja/mtype437.a(cooja_mt.o)
                                         0x78 (size before relaxing)
 .eh_frame      0x000000000002c0c4       0x80 build/cooja/mtype437.a(cooja_mtarch.o)
                                         0x98 (size before relaxing)
 .eh_frame      0x000000000002c144       0xc8 build/cooja/mtype437.a(rtimer-arch.o)
                                         0xe0 (size before relaxing)
 .eh_frame      0x000000000002c20c      0x160 build/cooja/mtype437.a(beep.o)
                                        0x178 (size before relaxing)
 .eh_frame      0x000000000002c36c       0x80 build/cooja/mtype437.a(leds-arch.o)
                                         0x98 (size before relaxing)
 .eh_frame      0x000000000002c3ec       0x40 build/cooja/mtype437.a(moteid.o)
                                         0x58 (size before relaxing)
 .eh_frame      0x000000000002c42c       0xa0 build/cooja/mtype437.a(pir-sensor.o)
                                         0xb8 (size before relaxing)
 .eh_frame      0x000000000002c4cc      0x100 build/cooja/mtype437.a(rs232.o)
                                        0x118 (size before relaxing)
 .eh_frame      0x000000000002c5cc       0xa0 build/cooja/mtype437.a(vib-sensor.o)
                                         0xb8 (size before relaxing)
 .eh_frame      0x000000000002c66c       0xc0 build/cooja/mtype437.a(clock.o)
                                         0xd8 (size before relaxing)
 .eh_frame      0x000000000002c72c      0x120 build/cooja/mtype437.a(cooja-log.o)
                                        0x138 (size before relaxing)
 .eh_frame      0x000000000002c84c      0x160 build/cooja/mtype437.a(cfs-cooja.o)
                                        0x178 (size before relaxing)
 .eh_frame      0x000000000002c9ac      0x340 build/cooja/mtype437.a(cooja-radio.o)
                                        0x358 (size before relaxing)
 .eh_frame      0x000000000002ccec       0xa0 build/cooja/mtype437.a(eeprom.o)
                                         0xb8 (size before relaxing)
 .eh_frame      0x000000000002cd8c       0x40 build/cooja/mtype437.a(random.o)
                                         0x58 (size before relaxing)
 .eh_frame      0x000000000002cdcc       0xc0 build/cooja/mtype437.a(sensors.o)
                                         0xd8 (size before relaxing)
 .eh_frame      0x000000000002ce8c      0x120 build/cooja/mtype437.a(leds.o)
                                        0x138 (size before relaxing)
 .eh_frame      0x000000000002cfac      0x220 build/cooja/mtype437.a(gpio-hal-arch.o)
                                        0x238 (size before relaxing)
 .eh_frame      0x000000000002d1cc       0xa0 build/cooja/mtype437.a(buttons.o)
                                         0xb8 (size before relaxing)
 .eh_frame      0x000000000002d26c       0x40 build/cooja/mtype437.a(res_bulbSwitch.)
                                         0x58 (size before relaxing)
 .eh_frame      0x000000000002d2ac       0x40 build/cooja/mtype437.a(res_light.o)
                                         0x58 (size before relaxing)
 .eh_frame      0x000000000002d2ec       0x44 build/cooja/mtype437.a(coap-blocking-a)
                                         0x5c (size before relaxing)
 .eh_frame      0x000000000002d330      0x220 build/cooja/mtype437.a(coap-engine.o)
                                        0x238 (size before relaxing)
 .eh_frame      0x000000000002d550       0x24 build/cooja/mtype437.a(coap-res-well-k)
                                         0x3c (size before relaxing)
 .eh_frame      0x000000000002d574      0x188 build/cooja/mtype437.a(coap-observe.o)
                                        0x1a0 (size before relaxing)
 .eh_frame      0x000000000002d6fc      0x250 build/cooja/mtype437.a(coap-uip.o)
                                        0x268 (size before relaxing)
 .eh_frame      0x000000000002d94c      0x114 build/cooja/mtype437.a(coap-timer.o)
                                        0x12c (size before relaxing)
 .eh_frame      0x000000000002da60      0x100 build/cooja/mtype437.a(coap-transactio)
                                        0x118 (size before relaxing)
 .eh_frame      0x000000000002db60      0x6ec build/cooja/mtype437.a(coap.o)
                                        0x704 (size before relaxing)
 .eh_frame      0x000000000002e24c       0x30 build/cooja/mtype437.a(contiki-main.o)
                                         0x48 (size before relaxing)
 .eh_frame      0x000000000002e27c       0x40 build/cooja/mtype437.a(autostart.o)
                                         0x58 (size before relaxing)
 .eh_frame      0x000000000002e2bc      0x100 build/cooja/mtype437.a(ctimer.o)
                                        0x118 (size before relaxing)
 .eh_frame      0x000000000002e3bc      0x100 build/cooja/mtype437.a(log.o)
                                        0x118 (size before relaxing)
 .eh_frame      0x000000000002e4bc       0x60 build/cooja/mtype437.a(energest.o)
                                         0x78 (size before relaxing)
 .eh_frame      0x000000000002e51c      0x1e0 build/cooja/mtype437.a(etimer.o)
                                        0x1f8 (size before relaxing)
 .eh_frame      0x000000000002e6fc       0x20 build/cooja/mtype437.a(node-id.o)
                                         0x38 (size before relaxing)
 .eh_frame      0x000000000002e71c       0x60 build/cooja/mtype437.a(rtimer.o)
                                         0x78 (size before relaxing)
 .eh_frame      0x000000000002e77c      0x1c4 build/cooja/mtype437.a(process.o)
                                        0x1dc (size before relaxing)
 .eh_frame      0x000000000002e940       0xa4 build/cooja/mtype437.a(timer.o)
                                         0xbc (size before relaxing)
 .eh_frame      0x000000000002e9e4      0x1a0 build/cooja/mtype437.a(list.o)
                                        0x1b8 (size before relaxing)
 .eh_frame      0x000000000002eb84       0xa0 build/cooja/mtype437.a(memb.o)
                                         0xb8 (size before relaxing)
 .eh_frame      0x000000000002ec24      0x144 build/cooja/mtype437.a(button-hal.o)
                                        0x15c (size before relaxing)
 .eh_frame      0x000000000002ed68       0x60 build/cooja/mtype437.a(serial-line.o)
                                         0x78 (size before relaxing)
 .eh_frame      0x000000000002edc8       0xe0 build/cooja/mtype437.a(gpio-hal.o)
                                         0xf8 (size before relaxing)
 .eh_frame      0x000000000002eea8      0x1a0 build/cooja/mtype437.a(queuebuf.o)
                                        0x1b8 (size before relaxing)
 .eh_frame      0x000000000002f048      0x28c build/cooja/mtype437.a(packetbuf.o)
                                        0x2a4 (size before relaxing)
 .eh_frame      0x000000000002f2d4       0x80 build/cooja/mtype437.a(netstack.o)
                                         0x98 (size before relaxing)
 .eh_frame      0x000000000002f354       0x60 build/cooja/mtype437.a(linkaddr.o)
                                         0x78 (size before relaxing)
 .eh_frame      0x000000000002f3b4       0xe0 build/cooja/mtype437.a(csma.o)
                                         0xf8 (size before relaxing)
 .eh_frame      0x000000000002f494      0x1d0 build/cooja/mtype437.a(csma-output.o)
                                        0x1e8 (size before relaxing)
 .eh_frame      0x000000000002f664      0x328 build/cooja/mtype437.a(uip-ds6.o)
                                        0x340 (size before relaxing)
 .eh_frame      0x000000000002f98c       0x40 build/cooja/mtype437.a(uip-udp-packet.)
                                         0x58 (size before relaxing)
 .eh_frame      0x000000000002f9cc      0x220 build/cooja/mtype437.a(uip-ds6-route.o)
                                        0x238 (size before relaxing)
 .eh_frame      0x000000000002fbec      0x244 build/cooja/mtype437.a(tcpip.o)
                                        0x25c (size before relaxing)
 .eh_frame      0x000000000002fe30      0x1e8 build/cooja/mtype437.a(uip6.o)
                                        0x200 (size before relaxing)
 .eh_frame      0x0000000000030018      0x1c0 build/cooja/mtype437.a(uip-ds6-nbr.o)
                                        0x1d8 (size before relaxing)
 .eh_frame      0x00000000000301d8       0x84 build/cooja/mtype437.a(uip-nd6.o)
                                         0x9c (size before relaxing)
 .eh_frame      0x000000000003025c      0x2f8 build/cooja/mtype437.a(sicslowpan.o)
                                        0x310 (size before relaxing)
 .eh_frame      0x0000000000030554       0x88 build/cooja/mtype437.a(uiplib.o)
                                         0xa0 (size before relaxing)
 .eh_frame      0x00000000000305dc      0x1e0 build/cooja/mtype437.a(rpl.o)
                                        0x1f8 (size before relaxing)
 .eh_frame      0x00000000000307bc      0x1c4 build/cooja/mtype437.a(rpl-icmp6.o)
                                        0x1dc (size before relaxing)
 .eh_frame      0x0000000000030980       0xa0 build/cooja/mtype437.a(rpl-dag-root.o)
                                         0xb8 (size before relaxing)
 .eh_frame      0x0000000000030a20       0xa0 build/cooja/mtype437.a(watchdog.o)
                                         0xb8 (size before relaxing)
 .eh_frame      0x0000000000030ac0       0x80 build/cooja/mtype437.a(int-master.o)
                                         0x98 (size before relaxing)
 .eh_frame      0x0000000000030b40       0xa4 build/cooja/mtype437.a(coap-timer-defa)
                                         0xbc (size before relaxing)
 .eh_frame      0x0000000000030be4       0xc4 build/cooja/mtype437.a(stimer.o)
                                         0xdc (size before relaxing)
 .eh_frame      0x0000000000030ca8       0xa0 build/cooja/mtype437.a(ringbuf.o)
                                         0xb8 (size before relaxing)
 .eh_frame      0x0000000000030d48       0x20 build/cooja/mtype437.a(assert.o)
                                         0x38 (size before relaxing)
 .eh_frame      0x0000000000030d68      0x2ac build/cooja/mtype437.a(nbr-table.o)
                                        0x2c4 (size before relaxing)
 .eh_frame      0x0000000000031014      0x120 build/cooja/mtype437.a(link-stats.o)
                                        0x138 (size before relaxing)
 .eh_frame      0x0000000000031134       0x48 build/cooja/mtype437.a(mac-sequence.o)
                                         0x60 (size before relaxing)
 .eh_frame      0x000000000003117c       0x20 build/cooja/mtype437.a(mac.o)
                                         0x38 (size before relaxing)
 .eh_frame      0x000000000003119c       0xa4 build/cooja/mtype437.a(framer-802154.o)
                                         0xbc (size before relaxing)
 .eh_frame      0x0000000000031240      0x1a4 build/cooja/mtype437.a(frame802154.o)
                                        0x1bc (size before relaxing)
 .eh_frame      0x00000000000313e4       0x40 build/cooja/mtype437.a(csma-security.o)
                                         0x58 (size before relaxing)
 .eh_frame      0x0000000000031424      0x200 build/cooja/mtype437.a(uipbuf.o)
                                        0x218 (size before relaxing)
 .eh_frame      0x0000000000031624      0x150 build/cooja/mtype437.a(uip-icmp6.o)
                                        0x168 (size before relaxing)
 .eh_frame      0x0000000000031774      0x184 build/cooja/mtype437.a(uip-sr.o)
                                        0x19c (size before relaxing)
 .eh_frame      0x00000000000318f8       0xe0 build/cooja/mtype437.a(uip-packetqueue)
                                         0xf8 (size before relaxing)
 .eh_frame      0x00000000000319d8       0x80 build/cooja/mtype437.a(rpl-nbr-policy.)
                                         0x98 (size before relaxing)
 .eh_frame      0x0000000000031a58      0x2d4 build/cooja/mtype437.a(rpl-neighbor.o)
                                        0x2ec (size before relaxing)
 .eh_frame      0x0000000000031d2c      0x370 build/cooja/mtype437.a(rpl-dag.o)
                                        0x388 (size before relaxing)
 .eh_frame      0x000000000003209c      0x3a8 build/cooja/mtype437.a(rpl-timers.o)
                                        0x3c0 (size before relaxing)
 .eh_frame      0x0000000000032444      0x124 build/cooja/mtype437.a(rpl-ext-header.)
                                        0x13c (size before relaxing)
 .eh_frame      0x0000000000032568      0x148 build/cooja/mtype437.a(rpl-mrhof.o)
                                        0x160 (size before relaxing)
 .eh_frame      0x00000000000326b0       0x84 /usr/lib/gcc/i686-linux-gnu/5/libgcc.a(_udivdi3.o)
                                         0x9c (size before relaxing)
 .eh_frame      0x0000000000032734        0x4 /usr/lib/gcc/i686-linux-gnu/5/crtendS.o
 *(.eh_frame.*)

.gcc_except_table
 *(.gcc_except_table .gcc_except_table.*)

.gnu_extab
 *(.gnu_extab*)

.exception_ranges
 *(.exception_ranges .exception_ranges*)
                0x0000000000033f10                . = DATA_SEGMENT_ALIGN (0x1000, 0x1000)

.eh_frame
 *(.eh_frame)
 *(.eh_frame.*)

.gnu_extab
 *(.gnu_extab)

.gcc_except_table
 *(.gcc_except_table .gcc_except_table.*)

.exception_ranges
 *(.exception_ranges .exception_ranges*)

.tdata
 *(.tdata .tdata.* .gnu.linkonce.td.*)

.tbss
 *(.tbss .tbss.* .gnu.linkonce.tb.*)
 *(.tcommon)

.preinit_array
 *(.preinit_array)

.init_array     0x0000000000033f10        0x4
 *(SORT(.init_array.*) SORT(.ctors.*))
 *(.init_array EXCLUDE_FILE(*crtend?.o *crtend.o *crtbegin?.o *crtbegin.o) .ctors)
 .init_array    0x0000000000033f10        0x4 /usr/lib/gcc/i686-linux-gnu/5/crtbeginS.o

.fini_array     0x0000000000033f14        0x4
 *(SORT(.fini_array.*) SORT(.dtors.*))
 *(.fini_array EXCLUDE_FILE(*crtend?.o *crtend.o *crtbegin?.o *crtbegin.o) .dtors)
 .fini_array    0x0000000000033f14        0x4 /usr/lib/gcc/i686-linux-gnu/5/crtbeginS.o

.ctors
 *crtbegin.o(.ctors)
 *crtbegin?.o(.ctors)
 *(EXCLUDE_FILE(*crtend?.o *crtend.o) .ctors)
 *(SORT(.ctors.*))
 *(.ctors)

.dtors
 *crtbegin.o(.dtors)
 *crtbegin?.o(.dtors)
 *(EXCLUDE_FILE(*crtend?.o *crtend.o) .dtors)
 *(SORT(.dtors.*))
 *(.dtors)

.jcr            0x0000000000033f18        0x4
 *(.jcr)
 .jcr           0x0000000000033f18        0x0 /usr/lib/gcc/i686-linux-gnu/5/crtbeginS.o
 .jcr           0x0000000000033f18        0x4 /usr/lib/gcc/i686-linux-gnu/5/crtendS.o

.data.rel.ro
 *(.data.rel.ro.local* .gnu.linkonce.d.rel.ro.local.*)
 *(.data.rel.ro .data.rel.ro.* .gnu.linkonce.d.rel.ro.*)

.dynamic        0x0000000000033f1c       0xd0
 *(.dynamic)
 .dynamic       0x0000000000033f1c       0xd0 /usr/lib/gcc/i686-linux-gnu/5/../../../i386-linux-gnu/crti.o
                0x0000000000033f1c                _DYNAMIC

.got            0x0000000000033fec       0x14
 *(.got)
 .got           0x0000000000033fec       0x14 /usr/lib/gcc/i686-linux-gnu/5/../../../i386-linux-gnu/crti.o
 *(.igot)
                0x0000000000034ff4                . = DATA_SEGMENT_RELRO_END (., (SIZEOF (.got.plt) >= 0xc)?0xc:0x0)

.got.plt        0x0000000000034000        0xc
 *(.got.plt)
 .got.plt       0x0000000000034000        0xc /usr/lib/gcc/i686-linux-gnu/5/../../../i386-linux-gnu/crti.o
                0x0000000000034000                _GLOBAL_OFFSET_TABLE_
 *(.igot.plt)

.data           0x0000000000034020      0x4a4
 *(.data .data.* .gnu.linkonce.d.*)
 .data          0x0000000000034020        0x0 /usr/lib/gcc/i686-linux-gnu/5/../../../i386-linux-gnu/crti.o
 .data          0x0000000000034020        0x0 /usr/lib/gcc/i686-linux-gnu/5/crtbeginS.o
 .data.rel.local
                0x0000000000034020        0x4 /usr/lib/gcc/i686-linux-gnu/5/crtbeginS.o
                0x0000000000034020                __dso_handle
 .data          0x0000000000034024       0x14 light_node.o
                0x0000000000034028                light_node
 *fill*         0x0000000000034038        0x8 
 .data          0x0000000000034040       0x44 build/cooja/mtype437.o
                0x0000000000034040                simInterfaces
                0x0000000000034074                sensors
 .data          0x0000000000034084        0x0 build/cooja/mtype437.a(simEnvChange.o)
 .data          0x0000000000034084        0x0 build/cooja/mtype437.a(cooja_mt.o)
 .data          0x0000000000034084        0x0 build/cooja/mtype437.a(cooja_mtarch.o)
 .data          0x0000000000034084        0x0 build/cooja/mtype437.a(rtimer-arch.o)
 .data          0x0000000000034084        0x0 build/cooja/mtype437.a(beep.o)
 .data          0x0000000000034084        0x0 build/cooja/mtype437.a(leds-arch.o)
 .data          0x0000000000034084        0x0 build/cooja/mtype437.a(moteid.o)
 .data          0x0000000000034084        0x0 build/cooja/mtype437.a(pir-sensor.o)
 .data          0x0000000000034084        0x0 build/cooja/mtype437.a(rs232.o)
 .data          0x0000000000034084        0x0 build/cooja/mtype437.a(vib-sensor.o)
 .data          0x0000000000034084        0x0 build/cooja/mtype437.a(clock.o)
 .data          0x0000000000034084        0x0 build/cooja/mtype437.a(cooja-log.o)
 .data          0x0000000000034084        0x0 build/cooja/mtype437.a(cfs-cooja.o)
 .data          0x0000000000034084       0x2c build/cooja/mtype437.a(cooja-radio.o)
                0x0000000000034084                simRadioHWOn
                0x0000000000034088                simSignalStrength
                0x000000000003408c                simLastSignalStrength
                0x0000000000034090                simPower
                0x0000000000034094                simRadioChannel
                0x0000000000034098                simLQI
                0x00000000000340a0                cooja_radio_process
 .data          0x00000000000340b0        0x0 build/cooja/mtype437.a(eeprom.o)
 .data          0x00000000000340b0        0x0 build/cooja/mtype437.a(random.o)
 .data          0x00000000000340b0       0x10 build/cooja/mtype437.a(sensors.o)
                0x00000000000340b0                sensors_process
 .data          0x00000000000340c0        0x0 build/cooja/mtype437.a(leds.o)
 .data          0x00000000000340c0        0x0 build/cooja/mtype437.a(gpio-hal-arch.o)
 .data          0x00000000000340c0       0x78 build/cooja/mtype437.a(buttons.o)
                0x00000000000340c0                simButtonIsActive
                0x0000000000034130                button_hal_buttons
 *fill*         0x0000000000034138        0x8 
 .data          0x0000000000034140       0x24 build/cooja/mtype437.a(res_bulbSwitch.)
                0x0000000000034140                res_bulbSwitch
 *fill*         0x0000000000034164       0x1c 
 .data          0x0000000000034180       0x44 build/cooja/mtype437.a(res_light.o)
                0x00000000000341a0                res_light
 .data          0x00000000000341c4        0x0 build/cooja/mtype437.a(coap-blocking-a)
 .data          0x00000000000341c4        0x8 build/cooja/mtype437.a(coap-engine.o)
 *fill*         0x00000000000341cc       0x14 
 .data          0x00000000000341e0       0x24 build/cooja/mtype437.a(coap-res-well-k)
                0x00000000000341e0                res_well_known_core
 .data          0x0000000000034204       0x10 build/cooja/mtype437.a(coap-observe.o)
 .data          0x0000000000034214       0x10 build/cooja/mtype437.a(coap-uip.o)
                0x0000000000034214                coap_engine
 .data          0x0000000000034224        0x4 build/cooja/mtype437.a(coap-timer.o)
 .data          0x0000000000034228       0x10 build/cooja/mtype437.a(coap-transactio)
 .data          0x0000000000034238        0x4 build/cooja/mtype437.a(coap.o)
                0x0000000000034238                coap_error_message
 .data          0x000000000003423c        0x0 build/cooja/mtype437.a(contiki-main.o)
 .data          0x000000000003423c        0x0 build/cooja/mtype437.a(autostart.o)
 .data          0x000000000003423c       0x14 build/cooja/mtype437.a(ctimer.o)
                0x0000000000034240                ctimer_process
 *fill*         0x0000000000034250       0x10 
 .data          0x0000000000034260       0xbc build/cooja/mtype437.a(log.o)
                0x0000000000034260                curr_log_level_main
                0x0000000000034280                all_modules
 .data          0x000000000003431c        0x0 build/cooja/mtype437.a(energest.o)
 .data          0x000000000003431c       0x10 build/cooja/mtype437.a(etimer.o)
                0x000000000003431c                etimer_process
 .data          0x000000000003432c        0x0 build/cooja/mtype437.a(node-id.o)
 .data          0x000000000003432c        0x0 build/cooja/mtype437.a(rtimer.o)
 .data          0x000000000003432c        0x0 build/cooja/mtype437.a(process.o)
 .data          0x000000000003432c        0x0 build/cooja/mtype437.a(timer.o)
 .data          0x000000000003432c        0x0 build/cooja/mtype437.a(list.o)
 .data          0x000000000003432c        0x0 build/cooja/mtype437.a(memb.o)
 .data          0x000000000003432c       0x10 build/cooja/mtype437.a(button-hal.o)
                0x000000000003432c                button_hal_process
 .data          0x000000000003433c       0x10 build/cooja/mtype437.a(serial-line.o)
                0x000000000003433c                serial_line_process
 .data          0x000000000003434c        0x4 build/cooja/mtype437.a(gpio-hal.o)
 .data          0x0000000000034350       0x18 build/cooja/mtype437.a(queuebuf.o)
 .data          0x0000000000034368        0x4 build/cooja/mtype437.a(packetbuf.o)
 .data          0x000000000003436c        0x4 build/cooja/mtype437.a(netstack.o)
 .data          0x0000000000034370        0x0 build/cooja/mtype437.a(linkaddr.o)
 .data          0x0000000000034370        0x0 build/cooja/mtype437.a(csma.o)
 .data          0x0000000000034370       0x28 build/cooja/mtype437.a(csma-output.o)
 .data          0x0000000000034398        0x0 build/cooja/mtype437.a(uip-ds6.o)
 .data          0x0000000000034398        0x0 build/cooja/mtype437.a(uip-udp-packet.)
 .data          0x0000000000034398       0x10 build/cooja/mtype437.a(uip-ds6-route.o)
 .data          0x00000000000343a8       0x10 build/cooja/mtype437.a(tcpip.o)
                0x00000000000343a8                tcpip_process
 .data          0x00000000000343b8        0x0 build/cooja/mtype437.a(uip6.o)
 .data          0x00000000000343b8       0x14 build/cooja/mtype437.a(uip-ds6-nbr.o)
 .data          0x00000000000343cc        0xc build/cooja/mtype437.a(uip-nd6.o)
 .data          0x00000000000343d8        0x0 build/cooja/mtype437.a(sicslowpan.o)
 .data          0x00000000000343d8        0x0 build/cooja/mtype437.a(uiplib.o)
 .data          0x00000000000343d8        0x0 build/cooja/mtype437.a(rpl.o)
 .data          0x00000000000343d8       0x30 build/cooja/mtype437.a(rpl-icmp6.o)
 .data          0x0000000000034408        0x0 build/cooja/mtype437.a(rpl-dag-root.o)
 .data          0x0000000000034408        0x0 build/cooja/mtype437.a(watchdog.o)
 .data          0x0000000000034408        0x0 build/cooja/mtype437.a(int-master.o)
 .data          0x0000000000034408       0x10 build/cooja/mtype437.a(coap-timer-defa)
                0x0000000000034408                coap_timer_process
 .data          0x0000000000034418        0x0 build/cooja/mtype437.a(stimer.o)
 .data          0x0000000000034418        0x0 build/cooja/mtype437.a(ringbuf.o)
 .data          0x0000000000034418        0x0 build/cooja/mtype437.a(assert.o)
 .data          0x0000000000034418       0x10 build/cooja/mtype437.a(nbr-table.o)
 .data          0x0000000000034428       0x14 build/cooja/mtype437.a(link-stats.o)
 .data          0x000000000003443c        0x0 build/cooja/mtype437.a(mac-sequence.o)
 .data          0x000000000003443c        0x0 build/cooja/mtype437.a(mac.o)
 .data          0x000000000003443c        0x0 build/cooja/mtype437.a(framer-802154.o)
 .data          0x000000000003443c        0x2 build/cooja/mtype437.a(frame802154.o)
 .data          0x000000000003443e        0x0 build/cooja/mtype437.a(csma-security.o)
 .data          0x000000000003443e        0x0 build/cooja/mtype437.a(uipbuf.o)
 *fill*         0x000000000003443e        0x2 
 .data          0x0000000000034440       0x20 build/cooja/mtype437.a(uip-icmp6.o)
 .data          0x0000000000034460       0x10 build/cooja/mtype437.a(uip-sr.o)
 .data          0x0000000000034470        0xc build/cooja/mtype437.a(uip-packetqueue)
 .data          0x000000000003447c        0x0 build/cooja/mtype437.a(rpl-nbr-policy.)
 .data          0x000000000003447c       0x14 build/cooja/mtype437.a(rpl-neighbor.o)
                0x000000000003448c                rpl_neighbors
 .data          0x0000000000034490        0x0 build/cooja/mtype437.a(rpl-dag.o)
 .data          0x0000000000034490        0x0 build/cooja/mtype437.a(rpl-timers.o)
 .data          0x0000000000034490        0x0 build/cooja/mtype437.a(rpl-ext-header.)
 *fill*         0x0000000000034490       0x10 
 .data          0x00000000000344a0       0x24 build/cooja/mtype437.a(rpl-mrhof.o)
                0x00000000000344a0                rpl_mrhof
 .data          0x00000000000344c4        0x0 /usr/lib/gcc/i686-linux-gnu/5/libgcc.a(_udivdi3.o)
 .data          0x00000000000344c4        0x0 /usr/lib/gcc/i686-linux-gnu/5/crtendS.o
 .data          0x00000000000344c4        0x0 /usr/lib/gcc/i686-linux-gnu/5/../../../i386-linux-gnu/crtn.o

.tm_clone_table
                0x00000000000344c4        0x0
 .tm_clone_table
                0x00000000000344c4        0x0 /usr/lib/gcc/i686-linux-gnu/5/crtbeginS.o
 .tm_clone_table
                0x00000000000344c4        0x0 /usr/lib/gcc/i686-linux-gnu/5/crtendS.o

.data1
 *(.data1)
                0x00000000000344c4                _edata = .
                [!provide]                        PROVIDE (edata, .)
                0x00000000000344c4                . = .
                0x00000000000344c4                __bss_start = .

.bss            0x00000000000344e0    0x13f64
 *(.dynbss)
 .dynbss        0x00000000000344e0        0x0 /usr/lib/gcc/i686-linux-gnu/5/../../../i386-linux-gnu/crti.o
 *(.bss .bss.* .gnu.linkonce.b.*)
 .bss           0x00000000000344e0        0x0 /usr/lib/gcc/i686-linux-gnu/5/../../../i386-linux-gnu/crti.o
 .bss           0x00000000000344e0        0x1 /usr/lib/gcc/i686-linux-gnu/5/crtbeginS.o
 *fill*         0x00000000000344e1       0x1f 
 .bss           0x0000000000034500      0x10c light_node.o
 *fill*         0x000000000003460c       0x14 
 .bss           0x0000000000034620     0x2030 build/cooja/mtype437.o
 .bss           0x0000000000036650        0x1 build/cooja/mtype437.a(simEnvChange.o)
                0x0000000000036650                simDontFallAsleep
 *fill*         0x0000000000036651        0x3 
 .bss           0x0000000000036654        0x4 build/cooja/mtype437.a(cooja_mt.o)
 .bss           0x0000000000036658        0x4 build/cooja/mtype437.a(cooja_mtarch.o)
 .bss           0x000000000003665c        0x0 build/cooja/mtype437.a(rtimer-arch.o)
 .bss           0x000000000003665c        0x0 build/cooja/mtype437.a(beep.o)
 .bss           0x000000000003665c        0x1 build/cooja/mtype437.a(leds-arch.o)
                0x000000000003665c                simLedsValue
 .bss           0x000000000003665d        0x0 build/cooja/mtype437.a(moteid.o)
 .bss           0x000000000003665d        0x1 build/cooja/mtype437.a(pir-sensor.o)
                0x000000000003665d                simPirValue
 *fill*         0x000000000003665e        0x2 
 .bss           0x0000000000036660        0x4 build/cooja/mtype437.a(rs232.o)
 .bss           0x0000000000036664        0x1 build/cooja/mtype437.a(vib-sensor.o)
                0x0000000000036664                simVibValue
 .bss           0x0000000000036665        0x0 build/cooja/mtype437.a(clock.o)
 *fill*         0x0000000000036665       0x1b 
 .bss           0x0000000000036680     0x2020 build/cooja/mtype437.a(cooja-log.o)
 .bss           0x00000000000386a0      0xfc0 build/cooja/mtype437.a(cfs-cooja.o)
                0x00000000000386a0                simCFSData
                0x0000000000039640                simCFSSize
                0x0000000000039644                simCFSChanged
                0x0000000000039648                simCFSRead
                0x000000000003964c                simCFSWritten
 .bss           0x0000000000039660       0x24 build/cooja/mtype437.a(cooja-radio.o)
                0x0000000000039660                simReceiving
                0x0000000000039664                simInSize
                0x0000000000039668                simLastPacketTimestamp
                0x0000000000039670                simOutSize
 .bss           0x0000000000039684        0xc build/cooja/mtype437.a(eeprom.o)
                0x0000000000039684                simEEPROMChanged
                0x0000000000039688                simEEPROMRead
                0x000000000003968c                simEEPROMWritten
 .bss           0x0000000000039690        0x0 build/cooja/mtype437.a(random.o)
 .bss           0x0000000000039690        0xc build/cooja/mtype437.a(sensors.o)
 .bss           0x000000000003969c        0x0 build/cooja/mtype437.a(leds.o)
 .bss           0x000000000003969c       0x24 build/cooja/mtype437.a(gpio-hal-arch.o)
 .bss           0x00000000000396c0        0x0 build/cooja/mtype437.a(buttons.o)
 .bss           0x00000000000396c0        0x4 build/cooja/mtype437.a(res_bulbSwitch.)
 .bss           0x00000000000396c4        0x0 build/cooja/mtype437.a(res_light.o)
 .bss           0x00000000000396c4        0x0 build/cooja/mtype437.a(coap-blocking-a)
 *fill*         0x00000000000396c4       0x1c 
 .bss           0x00000000000396e0      0x190 build/cooja/mtype437.a(coap-engine.o)
 .bss           0x0000000000039870        0x0 build/cooja/mtype437.a(coap-res-well-k)
 *fill*         0x0000000000039870       0x10 
 .bss           0x0000000000039880      0x120 build/cooja/mtype437.a(coap-observe.o)
 .bss           0x00000000000399a0       0x18 build/cooja/mtype437.a(coap-uip.o)
 .bss           0x00000000000399b8        0x5 build/cooja/mtype437.a(coap-timer.o)
 *fill*         0x00000000000399bd        0x3 
 .bss           0x00000000000399c0      0x334 build/cooja/mtype437.a(coap-transactio)
 .bss           0x0000000000039cf4        0x6 build/cooja/mtype437.a(coap.o)
                0x0000000000039cf4                coap_status_code
 .bss           0x0000000000039cfa        0x0 build/cooja/mtype437.a(contiki-main.o)
 .bss           0x0000000000039cfa        0x0 build/cooja/mtype437.a(autostart.o)
 *fill*         0x0000000000039cfa        0x2 
 .bss           0x0000000000039cfc        0x5 build/cooja/mtype437.a(ctimer.o)
 *fill*         0x0000000000039d01        0x3 
 .bss           0x0000000000039d04       0x2c build/cooja/mtype437.a(log.o)
                0x0000000000039d04                curr_log_level_rpl
                0x0000000000039d08                curr_log_level_tcpip
                0x0000000000039d0c                curr_log_level_ipv6
                0x0000000000039d10                curr_log_level_6lowpan
                0x0000000000039d14                curr_log_level_nullnet
                0x0000000000039d18                curr_log_level_mac
                0x0000000000039d1c                curr_log_level_framer
                0x0000000000039d20                curr_log_level_6top
                0x0000000000039d24                curr_log_level_coap
                0x0000000000039d28                curr_log_level_snmp
                0x0000000000039d2c                curr_log_level_lwm2m
 .bss           0x0000000000039d30        0x0 build/cooja/mtype437.a(energest.o)
 .bss           0x0000000000039d30        0x8 build/cooja/mtype437.a(etimer.o)
 .bss           0x0000000000039d38        0x2 build/cooja/mtype437.a(node-id.o)
                0x0000000000039d38                node_id
 *fill*         0x0000000000039d3a        0x2 
 .bss           0x0000000000039d3c        0x4 build/cooja/mtype437.a(rtimer.o)
 .bss           0x0000000000039d40      0x1a1 build/cooja/mtype437.a(process.o)
                0x0000000000039d40                process_list
                0x0000000000039d44                process_current
 .bss           0x0000000000039ee1        0x0 build/cooja/mtype437.a(timer.o)
 .bss           0x0000000000039ee1        0x0 build/cooja/mtype437.a(list.o)
 .bss           0x0000000000039ee1        0x0 build/cooja/mtype437.a(memb.o)
 *fill*         0x0000000000039ee1        0x3 
 .bss           0x0000000000039ee4       0x10 build/cooja/mtype437.a(button-hal.o)
 *fill*         0x0000000000039ef4        0xc 
 .bss           0x0000000000039f00      0x140 build/cooja/mtype437.a(serial-line.o)
 .bss           0x000000000003a040        0x4 build/cooja/mtype437.a(gpio-hal.o)
 *fill*         0x000000000003a044       0x1c 
 .bss           0x000000000003a060     0x2c80 build/cooja/mtype437.a(queuebuf.o)
 .bss           0x000000000003cce0       0xa0 build/cooja/mtype437.a(packetbuf.o)
 .bss           0x000000000003cd80        0x4 build/cooja/mtype437.a(netstack.o)
 .bss           0x000000000003cd84        0x0 build/cooja/mtype437.a(linkaddr.o)
 .bss           0x000000000003cd84        0x0 build/cooja/mtype437.a(csma.o)
 *fill*         0x000000000003cd84       0x1c 
 .bss           0x000000000003cda0      0x726 build/cooja/mtype437.a(csma-output.o)
 *fill*         0x000000000003d4c6        0x2 
 .bss           0x000000000003d4c8       0x30 build/cooja/mtype437.a(uip-ds6.o)
 .bss           0x000000000003d4f8        0x0 build/cooja/mtype437.a(uip-udp-packet.)
 *fill*         0x000000000003d4f8        0x8 
 .bss           0x000000000003d500       0x60 build/cooja/mtype437.a(uip-ds6-route.o)
 .bss           0x000000000003d560       0x10 build/cooja/mtype437.a(tcpip.o)
 .bss           0x000000000003d570        0x8 build/cooja/mtype437.a(uip6.o)
                0x000000000003d570                uip_ext_bitmap
                0x000000000003d572                uip_ext_len
                0x000000000003d574                uip_last_proto
 *fill*         0x000000000003d578        0x8 
 .bss           0x000000000003d580     0x1c20 build/cooja/mtype437.a(uip-ds6-nbr.o)
 .bss           0x000000000003f1a0       0x10 build/cooja/mtype437.a(uip-nd6.o)
 *fill*         0x000000000003f1b0       0x10 