Archive member included to satisfy reference by file (symbol)

build/native/contiki-ng-native.a(res_light.o)
                              light_node.o (res_light)
build/native/contiki-ng-native.a(coap-blocking-a)
                              light_node.o (coap_blocking_request)
build/native/contiki-ng-native.a(coap-engine.o)
                              light_node.o (coap_activate_resource)
build/native/contiki-ng-native.a(coap-res-well-k)
                              build/native/contiki-ng-native.a(coap-engine.o) (res_well_known_core)
build/native/contiki-ng-native.a(coap-observe.o)
                              build/native/contiki-ng-native.a(coap-engine.o) (coap_remove_observer_by_mid)
build/native/contiki-ng-native.a(coap-uip.o)
                              build/native/contiki-ng-native.a(coap-observe.o) (coap_endpoint_copy)
build/native/contiki-ng-native.a(coap-timer.o)
                              build/native/contiki-ng-native.a(coap-engine.o) (coap_timer_set)
build/native/contiki-ng-native.a(coap-transactio)
                              build/native/contiki-ng-native.a(coap-blocking-a) (coap_new_transaction)
build/native/contiki-ng-native.a(coap.o)
                              build/native/contiki-ng-native.a(coap-engine.o) (coap_init_connection)
build/native/contiki-ng-native.a(contiki-main.o)
                              /usr/lib/gcc/x86_64-linux-gnu/7/../../../x86_64-linux-gnu/Scrt1.o (main)
build/native/contiki-ng-native.a(autostart.o)
                              build/native/contiki-ng-native.a(contiki-main.o) (autostart_start)
build/native/contiki-ng-native.a(ctimer.o)
                              build/native/contiki-ng-native.a(contiki-main.o) (ctimer_init)
build/native/contiki-ng-native.a(log.o)
                              build/native/contiki-ng-native.a(coap-uip.o) (log_6addr)
build/native/contiki-ng-native.a(energest.o)
                              build/native/contiki-ng-native.a(contiki-main.o) (energest_init)
build/native/contiki-ng-native.a(etimer.o)
                              build/native/contiki-ng-native.a(contiki-main.o) (etimer_process)
build/native/contiki-ng-native.a(node-id.o)
                              build/native/contiki-ng-native.a(contiki-main.o) (node_id_init)
build/native/contiki-ng-native.a(rtimer.o)
                              build/native/contiki-ng-native.a(contiki-main.o) (rtimer_init)
build/native/contiki-ng-native.a(process.o)
                              build/native/contiki-ng-native.a(coap-blocking-a) (process_current)
build/native/contiki-ng-native.a(timer.o)
                              build/native/contiki-ng-native.a(etimer.o) (timer_set)
build/native/contiki-ng-native.a(list.o)
                              build/native/contiki-ng-native.a(coap-engine.o) (list_init)
build/native/contiki-ng-native.a(memb.o)
                              build/native/contiki-ng-native.a(coap-observe.o) (memb_alloc)
build/native/contiki-ng-native.a(random.o)
                              build/native/contiki-ng-native.a(res_light.o) (random_rand)
build/native/contiki-ng-native.a(queuebuf.o)
                              build/native/contiki-ng-native.a(contiki-main.o) (queuebuf_init)
build/native/contiki-ng-native.a(packetbuf.o)
                              build/native/contiki-ng-native.a(queuebuf.o) (packetbuf_copyto)
build/native/contiki-ng-native.a(netstack.o)
                              build/native/contiki-ng-native.a(contiki-main.o) (netstack_init)
build/native/contiki-ng-native.a(linkaddr.o)
                              build/native/contiki-ng-native.a(packetbuf.o) (linkaddr_copy)
build/native/contiki-ng-native.a(nullmac.o)
                              build/native/contiki-ng-native.a(contiki-main.o) (nullmac_driver)
build/native/contiki-ng-native.a(uip-ds6.o)
                              build/native/contiki-ng-native.a(contiki-main.o) (uip_ds6_get_link_local)
build/native/contiki-ng-native.a(uip-udp-packet.)
                              build/native/contiki-ng-native.a(coap-uip.o) (uip_udp_packet_sendto)
build/native/contiki-ng-native.a(uip-ds6-route.o)
                              build/native/contiki-ng-native.a(uip-ds6.o) (uip_ds6_route_init)
build/native/contiki-ng-native.a(tcpip.o)
                              build/native/contiki-ng-native.a(coap-uip.o) (udp_new)
build/native/contiki-ng-native.a(uip6.o)
                              build/native/contiki-ng-native.a(coap-uip.o) (uip_aligned_buf)
build/native/contiki-ng-native.a(uip-ds6-nbr.o)
                              build/native/contiki-ng-native.a(uip-ds6.o) (uip_ds6_neighbors_init)
build/native/contiki-ng-native.a(uip-nd6.o)
                              build/native/contiki-ng-native.a(uip6.o) (uip_nd6_init)
build/native/contiki-ng-native.a(uiplib.o)
                              build/native/contiki-ng-native.a(coap-uip.o) (uiplib_ip6addrconv)
build/native/contiki-ng-native.a(rpl.o)
[...]
Memory Configuration

Name             Origin             Length             Attributes
*default*        0x0000000000000000 0xffffffffffffffff

Linker script and memory map

LOAD /usr/lib/gcc/x86_64-linux-gnu/7/../../../x86_64-linux-gnu/Scrt1.o
LOAD /usr/lib/gcc/x86_64-linux-gnu/7/../../../x86_64-linux-gnu/crti.o
LOAD /usr/lib/gcc/x86_64-linux-gnu/7/crtbeginS.o
LOAD light_node.o
LOAD build/native/contiki-ng-native.a
LOAD /usr/lib/gcc/x86_64-linux-gnu/7/../../../x86_64-linux-gnu/librt.so
LOAD /usr/lib/gcc/x86_64-linux-gnu/7/libgcc.a
LOAD /usr/lib/gcc/x86_64-linux-gnu/7/libgcc_s.so
START GROUP
LOAD /usr/lib/gcc/x86_64-linux-gnu/7/libgcc_s.so.1
LOAD /usr/lib/gcc/x86_64-linux-gnu/7/libgcc.a
END GROUP
LOAD /usr/lib/gcc/x86_64-linux-gnu/7/../../../x86_64-linux-gnu/libc.so
START GROUP
LOAD /lib/x86_64-linux-gnu/libc.so.6
LOAD /usr/lib/x86_64-linux-gnu/libc_nonshared.a
LOAD /lib/x86_64-linux-gnu/ld-linux-x86-64.so.2
END GROUP
LOAD /usr/lib/gcc/x86_64-linux-gnu/7/libgcc.a
LOAD /usr/lib/gcc/x86_64-linux-gnu/7/libgcc_s.so
START GROUP
LOAD /usr/lib/gcc/x86_64-linux-gnu/7/libgcc_s.so.1
LOAD /usr/lib/gcc/x86_64-linux-gnu/7/libgcc.a
END GROUP
LOAD /usr/lib/gcc/x86_64-linux-gnu/7/crtendS.o
LOAD /usr/lib/gcc/x86_64-linux-gnu/7/../../../x86_64-linux-gnu/crtn.o
                [!provide]                        PROVIDE (__executable_start = SEGMENT_START ("text-segment", 0x0))
                0x0000000000000238                . = (SEGMENT_START ("text-segment", 0x0) + SIZEOF_HEADERS)

.interp         0x0000000000000238       0x1c
 *(.interp)
 .interp        0x0000000000000238       0x1c /usr/lib/gcc/x86_64-linux-gnu/7/../../../x86_64-linux-gnu/Scrt1.o

.note.ABI-tag   0x0000000000000254       0x20
 .note.ABI-tag  0x0000000000000254       0x20 /usr/lib/gcc/x86_64-linux-gnu/7/../../../x86_64-linux-gnu/Scrt1.o

.note.gnu.build-id
                0x0000000000000274       0x24
 *(.note.gnu.build-id)
 .note.gnu.build-id
                0x0000000000000274       0x24 /usr/lib/gcc/x86_64-linux-gnu/7/../../../x86_64-linux-gnu/Scrt1.o

.hash
 *(.hash)

.gnu.hash       0x0000000000000298     0x1334
 *(.gnu.hash)
 .gnu.hash      0x0000000000000298     0x1334 /usr/lib/gcc/x86_64-linux-gnu/7/../../../x86_64-linux-gnu/Scrt1.o

.dynsym         0x00000000000015d0     0x3a80
 *(.dynsym)
 .dynsym        0x00000000000015d0     0x3a80 /usr/lib/gcc/x86_64-linux-gnu/7/../../../x86_64-linux-gnu/Scrt1.o

.dynstr         0x0000000000005050     0x2d65
 *(.dynstr)
 .dynstr        0x0000000000005050     0x2d65 /usr/lib/gcc/x86_64-linux-gnu/7/../../../x86_64-linux-gnu/Scrt1.o

.gnu.version    0x0000000000007db6      0x4e0
 *(.gnu.version)
 .gnu.version   0x0000000000007db6      0x4e0 /usr/lib/gcc/x86_64-linux-gnu/7/../../../x86_64-linux-gnu/Scrt1.o

.gnu.version_d  0x0000000000008298        0x0
 *(.gnu.version_d)
 .gnu.version_d
                0x0000000000008298        0x0 /usr/lib/gcc/x86_64-linux-gnu/7/../../../x86_64-linux-gnu/Scrt1.o

.gnu.version_r  0x0000000000008298       0x80
 *(.gnu.version_r)
 .gnu.version_r
                0x0000000000008298       0x80 /usr/lib/gcc/x86_64-linux-gnu/7/../../../x86_64-linux-gnu/Scrt1.o

.rela.dyn       0x0000000000008318      0xd98
 *(.rela.init)
 *(.rela.text .rela.text.* .rela.gnu.linkonce.t.*)
 .rela.text     0x0000000000008318       0x18 /usr/lib/gcc/x86_64-linux-gnu/7/../../../x86_64-linux-gnu/Scrt1.o
 .rela.text.startup
                0x0000000000008330        0x0 /usr/lib/gcc/x86_64-linux-gnu/7/../../../x86_64-linux-gnu/Scrt1.o
 .rela.text.unlikely
                0x0000000000008330        0x0 /usr/lib/gcc/x86_64-linux-gnu/7/../../../x86_64-linux-gnu/Scrt1.o
 *(.rela.fini)
 *(.rela.rodata .rela.rodata.* .rela.gnu.linkonce.r.*)
 *(.rela.data .rela.data.* .rela.gnu.linkonce.d.*)
 .rela.data.rel.ro
                0x0000000000008330      0x1f8 /usr/lib/gcc/x86_64-linux-gnu/7/../../../x86_64-linux-gnu/Scrt1.o
 .rela.data.rel.local
                0x0000000000008528      0x798 /usr/lib/gcc/x86_64-linux-gnu/7/../../../x86_64-linux-gnu/Scrt1.o
 .rela.data.rel.ro.local
                0x0000000000008cc0      0x318 /usr/lib/gcc/x86_64-linux-gnu/7/../../../x86_64-linux-gnu/Scrt1.o
 *(.rela.tdata .rela.tdata.* .rela.gnu.linkonce.td.*)
 *(.rela.tbss .rela.tbss.* .rela.gnu.linkonce.tb.*)
 *(.rela.ctors)
 *(.rela.dtors)
 *(.rela.got)
 .rela.got      0x0000000000008fd8       0x78 /usr/lib/gcc/x86_64-linux-gnu/7/../../../x86_64-linux-gnu/Scrt1.o
 *(.rela.bss .rela.bss.* .rela.gnu.linkonce.b.*)
 .rela.bss      0x0000000000009050       0x30 /usr/lib/gcc/x86_64-linux-gnu/7/../../../x86_64-linux-gnu/Scrt1.o
 *(.rela.ldata .rela.ldata.* .rela.gnu.linkonce.l.*)
 *(.rela.lbss .rela.lbss.* .rela.gnu.linkonce.lb.*)
 *(.rela.lrodata .rela.lrodata.* .rela.gnu.linkonce.lr.*)
 *(.rela.ifunc)
 .rela.ifunc    0x0000000000009080        0x0 /usr/lib/gcc/x86_64-linux-gnu/7/../../../x86_64-linux-gnu/Scrt1.o
 .rela.fini_array
                0x0000000000009080       0x18 /usr/lib/gcc/x86_64-linux-gnu/7/../../../x86_64-linux-gnu/Scrt1.o
 .rela.init_array
                0x0000000000009098       0x18 /usr/lib/gcc/x86_64-linux-gnu/7/../../../x86_64-linux-gnu/Scrt1.o

.rela.plt       0x00000000000090b0      0x3d8
 *(.rela.plt)
 .rela.plt      0x00000000000090b0      0x3d8 /usr/lib/gcc/x86_64-linux-gnu/7/../../../x86_64-linux-gnu/Scrt1.o
                [!provide]                        PROVIDE (__rela_iplt_start = .)
 *(.rela.iplt)
                [!provide]                        PROVIDE (__rela_iplt_end = .)

.init           0x0000000000009488       0x17
 *(SORT_NONE(.init))
 .init          0x0000000000009488       0x12 /usr/lib/gcc/x86_64-linux-gnu/7/../../../x86_64-linux-gnu/crti.o
                0x0000000000009488                _init
 .init          0x000000000000949a        0x5 /usr/lib/gcc/x86_64-linux-gnu/7/../../../x86_64-linux-gnu/crtn.o

.plt            0x00000000000094a0      0x2a0
 *(.plt)
 .plt           0x00000000000094a0      0x2a0 /usr/lib/gcc/x86_64-linux-gnu/7/../../../x86_64-linux-gnu/Scrt1.o
 *(.iplt)

.plt.got        0x0000000000009740        0x8
 *(.plt.got)
 .plt.got       0x0000000000009740        0x8 /usr/lib/gcc/x86_64-linux-gnu/7/../../../x86_64-linux-gnu/Scrt1.o

.plt.sec
 *(.plt.sec)

.text           0x0000000000009750     0xff3e
 *(.text.unlikely .text.*_unlikely .text.unlikely.*)
 .text.unlikely
                0x0000000000009750       0xae build/native/contiki-ng-native.a(uip6.o)
 *(.text.exit .text.exit.*)
 *(.text.startup .text.startup.*)
 *fill*         0x00000000000097fe        0x2 
 .text.startup  0x0000000000009800      0x36c build/native/contiki-ng-native.a(contiki-main.o)
                0x0000000000009800                main
 *(.text.hot .text.hot.*)
 *(.text .stub .text.* .gnu.linkonce.t.*)
 *fill*         0x0000000000009b6c        0x4 
 .text          0x0000000000009b70       0x2b /usr/lib/gcc/x86_64-linux-gnu/7/../../../x86_64-linux-gnu/Scrt1.o
                0x0000000000009b70                _start
 .text          0x0000000000009b9b        0x0 /usr/lib/gcc/x86_64-linux-gnu/7/../../../x86_64-linux-gnu/crti.o
 *fill*         0x0000000000009b9b        0x5 
 .text          0x0000000000009ba0       0xda /usr/lib/gcc/x86_64-linux-gnu/7/crtbeginS.o
 *fill*         0x0000000000009c7a        0x6 
 .text          0x0000000000009c80      0x182 light_node.o
 *fill*         0x0000000000009e02        0xe 
 .text          0x0000000000009e10      0x123 build/native/contiki-ng-native.a(res_light.o)
 *fill*         0x0000000000009f33        0xd 
 .text          0x0000000000009f40      0x1c6 build/native/contiki-ng-native.a(coap-blocking-a)
                0x0000000000009f40                coap_blocking_request_callback
                0x0000000000009f50                coap_blocking_request
 *fill*         0x000000000000a106        0xa 
 .text          0x000000000000a110      0x945 build/native/contiki-ng-native.a(coap-engine.o)
                0x000000000000a170                coap_add_handler
                0x000000000000a180                coap_remove_handler
                0x000000000000a190                coap_call_handlers
                0x000000000000a230                coap_receive
                0x000000000000a980                coap_activate_resource
                0x000000000000a9e0                coap_engine_init
                0x000000000000aa40                coap_get_first_resource
                0x000000000000aa50                coap_get_next_resource
 *fill*         0x000000000000aa55        0xb 
 .text          0x000000000000aa60      0x2cc build/native/contiki-ng-native.a(coap-res-well-k)
 *fill*         0x000000000000ad2c        0x4 
 .text          0x000000000000ad30      0x92f build/native/contiki-ng-native.a(coap-observe.o)
                0x000000000000ad30                coap_remove_observer
                0x000000000000ad60                coap_remove_observer_by_client
                0x000000000000add0                coap_remove_observer_by_token
                0x000000000000ae70                coap_remove_observer_by_uri
                0x000000000000af00                coap_remove_observer_by_mid
                0x000000000000af90                coap_notify_observers_sub
                0x000000000000b370                coap_notify_observers
                0x000000000000b380                coap_observe_handler
                0x000000000000b600                coap_has_observers
 *fill*         0x000000000000b65f        0x1 
 .text          0x000000000000b660      0x58f build/native/contiki-ng-native.a(coap-uip.o)
                0x000000000000b720                coap_endpoint_log
                0x000000000000b7a0                coap_endpoint_print
                0x000000000000b820                coap_endpoint_snprint
                0x000000000000b940                coap_endpoint_copy
                0x000000000000b960                coap_endpoint_cmp
                0x000000000000b9a0                coap_endpoint_parse
                0x000000000000bb60                coap_endpoint_is_secure
                0x000000000000bb70                coap_endpoint_is_connected
                0x000000000000bb80                coap_endpoint_connect
                0x000000000000bb90                coap_endpoint_disconnect
                0x000000000000bba0                coap_databuf
                0x000000000000bbb0                coap_transport_init
                0x000000000000bbc0                coap_sendto
 *fill*         0x000000000000bbef        0x1 
 .text          0x000000000000bbf0      0x245 build/native/contiki-ng-native.a(coap-timer.o)
                0x000000000000bcf0                coap_timer_stop
                0x000000000000bd10                coap_timer_set
                0x000000000000bd40                coap_timer_reset
                0x000000000000bd50                coap_timer_time_to_next_expiration
                0x000000000000bd90                coap_timer_run
                0x000000000000be20                coap_timer_init
 *fill*         0x000000000000be35        0xb 
 .text          0x000000000000be40      0x1dd build/native/contiki-ng-native.a(coap-transactio)
                0x000000000000be70                coap_new_transaction
                0x000000000000bec0                coap_send_transaction
                0x000000000000bfc0                coap_clear_transaction
                0x000000000000bfe0                coap_get_transaction_by_mid
 *fill*         0x000000000000c01d        0x3 
 .text          0x000000000000c020     0x198c build/native/contiki-ng-native.a(coap.o)
                0x000000000000c3b0                coap_init_connection
                0x000000000000c3d0                coap_get_mid
                0x000000000000c3f0                coap_init_message
                0x000000000000c440                coap_serialize_message
                0x000000000000ca30                coap_parse_message
                0x000000000000d1e0                coap_get_query_variable
                0x000000000000d210                coap_get_post_variable
                0x000000000000d240                coap_set_status_code
                0x000000000000d260                coap_set_token
                0x000000000000d300                coap_get_header_content_format
                0x000000000000d320                coap_set_header_content_format
                0x000000000000d330                coap_get_header_accept
                0x000000000000d350                coap_set_header_accept
                0x000000000000d370                coap_get_header_max_age
                0x000000000000d3a0                coap_set_header_max_age
                0x000000000000d3b0                coap_get_header_etag
                0x000000000000d3d0                coap_set_header_etag
                0x000000000000d480                coap_get_header_if_match
                0x000000000000d4a0                coap_set_header_if_match
                0x000000000000d560                coap_get_header_if_none_match
                0x000000000000d570                coap_set_header_if_none_match
                0x000000000000d580                coap_get_header_proxy_uri
                0x000000000000d5a0                coap_set_header_proxy_uri
                0x000000000000d5c0                coap_get_header_uri_host
                0x000000000000d5e0                coap_set_header_uri_host
                0x000000000000d600                coap_get_header_uri_path
                0x000000000000d620                coap_set_header_uri_path
                0x000000000000d660                coap_get_header_uri_query
                0x000000000000d680                coap_set_header_uri_query
                0x000000000000d6c0                coap_get_header_location_path
                0x000000000000d6e0                coap_get_header_location_query
                0x000000000000d700                coap_set_header_location_query
                0x000000000000d740                coap_set_header_location_path
                0x000000000000d7b0                coap_get_header_observe
                0x000000000000d7d0                coap_set_header_observe
                0x000000000000d7e0                coap_get_header_block2
                0x000000000000d830                coap_set_header_block2
                0x000000000000d870                coap_get_header_block1
                0x000000000000d8c0                coap_set_header_block1
                0x000000000000d900                coap_get_header_size2
                0x000000000000d920                coap_set_header_size2
                0x000000000000d930                coap_get_header_size1
                0x000000000000d950                coap_set_header_size1
                0x000000000000d960                coap_get_payload
                0x000000000000d990                coap_set_payload
 .text          0x000000000000d9ac        0x0 build/native/contiki-ng-native.a(contiki-main.o)
 *fill*         0x000000000000d9ac        0x4 
 .text          0x000000000000d9b0       0x54 build/native/contiki-ng-native.a(autostart.o)
                0x000000000000d9b0                autostart_start
                0x000000000000d9e0                autostart_exit
 *fill*         0x000000000000da04        0xc 
 .text          0x000000000000da10      0x364 build/native/contiki-ng-native.a(ctimer.o)
                0x000000000000db30                ctimer_init
                0x000000000000db60                ctimer_set_with_process
                0x000000000000dbd0                ctimer_set
                0x000000000000dbe0                ctimer_reset
                0x000000000000dc50                ctimer_restart
                0x000000000000dcc0                ctimer_stop
                0x000000000000dd20                ctimer_expired
 *fill*         0x000000000000dd74        0xc 
 .text          0x000000000000dd80      0x3b8 build/native/contiki-ng-native.a(log.o)
                0x000000000000dd80                log_6addr
                0x000000000000dde0                log_6addr_compact_snprint
                0x000000000000de60                log_6addr_compact
                0x000000000000dec0                log_lladdr
                0x000000000000df60                log_lladdr_compact
                0x000000000000dfb0                log_set_level
                0x000000000000e040                log_get_level
                0x000000000000e0d0                log_level_to_str
 *fill*         0x000000000000e138        0x8 
 .text          0x000000000000e140       0x23 build/native/contiki-ng-native.a(energest.o)
                0x000000000000e140                energest_init
                0x000000000000e150                energest_flush
                0x000000000000e160                energest_get_total_time
 *fill*         0x000000000000e163        0xd 
 .text          0x000000000000e170      0x44d build/native/contiki-ng-native.a(etimer.o)
                0x000000000000e410                etimer_request_poll
                0x000000000000e420                etimer_set
                0x000000000000e440                etimer_reset_with_new_interval
                0x000000000000e470                etimer_reset
                0x000000000000e490                etimer_restart
                0x000000000000e4b0                etimer_adjust
                0x000000000000e4e0                etimer_expired
                0x000000000000e4f0                etimer_expiration_time
                0x000000000000e500                etimer_start_time
                0x000000000000e510                etimer_pending
                0x000000000000e520                etimer_next_expiration_time
                0x000000000000e540                etimer_stop
 *fill*         0x000000000000e5bd        0x3 
 .text          0x000000000000e5c0       0x1b build/native/contiki-ng-native.a(node-id.o)
                0x000000000000e5c0                node_id_init
 *fill*         0x000000000000e5db        0x5 
 .text          0x000000000000e5e0       0xaa build/native/contiki-ng-native.a(rtimer.o)
                0x000000000000e5e0                rtimer_init
                0x000000000000e5f0                rtimer_set
                0x000000000000e640                rtimer_run_next
 *fill*         0x000000000000e68a        0x6 
 .text          0x000000000000e690      0x44a build/native/contiki-ng-native.a(process.o)
                0x000000000000e850                process_alloc_event
                0x000000000000e870                process_start
                0x000000000000e8e0                process_exit
                0x000000000000e8f0                process_init
                0x000000000000e920                process_run
                0x000000000000ea10                process_nevents
                0x000000000000ea30                process_post
                0x000000000000ea80                process_post_synch
                0x000000000000eaa0                process_poll
                0x000000000000ead0                process_is_running
 *fill*         0x000000000000eada        0x6 
 .text          0x000000000000eae0       0x95 build/native/contiki-ng-native.a(timer.o)
                0x000000000000eae0                timer_set
                0x000000000000eb00                timer_reset
                0x000000000000eb30                timer_restart
                0x000000000000eb40                timer_expired
                0x000000000000eb60                timer_remaining
 *fill*         0x000000000000eb75        0xb 
 .text          0x000000000000eb80      0x343 build/native/contiki-ng-native.a(list.o)
                0x000000000000eb80                list_init
                0x000000000000eb90                list_head
                0x000000000000eba0                list_copy
                0x000000000000ebb0                list_tail
                0x000000000000ebd0                list_add
                0x000000000000ec50                list_push
                0x000000000000ecc0                list_chop
                0x000000000000ed00                list_pop
                0x000000000000ed10                list_remove
                0x000000000000ed80                list_length
                0x000000000000edb0                list_insert
                0x000000000000ee70                list_item_next
                0x000000000000ee90                list_contains
 *fill*         0x000000000000eec3        0xd 
 .text          0x000000000000eed0      0x15b build/native/contiki-ng-native.a(memb.o)
                0x000000000000eed0                memb_init
                0x000000000000ef00                memb_alloc
                0x000000000000ef60                memb_free
                0x000000000000efc0                memb_inmemb
                0x000000000000eff0                memb_numfree
 *fill*         0x000000000000f02b        0x5 
 .text          0x000000000000f030       0x1e build/native/contiki-ng-native.a(random.o)
                0x000000000000f030                random_init
                0x000000000000f040                random_rand
 *fill*         0x000000000000f04e        0x2 
 .text          0x000000000000f050      0x202 build/native/contiki-ng-native.a(queuebuf.o)
                0x000000000000f050                queuebuf_init
                0x000000000000f070                queuebuf_numfree
                0x000000000000f080                queuebuf_new_from_packetbuf
                0x000000000000f100                queuebuf_update_attr_from_packetbuf
                0x000000000000f120                queuebuf_update_from_packetbuf
                0x000000000000f150                queuebuf_free
                0x000000000000f190                queuebuf_to_packetbuf
                0x000000000000f1e0                queuebuf_dataptr
                0x000000000000f210                queuebuf_datalen
                0x000000000000f220                queuebuf_addr
                0x000000000000f240                queuebuf_attr
                0x000000000000f250                queuebuf_debug_print
 *fill*         0x000000000000f252        0xe 
 .text          0x000000000000f260      0x3e3 build/native/contiki-ng-native.a(packetbuf.o)
                0x000000000000f260                packetbuf_copyto
                0x000000000000f340                packetbuf_hdralloc
                0x000000000000f3b0                packetbuf_hdrreduce
                0x000000000000f3e0                packetbuf_set_datalen
                0x000000000000f3f0                packetbuf_dataptr
                0x000000000000f410                packetbuf_hdrptr
                0x000000000000f420                packetbuf_datalen
                0x000000000000f430                packetbuf_hdrlen
                0x000000000000f440                packetbuf_totlen
                0x000000000000f460                packetbuf_remaininglen
                0x000000000000f480                packetbuf_attr_clear
                0x000000000000f4d0                packetbuf_clear
                0x000000000000f4f0                packetbuf_copyfrom
                0x000000000000f550                packetbuf_attr_copyto
                0x000000000000f580                packetbuf_attr_copyfrom
                0x000000000000f5b0                packetbuf_set_attr
                0x000000000000f5d0                packetbuf_attr
                0x000000000000f5e0                packetbuf_set_addr
                0x000000000000f610                packetbuf_addr
                0x000000000000f630                packetbuf_holds_broadcast
 *fill*         0x000000000000f643        0xd 
 .text          0x000000000000f650       0xba build/native/contiki-ng-native.a(netstack.o)
                0x000000000000f650                netstack_process_ip_callback
                0x000000000000f6c0                netstack_ip_packet_processor_add
                0x000000000000f6e0                uip_ds6_ip_packet_processor_rm
                0x000000000000f6f0                netstack_init
 *fill*         0x000000000000f70a        0x6 
 .text          0x000000000000f710       0x2b build/native/contiki-ng-native.a(linkaddr.o)
                0x000000000000f710                linkaddr_copy
                0x000000000000f720                linkaddr_cmp
                0x000000000000f730                linkaddr_set_node_addr
 *fill*         0x000000000000f73b        0x5 
 .text          0x000000000000f740       0x52 build/native/contiki-ng-native.a(nullmac.o)
 *fill*         0x000000000000f792        0xe 
 .text          0x000000000000f7a0      0xb04 build/native/contiki-ng-native.a(uip-ds6.o)
                0x000000000000f860                uip_ds6_default_prefix
                0x000000000000f870                uip_ds6_set_default_prefix
                0x000000000000f880                uip_ds6_list_loop
                0x000000000000f8c0                uip_ds6_prefix_add
                0x000000000000f970                uip_ds6_prefix_rm
                0x000000000000f980                uip_ds6_prefix_lookup
                0x000000000000f9e0                uip_ds6_is_addr_onlink
                0x000000000000fa50                uip_ds6_addr_lookup
                0x000000000000fab0                uip_ds6_get_link_local
                0x000000000000fb20                uip_ds6_get_global
                0x000000000000fb90                uip_ds6_maddr_add
                0x000000000000fbf0                uip_ds6_addr_add
                0x000000000000fce0                uip_ds6_maddr_rm
                0x000000000000fcf0                uip_ds6_maddr_lookup
                0x000000000000fdb0                uip_ds6_addr_rm
                0x000000000000fdd0                uip_ds6_periodic
                0x000000000000fe50                uip_ds6_aaddr_add
                0x000000000000feb0                uip_ds6_aaddr_rm
                0x000000000000fec0                uip_ds6_aaddr_lookup
                0x000000000000ff20                uip_ds6_select_src
                0x0000000000010060                uip_ds6_set_addr_iid
                0x0000000000010070                uip_ds6_set_lladdr_from_iid
                0x0000000000010080                get_match_length
                0x00000000000100d0                uip_ds6_compute_reachable_time
                0x0000000000010110                uip_ds6_init
 *fill*         0x00000000000102a4        0xc 
 .text          0x00000000000102b0       0xc3 build/native/contiki-ng-native.a(uip-udp-packet.)
                0x00000000000102b0                uip_udp_packet_send
                0x0000000000010310                uip_udp_packet_sendto
 *fill*         0x0000000000010373        0xd 
 .text          0x0000000000010380      0x2ea build/native/contiki-ng-native.a(uip-ds6-route.o)
                0x0000000000010380                uip_ds6_route_init
                0x00000000000103a0                uip_ds6_route_nexthop
                0x00000000000103b0                uip_ds6_route_head
                0x00000000000103c0                uip_ds6_route_next
                0x00000000000103d0                uip_ds6_route_is_nexthop
                0x00000000000103e0                uip_ds6_route_num_routes
                0x00000000000103f0                uip_ds6_route_lookup
                0x0000000000010400                uip_ds6_route_add
                0x0000000000010410                uip_ds6_route_rm
                0x0000000000010420                uip_ds6_route_rm_by_nexthop
                0x0000000000010430                uip_ds6_defrt_head
                0x0000000000010440                uip_ds6_defrt_rm
                0x00000000000104a0                uip_ds6_defrt_lookup
                0x00000000000104f0                uip_ds6_defrt_add
                0x00000000000105a0                uip_ds6_defrt_choose
                0x0000000000010600                uip_ds6_defrt_periodic
 *fill*         0x000000000001066a        0x6 
 .text          0x0000000000010670      0x575 build/native/contiki-ng-native.a(tcpip.o)
                0x0000000000010670                tcpip_output
                0x00000000000106a0                udp_attach
                0x00000000000106b0                udp_new
                0x00000000000106e0                udp_broadcast_new
                0x0000000000010760                tcpip_input
                0x0000000000010790                tcpip_ipv6_output
                0x0000000000010b80                tcpip_poll_udp
                0x0000000000010ba0                tcpip_uipcall
 *fill*         0x0000000000010be5        0xb 
 .text          0x0000000000010bf0      0xb6e build/native/contiki-ng-native.a(uip6.o)
                0x0000000000010cf0                uip_chksum
                0x0000000000010d10                uip_icmp6chksum
                0x0000000000010d20                uip_udpchksum
                0x0000000000010d30                uip_init
                0x0000000000010db0                uip_remove_ext_hdr
                0x0000000000010e60                uip_udp_new
                0x0000000000010f20                uip_process
                0x00000000000116a0                uip_htons
                0x00000000000116b0                uip_htonl
                0x00000000000116d0                uip_send
 *fill*         0x000000000001175e        0x2 
 .text          0x0000000000011760      0x2e2 build/native/contiki-ng-native.a(uip-ds6-nbr.o)
                0x0000000000011790                uip_ds6_nbr_rm
                0x00000000000117b0                uip_ds6_neighbors_init
                0x00000000000117d0                uip_ds6_nbr_add
                0x0000000000011820                uip_ds6_nbr_update_ll
                0x00000000000118f0                uip_ds6_nbr_get_ipaddr
                0x0000000000011900                uip_ds6_nbr_get_ll
                0x0000000000011910                uip_ds6_nbr_num
                0x0000000000011950                uip_ds6_nbr_head
                0x0000000000011960                uip_ds6_nbr_next
                0x0000000000011970                uip_ds6_nbr_lookup
                0x00000000000119f0                uip_ds6_nbr_ll_lookup
                0x0000000000011a00                uip_ds6_nbr_ipaddr_from_lladdr
                0x0000000000011a10                uip_ds6_nbr_lladdr_from_ipaddr
                0x0000000000011a40                uip_ds6_link_callback
 *fill*         0x0000000000011a42        0xe 
 .text          0x0000000000011a50      0x45c build/native/contiki-ng-native.a(uip-nd6.o)
                0x0000000000011ea0                uip_nd6_init
 *fill*         0x0000000000011eac        0x4 
 .text          0x0000000000011eb0      0x4a9 build/native/contiki-ng-native.a(uiplib.o)
                0x0000000000011eb0                uiplib_ip6addrconv
                0x00000000000120b0                uiplib_ip4addrconv
                0x0000000000012130                uiplib_ipaddr_snprint
                0x0000000000012300                uiplib_ipaddr_print
 *fill*         0x0000000000012359        0x7 
 .text          0x0000000000012360      0x498 build/native/contiki-ng-native.a(rpl.o)
                0x0000000000012360                rpl_has_joined
                0x0000000000012380                rpl_is_reachable
                0x00000000000123b0                rpl_get_leaf_only
                0x00000000000124f0                rpl_link_callback
                0x0000000000012550                rpl_lollipop_greater_than
                0x00000000000125a0                rpl_get_global_address
                0x0000000000012670                rpl_reset_prefix
                0x00000000000126d0                rpl_set_prefix_from_addr
                0x00000000000127b0                rpl_set_prefix
                0x00000000000127f0                rpl_set_leaf_only
 *fill*         0x00000000000127f8        0x8 
 .text          0x0000000000012800      0xc18 build/native/contiki-ng-native.a(rpl-icmp6.o)
                0x0000000000012de0                rpl_icmp6_update_nbr_table
                0x0000000000012e30                rpl_icmp6_dis_output
                0x0000000000012e70                rpl_icmp6_dio_output
                0x0000000000013290                rpl_icmp6_dao_output
                0x0000000000013380                rpl_icmp6_dao_ack_output
                0x00000000000133e0                rpl_icmp6_init
 *fill*         0x0000000000013418        0x8 
 .text          0x0000000000013420      0x221 build/native/contiki-ng-native.a(rpl-dag-root.o)
                0x00000000000134a0                rpl_dag_root_print_links
                0x0000000000013540                rpl_dag_root_set_prefix
                0x0000000000013570                rpl_dag_root_start
                0x0000000000013620                rpl_dag_root_is_root
 *fill*         0x0000000000013641        0xf 
 .text          0x0000000000013650      0x44d build/native/contiki-ng-native.a(platform.o)
                0x00000000000136c0                select_set_callback
                0x0000000000013750                native_uart_set_input
                0x0000000000013760                platform_process_args
                0x0000000000013770                platform_init_stage_one
                0x0000000000013790                platform_init_stage_two
                0x00000000000137f0                platform_init_stage_three
                0x0000000000013900                platform_main_loop
                0x0000000000013a60                log_message
                0x0000000000013a80                uip_log
 *fill*         0x0000000000013a9d        0x3 
 .text          0x0000000000013aa0       0xc2 build/native/contiki-ng-native.a(clock.o)
                0x0000000000013aa0                clock_time
                0x0000000000013b10                clock_seconds
                0x0000000000013b50                clock_delay
                0x0000000000013b60                clock_init
 *fill*         0x0000000000013b62        0xe 
 .text          0x0000000000013b70      0x51f build/native/contiki-ng-native.a(tun6-net.o)
 *fill*         0x000000000001408f        0x1 
 .text          0x0000000000014090       0xbe build/native/contiki-ng-native.a(rtimer-arch.o)
                0x00000000000140b0                rtimer_arch_init
                0x00000000000140d0                rtimer_arch_schedule
 *fill*         0x000000000001414e        0x2 
 .text          0x0000000000014150       0x4e build/native/contiki-ng-native.a(watchdog.o)
                0x0000000000014150                watchdog_init
                0x0000000000014160                watchdog_start
                0x0000000000014170                watchdog_periodic
                0x0000000000014180                watchdog_stop
                0x0000000000014190                watchdog_reboot
 *fill*         0x000000000001419e        0x2 
 .text          0x00000000000141a0      0x15e build/native/contiki-ng-native.a(coap-timer-defa)
 *fill*         0x00000000000142fe        0x2 
 .text          0x0000000000014300       0xbe build/native/contiki-ng-native.a(stimer.o)
                0x0000000000014300                stimer_set
                0x0000000000014320                stimer_reset
                0x0000000000014350                stimer_restart
                0x0000000000014360                stimer_expired
                0x0000000000014390                stimer_remaining
                0x00000000000143b0                stimer_elapsed
 *fill*         0x00000000000143be        0x2 
 .text          0x00000000000143c0      0x378 build/native/contiki-ng-native.a(button-hal.o)
                0x0000000000014510                button_hal_get_by_id
                0x0000000000014550                button_hal_get_by_index
                0x0000000000014580                button_hal_get_state
                0x0000000000014660                button_hal_init
 *fill*         0x0000000000014738        0x8 
 .text          0x0000000000014740      0x1be build/native/contiki-ng-native.a(serial-line.o)
                0x0000000000014860                serial_line_input_byte
                0x00000000000148d0                serial_line_init
 *fill*         0x00000000000148fe        0x2 
 .text          0x0000000000014900       0x83 build/native/contiki-ng-native.a(leds.o)
                0x0000000000014900                leds_init
                0x0000000000014910                leds_single_on
                0x0000000000014920                leds_single_off
                0x0000000000014930                leds_single_toggle
                0x0000000000014940                leds_on
                0x0000000000014950                leds_off
                0x0000000000014960                leds_toggle
                0x0000000000014970                leds_set
                0x0000000000014980                leds_get
 *fill*         0x0000000000014983        0xd 
 .text          0x0000000000014990       0xf3 build/native/contiki-ng-native.a(nullradio.o)
 *fill*         0x0000000000014a83        0xd 
 .text          0x0000000000014a90      0x104 build/native/contiki-ng-native.a(gpio-hal.o)
                0x0000000000014a90                gpio_hal_register_handler
                0x0000000000014aa0                gpio_hal_event_handler
                0x0000000000014af0                gpio_hal_init
                0x0000000000014b10                gpio_hal_arch_port_toggle_pin
                0x0000000000014b30                gpio_hal_arch_port_toggle_pins
                0x0000000000014b50                gpio_hal_arch_no_port_toggle_pin
                0x0000000000014b80                gpio_hal_arch_no_port_toggle_pins
 *fill*         0x0000000000014b94        0xc 
 .text          0x0000000000014ba0      0x6e3 build/native/contiki-ng-native.a(nbr-table.o)
                0x0000000000014c20                nbr_table_register
                0x0000000000014c80                nbr_table_is_registered
                0x0000000000014cb0                nbr_table_next
                0x0000000000014d50                nbr_table_head
                0x0000000000014dd0                nbr_table_add_lladdr
                0x00000000000150e0                nbr_table_get_from_lladdr
                0x0000000000015140                nbr_table_remove
                0x00000000000151c0                nbr_table_lock
                0x0000000000015200                nbr_table_unlock
                0x0000000000015240                nbr_table_get_lladdr
 *fill*         0x0000000000015283        0xd 
 .text          0x0000000000015290      0x3b0 build/native/contiki-ng-native.a(link-stats.o)
                0x00000000000152d0                link_stats_from_lladdr
                0x00000000000152e0                link_stats_get_lladdr
                0x00000000000152f0                link_stats_is_fresh
                0x0000000000015330                guess_etx_from_rssi
                0x0000000000015380                link_stats_packet_sent
                0x00000000000154f0                link_stats_input_callback
                0x00000000000155c0                link_stats_reset
                0x0000000000015610                link_stats_init
 .text          0x0000000000015640      0x3a1 build/native/contiki-ng-native.a(uipbuf.o)
                0x0000000000015640                uipbuf_clear
                0x0000000000015680                uipbuf_add_ext_hdr
                0x00000000000156d0                uipbuf_set_len
                0x00000000000156f0                uipbuf_set_len_field
                0x0000000000015700                uipbuf_get_len_field
                0x0000000000015710                uipbuf_get_next_header
                0x00000000000157c0                uipbuf_get_last_header
                0x0000000000015840                uipbuf_search_header
                0x0000000000015900                uipbuf_get_attr
                0x0000000000015920                uipbuf_set_attr
                0x0000000000015940                uipbuf_set_default_attr
                0x0000000000015960                uipbuf_clear_attr
                0x0000000000015980                uipbuf_set_attr_flag
                0x0000000000015990                uipbuf_clr_attr_flag
                0x00000000000159a0                uipbuf_is_attr_flag
                0x00000000000159c0                uipbuf_init
 *fill*         0x00000000000159e1        0xf 
 .text          0x00000000000159f0      0x4ce build/native/contiki-ng-native.a(uip-icmp6.o)
                0x0000000000015b30                uip_icmp6_input
                0x0000000000015ba0                uip_icmp6_register_input_handler
                0x0000000000015bb0                uip_icmp6_error_output
                0x0000000000015d90                uip_icmp6_send
                0x0000000000015e50                uip_icmp6_echo_reply_callback_add
                0x0000000000015e80                uip_icmp6_echo_reply_callback_rm
                0x0000000000015e90                uip_icmp6_init
 *fill*         0x0000000000015ebe        0x2 
 .text          0x0000000000015ec0      0x5ab build/native/contiki-ng-native.a(uip-sr.o)
                0x0000000000015f20                uip_sr_num_nodes
                0x0000000000015f30                uip_sr_get_node
                0x0000000000015fa0                uip_sr_is_addr_reachable
                0x0000000000016050                uip_sr_expire_parent
                0x00000000000160a0                uip_sr_update_node
                0x00000000000161b0                uip_sr_init
                0x00000000000161e0                uip_sr_node_head
                0x00000000000161f0                uip_sr_node_next
                0x0000000000016200                uip_sr_periodic
                0x00000000000162d0                uip_sr_free_all
                0x0000000000016330                uip_sr_link_snprint
 *fill*         0x000000000001646b        0x5 
 .text          0x0000000000016470      0x121 build/native/contiki-ng-native.a(uip-packetqueue)
                0x0000000000016490                uip_packetqueue_new
                0x00000000000164a0                uip_packetqueue_alloc
                0x0000000000016500                uip_packetqueue_free
                0x0000000000016540                uip_packetqueue_buf
                0x0000000000016560                uip_packetqueue_buflen
                0x0000000000016580                uip_packetqueue_set_buflen
 *fill*         0x0000000000016591        0xf 
 .text          0x00000000000165a0      0x12e build/native/contiki-ng-native.a(rpl-nbr-policy.)
                0x0000000000016640                rpl_nbr_policy_find_removable
 *fill*         0x00000000000166ce        0x2 
 .text          0x00000000000166d0      0x8c3 build/native/contiki-ng-native.a(rpl-neighbor.o)
                0x0000000000016720                rpl_neighbor_count
                0x0000000000016760                rpl_neighbor_get_from_lladdr
                0x0000000000016770                rpl_neighbor_is_acceptable_parent
                0x00000000000167a0                rpl_neighbor_get_link_metric
                0x00000000000167d0                rpl_neighbor_rank_via_nbr
                0x0000000000016800                rpl_neighbor_get_lladdr
                0x0000000000016810                rpl_neighbor_get_ipaddr
                0x0000000000016830                rpl_neighbor_get_link_stats
                0x0000000000016950                rpl_neighbor_snprint
                0x0000000000016cc0                rpl_neighbor_print_list
                0x0000000000016d50                rpl_neighbor_is_fresh
                0x0000000000016d70                rpl_neighbor_is_reachable
                0x0000000000016dc0                rpl_neighbor_is_parent
                0x0000000000016de0                rpl_neighbor_set_preferred_parent
                0x0000000000016e60                rpl_neighbor_remove_all
                0x0000000000016eb0                rpl_neighbor_get_from_ipaddr
                0x0000000000016ee0                rpl_neighbor_select_best
                0x0000000000016f80                rpl_neighbor_init
 *fill*         0x0000000000016f93        0xd 
 .text          0x0000000000016fa0      0xcb5 build/native/contiki-ng-native.a(rpl-dag.o)
                0x00000000000173e0                rpl_dag_state_to_str
                0x0000000000017420                rpl_dag_get_root_ipaddr
                0x0000000000017450                rpl_dag_leave
                0x00000000000174c0                rpl_dag_poison_and_leave
                0x00000000000174d0                rpl_dag_periodic
                0x0000000000017550                rpl_is_addr_in_our_dag
                0x00000000000175a0                rpl_get_default_instance
                0x00000000000175c0                rpl_get_any_dag
                0x00000000000175e0                rpl_refresh_routes
                0x0000000000017610                rpl_global_repair
                0x0000000000017640                rpl_local_repair
                0x0000000000017660                rpl_dag_ready_to_advertise
                0x0000000000017690                rpl_dag_update_state
                0x00000000000176b0                rpl_process_dio
                0x0000000000017970                rpl_process_dis
                0x00000000000179b0                rpl_process_dao
                0x0000000000017a30                rpl_process_dao_ack
                0x0000000000017ad0                rpl_process_hbh
                0x0000000000017b30                rpl_dag_init_root
                0x0000000000017c40                rpl_dag_init
 *fill*         0x0000000000017c55        0xb 
 .text          0x0000000000017c60      0x927 build/native/contiki-ng-native.a(rpl-timers.o)
                0x0000000000017f10                rpl_timers_schedule_periodic_dis
                0x0000000000018030                rpl_timers_dio_reset
                0x0000000000018080                rpl_timers_schedule_unicast_dio
                0x00000000000180b0                rpl_timers_schedule_dao
                0x0000000000018110                rpl_timers_schedule_dao_ack
                0x0000000000018150                rpl_timers_notify_dao_ack
                0x00000000000181d0                get_probing_delay
                0x00000000000181f0                get_probing_target
                0x00000000000183b0                rpl_schedule_probing
                0x00000000000183d0                rpl_schedule_probing_now
                0x0000000000018420                rpl_timers_unschedule_leaving
                0x0000000000018460                rpl_timers_schedule_leaving
                0x00000000000184b0                rpl_timers_init
                0x00000000000184e0                rpl_timers_stop_dag_timers
                0x0000000000018540                rpl_timers_unschedule_state_update
                0x0000000000018560                rpl_timers_schedule_state_update
 *fill*         0x0000000000018587        0x9 
 .text          0x0000000000018590      0xb0e build/native/contiki-ng-native.a(rpl-ext-header.)
                0x0000000000018600                rpl_ext_header_srh_get_next_hop
                0x00000000000186a0                rpl_ext_header_srh_update
                0x00000000000188f0                rpl_ext_header_hbh_update
                0x00000000000189b0                rpl_ext_header_remove
                0x0000000000018b20                rpl_ext_header_update
 *fill*         0x000000000001909e        0x2 
 .text          0x00000000000190a0      0x27d build/native/contiki-ng-native.a(rpl-mrhof.o)
 .text          0x000000000001931d        0x0 build/native/contiki-ng-native.a(buttons.o)
 *fill*         0x000000000001931d        0x3 
 .text          0x0000000000019320       0x4c build/native/contiki-ng-native.a(int-master.o)
                0x0000000000019320                int_master_enable
                0x0000000000019330                int_master_read_and_disable
                0x0000000000019350                int_master_status_set
                0x0000000000019360                int_master_is_enabled
 *fill*         0x000000000001936c        0x4 
 .text          0x0000000000019370      0x1cb build/native/contiki-ng-native.a(gpio-hal-arch.o)
                0x0000000000019370                gpio_hal_arch_init
                0x0000000000019380                gpio_hal_arch_no_port_interrupt_enable
                0x0000000000019390                gpio_hal_arch_no_port_interrupt_disable
                0x00000000000193a0                gpio_hal_arch_no_port_pin_cfg_set
                0x00000000000193c0                gpio_hal_arch_no_port_pin_cfg_get
                0x00000000000193e0                gpio_hal_arch_no_port_pin_set_input
                0x00000000000193f0                gpio_hal_arch_no_port_pin_set_output
                0x0000000000019400                gpio_hal_arch_no_port_set_pin
                0x0000000000019420                gpio_hal_arch_no_port_clear_pin
                0x0000000000019440                gpio_hal_arch_no_port_read_pin
                0x0000000000019460                gpio_hal_arch_no_port_write_pin
                0x0000000000019480                gpio_hal_arch_no_port_set_pins
                0x00000000000194b0                gpio_hal_arch_no_port_clear_pins
                0x00000000000194e0                gpio_hal_arch_no_port_read_pins
                0x0000000000019510                gpio_hal_arch_no_port_write_pins
 *fill*         0x000000000001953b        0x5 
 .text          0x0000000000019540       0xb1 build/native/contiki-ng-native.a(ringbuf.o)
                0x0000000000019540                ringbuf_init
                0x0000000000019550                ringbuf_put
                0x0000000000019590                ringbuf_get
                0x00000000000195d0                ringbuf_size
                0x00000000000195e0                ringbuf_elements
 *fill*         0x00000000000195f1        0xf 
 .text          0x0000000000019600       0x72 /usr/lib/x86_64-linux-gnu/libc_nonshared.a(elf-init.oS)
                0x0000000000019600                __libc_csu_init
                0x0000000000019670                __libc_csu_fini
 *fill*         0x0000000000019672        0xe 
 .text          0x0000000000019680        0xe /usr/lib/x86_64-linux-gnu/libc_nonshared.a(atexit.oS)
                0x0000000000019680                atexit
 .text          0x000000000001968e        0x0 /usr/lib/gcc/x86_64-linux-gnu/7/crtendS.o
 .text          0x000000000001968e        0x0 /usr/lib/gcc/x86_64-linux-gnu/7/../../../x86_64-linux-gnu/crtn.o
 *(.gnu.warning)

.fini           0x0000000000019690        0x9
 *(SORT_NONE(.fini))
 .fini          0x0000000000019690        0x4 /usr/lib/gcc/x86_64-linux-gnu/7/../../../x86_64-linux-gnu/crti.o
                0x0000000000019690                _fini
 .fini          0x0000000000019694        0x5 /usr/lib/gcc/x86_64-linux-gnu/7/../../../x86_64-linux-gnu/crtn.o
                [!provide]                        PROVIDE (__etext = .)
                [!provide]                        PROVIDE (_etext = .)
                [!provide]                        PROVIDE (etext = .)

.rodata         0x00000000000196a0      0x881
 *(.rodata .rodata.* .gnu.linkonce.r.*)
 .rodata.cst4   0x00000000000196a0        0x4 /usr/lib/gcc/x86_64-linux-gnu/7/../../../x86_64-linux-gnu/Scrt1.o
                0x00000000000196a0                _IO_stdin_used
 .rodata.str1.1
                0x00000000000196a4       0x90 light_node.o
 .rodata.str1.1
                0x0000000000019734        0xd build/native/contiki-ng-native.a(res_light.o)
 *fill*         0x0000000000019741        0x7 
 .rodata.str1.8
                0x0000000000019748       0x5d build/native/contiki-ng-native.a(res_light.o)
 .rodata.str1.1
                0x00000000000197a5       0x41 build/native/contiki-ng-native.a(coap-engine.o)
 .rodata.str1.1
                0x00000000000197e6        0x6 build/native/contiki-ng-native.a(coap-res-well-k)
                                         0x19 (size before relaxing)
 .rodata.str1.1
                0x00000000000197ec       0x11 build/native/contiki-ng-native.a(coap-observe.o)
 .rodata.str1.1
                0x00000000000197fd       0x35 build/native/contiki-ng-native.a(coap-uip.o)
 *fill*         0x0000000000019832        0x6 
 .rodata.str1.8
                0x0000000000019838       0x7f build/native/contiki-ng-native.a(coap.o)
 .rodata.str1.1
                0x00000000000198b7       0x33 build/native/contiki-ng-native.a(coap.o)
                                         0x34 (size before relaxing)
 *fill*         0x00000000000198ea        0x2 
 .rodata        0x00000000000198ec       0xf4 build/native/contiki-ng-native.a(coap.o)
 .rodata.str1.1
                0x00000000000199e0       0x66 build/native/contiki-ng-native.a(contiki-main.o)
                                         0x7a (size before relaxing)
 *fill*         0x0000000000019a46        0x2 
 .rodata.str1.8
                0x0000000000019a48       0x7c build/native/contiki-ng-native.a(contiki-main.o)
 .rodata.str1.1
                0x0000000000019ac4        0xf build/native/contiki-ng-native.a(ctimer.o)
 .rodata.str1.1
                0x0000000000019ad3       0xa5 build/native/contiki-ng-native.a(log.o)
                                         0xac (size before relaxing)
 .rodata        0x0000000000019b78       0x14 build/native/contiki-ng-native.a(log.o)
 .rodata.str1.1
                0x0000000000019b8c        0xc build/native/contiki-ng-native.a(etimer.o)
 .rodata        0x0000000000019b98        0x8 build/native/contiki-ng-native.a(linkaddr.o)
                0x0000000000019b98                linkaddr_null
 .rodata.str1.1
                0x0000000000019ba0        0x8 build/native/contiki-ng-native.a(nullmac.o)
 .rodata.str1.1
                0x0000000000019ba8        0xd build/native/contiki-ng-native.a(tcpip.o)
 .rodata.str1.1
                0x0000000000019bb5       0x28 build/native/contiki-ng-native.a(uiplib.o)
                                         0x2d (size before relaxing)
 .rodata.str1.1
                0x0000000000019bdd        0x9 build/native/contiki-ng-native.a(rpl.o)
 .rodata.str1.1
                0x0000000000019be6       0x2f build/native/contiki-ng-native.a(platform.o)
                                         0x47 (size before relaxing)
 *fill*         0x0000000000019c15        0x3 
 .rodata        0x0000000000019c18        0x8 build/native/contiki-ng-native.a(platform.o)
 .rodata.str1.1
                0x0000000000019c20       0xa6 build/native/contiki-ng-native.a(tun6-net.o)
                                         0xb9 (size before relaxing)
 *fill*         0x0000000000019cc6        0x2 
 .rodata.str1.8
                0x0000000000019cc8       0xc7 build/native/contiki-ng-native.a(tun6-net.o)
 .rodata.str1.1
                0x0000000000019d8f       0x13 build/native/contiki-ng-native.a(coap-timer-defa)
 .rodata.str1.1
                0x0000000000019da2       0x13 build/native/contiki-ng-native.a(button-hal.o)
 .rodata.str1.1
                0x0000000000019db5        0xe build/native/contiki-ng-native.a(serial-line.o)
 .rodata.str1.1
                0x0000000000019dc3       0x44 build/native/contiki-ng-native.a(uip-sr.o)
 *fill*         0x0000000000019e07        0x1 
 .rodata.str1.8
                0x0000000000019e08       0x28 build/native/contiki-ng-native.a(rpl-neighbor.o)
                                         0x22 (size before relaxing)
 .rodata.str1.1
                0x0000000000019e30       0x34 build/native/contiki-ng-native.a(rpl-neighbor.o)
                                         0x36 (size before relaxing)
 .rodata.str1.1
                0x0000000000019e64       0xb0 build/native/contiki-ng-native.a(rpl-dag.o)
 .rodata.str1.1
                0x0000000000019f14        0xc build/native/contiki-ng-native.a(rpl-timers.o)
 .rodata        0x0000000000019f20        0x1 build/native/contiki-ng-native.a(buttons.o)
                0x0000000000019f20                button_hal_button_count

.rodata1
 *(.rodata1)

.eh_frame_hdr   0x0000000000019f24     0x132c
 *(.eh_frame_hdr)
 .eh_frame_hdr  0x0000000000019f24     0x132c /usr/lib/gcc/x86_64-linux-gnu/7/../../../x86_64-linux-gnu/Scrt1.o
                0x0000000000019f24                __GNU_EH_FRAME_HDR
 *(.eh_frame_entry .eh_frame_entry.*)

.eh_frame       0x000000000001b250     0x4ae0
 *(.eh_frame)
 .eh_frame      0x000000000001b250       0x30 /usr/lib/gcc/x86_64-linux-gnu/7/../../../x86_64-linux-gnu/Scrt1.o
                                         0x2c (size before relaxing)
 *fill*         0x000000000001b280        0x0 
 .eh_frame      0x000000000001b280       0x40 /usr/lib/gcc/x86_64-linux-gnu/7/../../../x86_64-linux-gnu/Scrt1.o
 .eh_frame      0x000000000001b2c0       0x18 /usr/lib/gcc/x86_64-linux-gnu/7/../../../x86_64-linux-gnu/Scrt1.o
                                         0x30 (size before relaxing)
 .eh_frame      0x000000000001b2d8       0x58 light_node.o
                                         0x70 (size before relaxing)
 .eh_frame      0x000000000001b330       0x38 build/native/contiki-ng-native.a(res_light.o)
                                         0x50 (size before relaxing)
 .eh_frame      0x000000000001b368       0x78 build/native/contiki-ng-native.a(coap-blocking-a)
                                         0x90 (size before relaxing)
 .eh_frame      0x000000000001b3e0      0x150 build/native/contiki-ng-native.a(coap-engine.o)
                                        0x168 (size before relaxing)
 .eh_frame      0x000000000001b530       0x68 build/native/contiki-ng-native.a(coap-res-well-k)
                                         0x80 (size before relaxing)
 .eh_frame      0x000000000001b598      0x260 build/native/contiki-ng-native.a(coap-observe.o)
                                        0x278 (size before relaxing)
 .eh_frame      0x000000000001b7f8      0x1b0 build/native/contiki-ng-native.a(coap-uip.o)
                                        0x1c8 (size before relaxing)
 .eh_frame      0x000000000001b9a8      0x118 build/native/contiki-ng-native.a(coap-timer.o)
                                        0x130 (size before relaxing)
 .eh_frame      0x000000000001bac0       0xf8 build/native/contiki-ng-native.a(coap-transactio)
                                        0x110 (size before relaxing)
 .eh_frame      0x000000000001bbb8      0x560 build/native/contiki-ng-native.a(coap.o)
                                        0x578 (size before relaxing)
 .eh_frame      0x000000000001c118       0x20 build/native/contiki-ng-native.a(contiki-main.o)
                                         0x38 (size before relaxing)
 .eh_frame      0x000000000001c138       0x38 build/native/contiki-ng-native.a(autostart.o)
                                         0x50 (size before relaxing)
 .eh_frame      0x000000000001c170      0x118 build/native/contiki-ng-native.a(ctimer.o)
                                        0x130 (size before relaxing)
 .eh_frame      0x000000000001c288      0x170 build/native/contiki-ng-native.a(log.o)
                                        0x188 (size before relaxing)
 .eh_frame      0x000000000001c3f8       0x40 build/native/contiki-ng-native.a(energest.o)
                                         0x58 (size before relaxing)
 .eh_frame      0x000000000001c438      0x1b0 build/native/contiki-ng-native.a(etimer.o)
                                        0x1c8 (size before relaxing)
 .eh_frame      0x000000000001c5e8       0x18 build/native/contiki-ng-native.a(node-id.o)
                                         0x30 (size before relaxing)
 .eh_frame      0x000000000001c600       0x50 build/native/contiki-ng-native.a(rtimer.o)
                                         0x68 (size before relaxing)
 .eh_frame      0x000000000001c650      0x188 build/native/contiki-ng-native.a(process.o)
                                        0x1a0 (size before relaxing)
 .eh_frame      0x000000000001c7d8       0x90 build/native/contiki-ng-native.a(timer.o)
                                         0xa8 (size before relaxing)
 .eh_frame      0x000000000001c868      0x108 build/native/contiki-ng-native.a(list.o)
                                        0x120 (size before relaxing)
 .eh_frame      0x000000000001c970       0x70 build/native/contiki-ng-native.a(memb.o)
                                         0x88 (size before relaxing)
 .eh_frame      0x000000000001c9e0       0x30 build/native/contiki-ng-native.a(random.o)
                                         0x48 (size before relaxing)
 .eh_frame      0x000000000001ca10      0x138 build/native/contiki-ng-native.a(queuebuf.o)
                                        0x150 (size before relaxing)
 .eh_frame      0x000000000001cb48      0x1c0 build/native/contiki-ng-native.a(packetbuf.o)
                                        0x1d8 (size before relaxing)
 .eh_frame      0x000000000001cd08       0x78 build/native/contiki-ng-native.a(netstack.o)
                                         0x90 (size before relaxing)
 .eh_frame      0x000000000001cd80       0x40 build/native/contiki-ng-native.a(linkaddr.o)
                                         0x58 (size before relaxing)
 .eh_frame      0x000000000001cdc0       0x78 build/native/contiki-ng-native.a(nullmac.o)
                                         0x90 (size before relaxing)
 .eh_frame      0x000000000001ce38      0x3b8 build/native/contiki-ng-native.a(uip-ds6.o)
                                        0x3d0 (size before relaxing)
 .eh_frame      0x000000000001d1f0       0x48 build/native/contiki-ng-native.a(uip-udp-packet.)
                                         0x60 (size before relaxing)
 .eh_frame      0x000000000001d238      0x1b0 build/native/contiki-ng-native.a(uip-ds6-route.o)
                                        0x1c8 (size before relaxing)
 .eh_frame      0x000000000001d3e8      0x138 build/native/contiki-ng-native.a(tcpip.o)
                                        0x150 (size before relaxing)
 .eh_frame      0x000000000001d520      0x198 build/native/contiki-ng-native.a(uip6.o)
                                        0x1b0 (size before relaxing)
 .eh_frame      0x000000000001d6b8      0x1b8 build/native/contiki-ng-native.a(uip-ds6-nbr.o)
                                        0x1d0 (size before relaxing)
 .eh_frame      0x000000000001d870       0x60 build/native/contiki-ng-native.a(uip-nd6.o)
                                         0x78 (size before relaxing)
 .eh_frame      0x000000000001d8d0       0xc8 build/native/contiki-ng-native.a(uiplib.o)
                                         0xe0 (size before relaxing)
 .eh_frame      0x000000000001d998      0x1b0 build/native/contiki-ng-native.a(rpl.o)
                                        0x1c8 (size before relaxing)
 .eh_frame      0x000000000001db48      0x1f0 build/native/contiki-ng-native.a(rpl-icmp6.o)
                                        0x208 (size before relaxing)
 .eh_frame      0x000000000001dd38       0xa8 build/native/contiki-ng-native.a(rpl-dag-root.o)
                                         0xc0 (size before relaxing)
 .eh_frame      0x000000000001dde0      0x128 build/native/contiki-ng-native.a(platform.o)
                                        0x140 (size before relaxing)
 .eh_frame      0x000000000001df08       0x60 build/native/contiki-ng-native.a(clock.o)
                                         0x78 (size before relaxing)
 .eh_frame      0x000000000001df68      0x100 build/native/contiki-ng-native.a(tun6-net.o)
                                        0x118 (size before relaxing)
 .eh_frame      0x000000000001e068       0x50 build/native/contiki-ng-native.a(rtimer-arch.o)
                                         0x68 (size before relaxing)
 .eh_frame      0x000000000001e0b8       0x68 build/native/contiki-ng-native.a(watchdog.o)
                                         0x80 (size before relaxing)
 .eh_frame      0x000000000001e120       0x70 build/native/contiki-ng-native.a(coap-timer-defa)
                                         0x88 (size before relaxing)
 .eh_frame      0x000000000001e190       0xa8 build/native/contiki-ng-native.a(stimer.o)
                                         0xc0 (size before relaxing)
 .eh_frame      0x000000000001e238      0x138 build/native/contiki-ng-native.a(button-hal.o)
                                        0x150 (size before relaxing)
 .eh_frame      0x000000000001e370       0x80 build/native/contiki-ng-native.a(serial-line.o)
                                         0x98 (size before relaxing)
 .eh_frame      0x000000000001e3f0       0xb8 build/native/contiki-ng-native.a(leds.o)
                                         0xd0 (size before relaxing)
 .eh_frame      0x000000000001e4a8      0x118 build/native/contiki-ng-native.a(nullradio.o)
                                        0x130 (size before relaxing)
 .eh_frame      0x000000000001e5c0       0xc8 build/native/contiki-ng-native.a(gpio-hal.o)
                                         0xe0 (size before relaxing)
 .eh_frame      0x000000000001e688      0x180 build/native/contiki-ng-native.a(nbr-table.o)
                                        0x198 (size before relaxing)
 .eh_frame      0x000000000001e808      0x130 build/native/contiki-ng-native.a(link-stats.o)
                                        0x148 (size before relaxing)
 .eh_frame      0x000000000001e938      0x150 build/native/contiki-ng-native.a(uipbuf.o)
                                        0x168 (size before relaxing)
 .eh_frame      0x000000000001ea88      0x198 build/native/contiki-ng-native.a(uip-icmp6.o)
                                        0x1b0 (size before relaxing)
 .eh_frame      0x000000000001ec20      0x210 build/native/contiki-ng-native.a(uip-sr.o)
                                        0x228 (size before relaxing)
 .eh_frame      0x000000000001ee30       0xb8 build/native/contiki-ng-native.a(uip-packetqueue)
                                         0xd0 (size before relaxing)
 .eh_frame      0x000000000001eee8       0x50 build/native/contiki-ng-native.a(rpl-nbr-policy.)
                                         0x68 (size before relaxing)
 .eh_frame      0x000000000001ef38      0x288 build/native/contiki-ng-native.a(rpl-neighbor.o)
                                        0x2a0 (size before relaxing)
 .eh_frame      0x000000000001f1c0      0x348 build/native/contiki-ng-native.a(rpl-dag.o)
                                        0x360 (size before relaxing)
 .eh_frame      0x000000000001f508      0x338 build/native/contiki-ng-native.a(rpl-timers.o)
                                        0x350 (size before relaxing)
 .eh_frame      0x000000000001f840      0x140 build/native/contiki-ng-native.a(rpl-ext-header.)
                                        0x158 (size before relaxing)
 .eh_frame      0x000000000001f980      0x150 build/native/contiki-ng-native.a(rpl-mrhof.o)
                                        0x168 (size before relaxing)
 .eh_frame      0x000000000001fad0       0x50 build/native/contiki-ng-native.a(int-master.o)
                                         0x68 (size before relaxing)
 .eh_frame      0x000000000001fb20      0x130 build/native/contiki-ng-native.a(gpio-hal-arch.o)
                                        0x148 (size before relaxing)
 .eh_frame      0x000000000001fc50       0x68 build/native/contiki-ng-native.a(ringbuf.o)
                                         0x80 (size before relaxing)
 .eh_frame      0x000000000001fcb8       0x60 /usr/lib/x86_64-linux-gnu/libc_nonshared.a(elf-init.oS)
                                         0x78 (size before relaxing)
 .eh_frame      0x000000000001fd18       0x14 /usr/lib/x86_64-linux-gnu/libc_nonshared.a(atexit.oS)
                                         0x30 (size before relaxing)
 .eh_frame      0x000000000001fd2c        0x4 /usr/lib/gcc/x86_64-linux-gnu/7/crtendS.o
 *(.eh_frame.*)

.gcc_except_table
 *(.gcc_except_table .gcc_except_table.*)

.gnu_extab
 *(.gnu_extab*)

.exception_ranges
 *(.exception_ranges .exception_ranges*)
                0x0000000000220a50                . = DATA_SEGMENT_ALIGN (CONSTANT (MAXPAGESIZE), CONSTANT (COMMONPAGESIZE))

.eh_frame
 *(.eh_frame)
 *(.eh_frame.*)

.gnu_extab
 *(.gnu_extab)

.gcc_except_table
 *(.gcc_except_table .gcc_except_table.*)

.exception_ranges
 *(.exception_ranges .exception_ranges*)

.tdata
 *(.tdata .tdata.* .gnu.linkonce.td.*)

.tbss
 *(.tbss .tbss.* .gnu.linkonce.tb.*)
 *(.tcommon)

.preinit_array  0x0000000000220a50        0x0
                [!provide]                        PROVIDE (__preinit_array_start = .)
 *(.preinit_array)
                [!provide]                        PROVIDE (__preinit_array_end = .)

.init_array     0x0000000000220a50        0x8
                0x0000000000220a50                PROVIDE (__init_array_start = .)
 *(SORT_BY_INIT_PRIORITY(.init_array.*) SORT_BY_INIT_PRIORITY(.ctors.*))
 *(.init_array EXCLUDE_FILE(*crtend?.o *crtend.o *crtbegin?.o *crtbegin.o) .ctors)
 .init_array    0x0000000000220a50        0x8 /usr/lib/gcc/x86_64-linux-gnu/7/crtbeginS.o
                0x0000000000220a58                PROVIDE (__init_array_end = .)

.fini_array     0x0000000000220a58        0x8
                [!provide]                        PROVIDE (__fini_array_start = .)
 *(SORT_BY_INIT_PRIORITY(.fini_array.*) SORT_BY_INIT_PRIORITY(.dtors.*))
 *(.fini_array EXCLUDE_FILE(*crtend?.o *crtend.o *crtbegin?.o *crtbegin.o) .dtors)
 .fini_array    0x0000000000220a58        0x8 /usr/lib/gcc/x86_64-linux-gnu/7/crtbeginS.o
                [!provide]                        PROVIDE (__fini_array_end = .)

.ctors
 *crtbegin.o(.ctors)
 *crtbegin?.o(.ctors)
 *(EXCLUDE_FILE(*crtend?.o *crtend.o) .ctors)
 *(SORT_BY_NAME(.ctors.*))
 *(.ctors)

.dtors
 *crtbegin.o(.dtors)
 *crtbegin?.o(.dtors)
 *(EXCLUDE_FILE(*crtend?.o *crtend.o) .dtors)
 *(SORT_BY_NAME(.dtors.*))
 *(.dtors)

.jcr
 *(.jcr)

.data.rel.ro    0x0000000000220a60      0x208
 *(.data.rel.ro.local* .gnu.linkonce.d.rel.ro.local.*)
 .data.rel.ro.local
                0x0000000000220a60       0x10 light_node.o
                0x0000000000220a60                autostart_processes
 *fill*         0x0000000000220a70       0x10 
 .data.rel.ro.local
                0x0000000000220a80       0x38 build/native/contiki-ng-native.a(nullmac.o)
                0x0000000000220a80                nullmac_driver
 *fill*         0x0000000000220ab8        0x8 
 .data.rel.ro.local
                0x0000000000220ac0       0x10 build/native/contiki-ng-native.a(platform.o)
 *fill*         0x0000000000220ad0       0x10 
 .data.rel.ro.local
                0x0000000000220ae0       0x30 build/native/contiki-ng-native.a(tun6-net.o)
                0x0000000000220ae0                tun6_net_driver
 .data.rel.ro.local
                0x0000000000220b10       0x18 build/native/contiki-ng-native.a(coap-timer-defa)
                0x0000000000220b10                coap_timer_default_driver
 *fill*         0x0000000000220b28       0x18 
 .data.rel.ro.local
                0x0000000000220b40       0x70 build/native/contiki-ng-native.a(nullradio.o)
                0x0000000000220b40                nullradio_driver
 *(.data.rel.ro .data.rel.ro.* .gnu.linkonce.d.rel.ro.*)
 .data.rel.ro   0x0000000000220bb0        0x0 /usr/lib/gcc/x86_64-linux-gnu/7/../../../x86_64-linux-gnu/Scrt1.o
 *fill*         0x0000000000220bb0       0x10 
 .data.rel.ro   0x0000000000220bc0       0xa8 build/native/contiki-ng-native.a(rpl.o)
                0x0000000000220bc0                rpl_lite_driver

.dynamic        0x0000000000220c68      0x210
 *(.dynamic)
 .dynamic       0x0000000000220c68      0x210 /usr/lib/gcc/x86_64-linux-gnu/7/../../../x86_64-linux-gnu/Scrt1.o
                0x0000000000220c68                _DYNAMIC

.got            0x0000000000220e78      0x188
 *(.got.plt)
 .got.plt       0x0000000000220e78      0x160 /usr/lib/gcc/x86_64-linux-gnu/7/../../../x86_64-linux-gnu/Scrt1.o
                0x0000000000220e78                _GLOBAL_OFFSET_TABLE_
 *(.igot.plt)
 *(.got)
 .got           0x0000000000220fd8       0x28 /usr/lib/gcc/x86_64-linux-gnu/7/../../../x86_64-linux-gnu/Scrt1.o
 *(.igot)
                0x0000000000221000                . = DATA_SEGMENT_RELRO_END (., 0x0)

.data           0x0000000000221000      0x668
 *(.data .data.* .gnu.linkonce.d.*)
 .data          0x0000000000221000        0x4 /usr/lib/gcc/x86_64-linux-gnu/7/../../../x86_64-linux-gnu/Scrt1.o
                0x0000000000221000                data_start
                0x0000000000221000                __data_start
 .data          0x0000000000221004        0x0 /usr/lib/gcc/x86_64-linux-gnu/7/../../../x86_64-linux-gnu/crti.o
 .data          0x0000000000221004        0x0 /usr/lib/gcc/x86_64-linux-gnu/7/crtbeginS.o
 *fill*         0x0000000000221004        0x4 
 .data.rel.local
                0x0000000000221008        0x8 /usr/lib/gcc/x86_64-linux-gnu/7/crtbeginS.o
                0x0000000000221008                __dso_handle
 .data          0x0000000000221010        0x4 light_node.o
 *fill*         0x0000000000221014        0xc 
 .data.rel.local
                0x0000000000221020       0x20 light_node.o
                0x0000000000221020                light_node
 .data          0x0000000000221040        0x4 build/native/contiki-ng-native.a(res_light.o)
 *fill*         0x0000000000221044       0x1c 
 .data.rel.local
                0x0000000000221060       0x48 build/native/contiki-ng-native.a(res_light.o)
                0x0000000000221060                res_light
 .data          0x00000000002210a8        0x0 build/native/contiki-ng-native.a(coap-blocking-a)
 .data          0x00000000002210a8        0x0 build/native/contiki-ng-native.a(coap-engine.o)
 .data          0x00000000002210a8        0x0 build/native/contiki-ng-native.a(coap-res-well-k)
 *fill*         0x00000000002210a8       0x18 
 .data.rel.local
                0x00000000002210c0       0x48 build/native/contiki-ng-native.a(coap-res-well-k)
                0x00000000002210c0                res_well_known_core
 .data          0x0000000000221108        0x0 build/native/contiki-ng-native.a(coap-observe.o)
 *fill*         0x0000000000221108        0x8 
 .data.rel.local
                0x0000000000221110       0x18 build/native/contiki-ng-native.a(coap-observe.o)
 .data          0x0000000000221128        0x0 build/native/contiki-ng-native.a(coap-uip.o)
 *fill*         0x0000000000221128       0x18 
 .data.rel.local
                0x0000000000221140       0x20 build/native/contiki-ng-native.a(coap-uip.o)
                0x0000000000221140                coap_engine
 .data          0x0000000000221160        0x0 build/native/contiki-ng-native.a(coap-timer.o)
 .data          0x0000000000221160        0x0 build/native/contiki-ng-native.a(coap-transactio)
 .data.rel.local
                0x0000000000221160       0x18 build/native/contiki-ng-native.a(coap-transactio)
 .data          0x0000000000221178        0x0 build/native/contiki-ng-native.a(coap.o)
 .data.rel.local
                0x0000000000221178        0x8 build/native/contiki-ng-native.a(coap.o)
                0x0000000000221178                coap_error_message
 .data          0x0000000000221180        0x0 build/native/contiki-ng-native.a(contiki-main.o)
 .data          0x0000000000221180        0x0 build/native/contiki-ng-native.a(autostart.o)
 .data          0x0000000000221180        0x0 build/native/contiki-ng-native.a(ctimer.o)
 .data.rel.local
                0x0000000000221180       0x20 build/native/contiki-ng-native.a(ctimer.o)
                0x0000000000221180                ctimer_process
 .data          0x00000000002211a0        0x4 build/native/contiki-ng-native.a(log.o)
                0x00000000002211a0                curr_log_level_main
 *fill*         0x00000000002211a4       0x1c 
 .data.rel.local
                0x00000000002211c0      0x138 build/native/contiki-ng-native.a(log.o)
                0x00000000002211c0                all_modules
 .data          0x00000000002212f8        0x0 build/native/contiki-ng-native.a(energest.o)
 .data          0x00000000002212f8        0x0 build/native/contiki-ng-native.a(etimer.o)
 *fill*         0x00000000002212f8        0x8 
 .data.rel.local
                0x0000000000221300       0x20 build/native/contiki-ng-native.a(etimer.o)
                0x0000000000221300                etimer_process
 .data          0x0000000000221320        0x0 build/native/contiki-ng-native.a(node-id.o)
 .data          0x0000000000221320        0x0 build/native/contiki-ng-native.a(rtimer.o)
 .data          0x0000000000221320        0x0 build/native/contiki-ng-native.a(process.o)
 .data          0x0000000000221320        0x0 build/native/contiki-ng-native.a(timer.o)
 .data          0x0000000000221320        0x0 build/native/contiki-ng-native.a(list.o)
 .data          0x0000000000221320        0x0 build/native/contiki-ng-native.a(memb.o)
 .data          0x0000000000221320        0x0 build/native/contiki-ng-native.a(random.o)
 .data          0x0000000000221320        0x0 build/native/contiki-ng-native.a(queuebuf.o)
 .data.rel.local
                0x0000000000221320       0x38 build/native/contiki-ng-native.a(queuebuf.o)
 .data          0x0000000000221358        0x0 build/native/contiki-ng-native.a(packetbuf.o)
 .data          0x0000000000221358        0x0 build/native/contiki-ng-native.a(netstack.o)
 .data          0x0000000000221358        0x0 build/native/contiki-ng-native.a(linkaddr.o)
 .data          0x0000000000221358        0x0 build/native/contiki-ng-native.a(nullmac.o)
 .data          0x0000000000221358        0x0 build/native/contiki-ng-native.a(uip-ds6.o)
 .data          0x0000000000221358        0x0 build/native/contiki-ng-native.a(uip-udp-packet.)
 .data          0x0000000000221358        0x0 build/native/contiki-ng-native.a(uip-ds6-route.o)
 *fill*         0x0000000000221358        0x8 
 .data.rel.local
                0x0000000000221360       0x18 build/native/contiki-ng-native.a(uip-ds6-route.o)
 .data          0x0000000000221378        0x0 build/native/contiki-ng-native.a(tcpip.o)
 *fill*         0x0000000000221378        0x8 
 .data.rel.local
                0x0000000000221380       0x20 build/native/contiki-ng-native.a(tcpip.o)
                0x0000000000221380                tcpip_process
 .data          0x00000000002213a0        0x0 build/native/contiki-ng-native.a(uip6.o)
 .data          0x00000000002213a0        0x0 build/native/contiki-ng-native.a(uip-ds6-nbr.o)
 .data.rel.local
                0x00000000002213a0       0x18 build/native/contiki-ng-native.a(uip-ds6-nbr.o)
 .data          0x00000000002213b8        0x0 build/native/contiki-ng-native.a(uip-nd6.o)
 *fill*         0x00000000002213b8        0x8 
 .data.rel.local
                0x00000000002213c0       0x18 build/native/contiki-ng-native.a(uip-nd6.o)
 .data          0x00000000002213d8        0x0 build/native/contiki-ng-native.a(uiplib.o)
 .data          0x00000000002213d8        0x0 build/native/contiki-ng-native.a(rpl.o)
 .data          0x00000000002213d8        0x0 build/native/contiki-ng-native.a(rpl-icmp6.o)
 *fill*         0x00000000002213d8        0x8 
 .data.rel.local
                0x00000000002213e0       0x78 build/native/contiki-ng-native.a(rpl-icmp6.o)
 .data          0x0000000000221458        0x0 build/native/contiki-ng-native.a(rpl-dag-root.o)
 .data          0x0000000000221458        0x0 build/native/contiki-ng-native.a(platform.o)
 .data          0x0000000000221458        0x0 build/native/contiki-ng-native.a(clock.o)
 *fill*         0x0000000000221458        0x8 
 .data          0x0000000000221460       0x60 build/native/contiki-ng-native.a(tun6-net.o)
 .data          0x00000000002214c0        0x0 build/native/contiki-ng-native.a(rtimer-arch.o)
 .data          0x00000000002214c0        0x0 build/native/contiki-ng-native.a(watchdog.o)
 .data          0x00000000002214c0        0x0 build/native/contiki-ng-native.a(coap-timer-defa)
 .data.rel.local
                0x00000000002214c0       0x20 build/native/contiki-ng-native.a(coap-timer-defa)
                0x00000000002214c0                coap_timer_process
 .data          0x00000000002214e0        0x0 build/native/contiki-ng-native.a(stimer.o)
 .data          0x00000000002214e0        0x0 build/native/contiki-ng-native.a(button-hal.o)
 .data.rel.local
                0x00000000002214e0       0x20 build/native/contiki-ng-native.a(button-hal.o)
                0x00000000002214e0                button_hal_process
 .data          0x0000000000221500        0x0 build/native/contiki-ng-native.a(serial-line.o)
 .data.rel.local
                0x0000000000221500       0x20 build/native/contiki-ng-native.a(serial-line.o)
                0x0000000000221500                serial_line_process
 .data          0x0000000000221520        0x0 build/native/contiki-ng-native.a(leds.o)
 .data          0x0000000000221520        0x0 build/native/contiki-ng-native.a(nullradio.o)
 .data          0x0000000000221520        0x0 build/native/contiki-ng-native.a(gpio-hal.o)
 .data          0x0000000000221520        0x0 build/native/contiki-ng-native.a(nbr-table.o)
 .data.rel.local
                0x0000000000221520       0x18 build/native/contiki-ng-native.a(nbr-table.o)
 .data          0x0000000000221538        0x0 build/native/contiki-ng-native.a(link-stats.o)
 *fill*         0x0000000000221538        0x8 
 .data.rel.local
                0x0000000000221540       0x18 build/native/contiki-ng-native.a(link-stats.o)
 .data          0x0000000000221558        0x0 build/native/contiki-ng-native.a(uipbuf.o)
 .data          0x0000000000221558        0x0 build/native/contiki-ng-native.a(uip-icmp6.o)
 *fill*         0x0000000000221558        0x8 
 .data.rel.local
                0x0000000000221560       0x38 build/native/contiki-ng-native.a(uip-icmp6.o)
 .data          0x0000000000221598        0x0 build/native/contiki-ng-native.a(uip-sr.o)
 *fill*         0x0000000000221598        0x8 
 .data.rel.local
                0x00000000002215a0       0x18 build/native/contiki-ng-native.a(uip-sr.o)
 .data          0x00000000002215b8        0x0 build/native/contiki-ng-native.a(uip-packetqueue)
 *fill*         0x00000000002215b8        0x8 
 .data.rel.local
                0x00000000002215c0       0x18 build/native/contiki-ng-native.a(uip-packetqueue)
 .data          0x00000000002215d8        0x0 build/native/contiki-ng-native.a(rpl-nbr-policy.)
 .data          0x00000000002215d8        0x0 build/native/contiki-ng-native.a(rpl-neighbor.o)
 *fill*         0x00000000002215d8        0x8 
 .data.rel.local
                0x00000000002215e0       0x28 build/native/contiki-ng-native.a(rpl-neighbor.o)
                0x00000000002215e0                rpl_neighbors
 .data          0x0000000000221608        0x0 build/native/contiki-ng-native.a(rpl-dag.o)
 .data          0x0000000000221608        0x0 build/native/contiki-ng-native.a(rpl-timers.o)
 .data          0x0000000000221608        0x0 build/native/contiki-ng-native.a(rpl-ext-header.)
 .data          0x0000000000221608        0x0 build/native/contiki-ng-native.a(rpl-mrhof.o)
 *fill*         0x0000000000221608       0x18 
 .data.rel.local
                0x0000000000221620       0x48 build/native/contiki-ng-native.a(rpl-mrhof.o)
                0x0000000000221620                rpl_mrhof
 .data          0x0000000000221668        0x0 build/native/contiki-ng-native.a(buttons.o)
 .data          0x0000000000221668        0x0 build/native/contiki-ng-native.a(int-master.o)
 .data          0x0000000000221668        0x0 build/native/contiki-ng-native.a(gpio-hal-arch.o)
 .data          0x0000000000221668        0x0 build/native/contiki-ng-native.a(ringbuf.o)
 .data          0x0000000000221668        0x0 /usr/lib/x86_64-linux-gnu/libc_nonshared.a(elf-init.oS)
 .data          0x0000000000221668        0x0 /usr/lib/x86_64-linux-gnu/libc_nonshared.a(atexit.oS)
 .data          0x0000000000221668        0x0 /usr/lib/gcc/x86_64-linux-gnu/7/crtendS.o
 .data          0x0000000000221668        0x0 /usr/lib/gcc/x86_64-linux-gnu/7/../../../x86_64-linux-gnu/crtn.o

.tm_clone_table
                0x0000000000221668        0x0
 .tm_clone_table
                0x0000000000221668        0x0 /usr/lib/gcc/x86_64-linux-gnu/7/crtbeginS.o
 .tm_clone_table
                0x0000000000221668        0x0 /usr/lib/gcc/x86_64-linux-gnu/7/crtendS.o

.data1
 *(.data1)
                0x0000000000221668                _edata = .
                [!provide]                        PROVIDE (edata = .)
                0x0000000000221668                . = .
                0x0000000000221668                __bss_start = .

.bss            0x0000000000221680     0xe980
 *(.dynbss)
 .dynbss        0x0000000000221680       0x28 /usr/lib/gcc/x86_64-linux-gnu/7/../../../x86_64-linux-gnu/Scrt1.o
                0x0000000000221680                stdout@@GLIBC_2.2.5
                0x00000000002216a0                stderr@@GLIBC_2.2.5
 *(.bss .bss.* .gnu.linkonce.b.*)
 .bss           0x00000000002216a8        0x0 /usr/lib/gcc/x86_64-linux-gnu/7/../../../x86_64-linux-gnu/Scrt1.o
 .bss           0x00000000002216a8        0x0 /usr/lib/gcc/x86_64-linux-gnu/7/../../../x86_64-linux-gnu/crti.o
 .bss           0x00000000002216a8        0x1 /usr/lib/gcc/x86_64-linux-gnu/7/crtbeginS.o
 *fill*         0x00000000002216a9       0x17 
 .bss           0x00000000002216c0      0x174 light_node.o
 .bss           0x0000000000221834        0x0 build/native/contiki-ng-native.a(res_light.o)
 .bss           0x0000000000221834        0x0 build/native/contiki-ng-native.a(coap-blocking-a)
 *fill*         0x0000000000221834        0xc 
 .bss           0x0000000000221840      0x218 build/native/contiki-ng-native.a(coap-engine.o)
 .bss           0x0000000000221a58        0x0 build/native/contiki-ng-native.a(coap-res-well-k)
 *fill*         0x0000000000221a58        0x8 
 .bss           0x0000000000221a60      0x15b build/native/contiki-ng-native.a(coap-observe.o)
 *fill*         0x0000000000221bbb        0x5 
 .bss           0x0000000000221bc0       0x20 build/native/contiki-ng-native.a(coap-uip.o)
 .bss           0x0000000000221be0       0x10 build/native/contiki-ng-native.a(coap-timer.o)
 *fill*         0x0000000000221bf0       0x10 
 .bss           0x0000000000221c00      0x3c4 build/native/contiki-ng-native.a(coap-transactio)
 .bss           0x0000000000221fc4        0x6 build/native/contiki-ng-native.a(coap.o)
                0x0000000000221fc4                coap_status_code
 .bss           0x0000000000221fca        0x0 build/native/contiki-ng-native.a(contiki-main.o)
 .bss           0x0000000000221fca        0x0 build/native/contiki-ng-native.a(autostart.o)
 *fill*         0x0000000000221fca        0x6 
 .bss           0x0000000000221fd0       0x10 build/native/contiki-ng-native.a(ctimer.o)
 .bss           0x0000000000221fe0       0x2c build/native/contiki-ng-native.a(log.o)
                0x0000000000221fe0                curr_log_level_lwm2m
                0x0000000000221fe4                curr_log_level_snmp
                0x0000000000221fe8                curr_log_level_coap
                0x0000000000221fec                curr_log_level_6top
                0x0000000000221ff0                curr_log_level_framer
                0x0000000000221ff4                curr_log_level_mac
                0x0000000000221ff8                curr_log_level_nullnet
                0x0000000000221ffc                curr_log_level_6lowpan
                0x0000000000222000                curr_log_level_ipv6
                0x0000000000222004                curr_log_level_tcpip
                0x0000000000222008                curr_log_level_rpl
 .bss           0x000000000022200c        0x0 build/native/contiki-ng-native.a(energest.o)
 *fill*         0x000000000022200c        0x4 
 .bss           0x0000000000222010       0x10 build/native/contiki-ng-native.a(etimer.o)
 .bss           0x0000000000222020        0x2 build/native/contiki-ng-native.a(node-id.o)
                0x0000000000222020                node_id
 *fill*         0x0000000000222022        0x6 
 .bss           0x0000000000222028        0x8 build/native/contiki-ng-native.a(rtimer.o)
 *fill*         0x0000000000222030       0x10 
 .bss           0x0000000000222040      0x323 build/native/contiki-ng-native.a(process.o)
                0x0000000000222040                process_current
                0x0000000000222048                process_list
 .bss           0x0000000000222363        0x0 build/native/contiki-ng-native.a(timer.o)
 .bss           0x0000000000222363        0x0 build/native/contiki-ng-native.a(list.o)
 .bss           0x0000000000222363        0x0 build/native/contiki-ng-native.a(memb.o)
 .bss           0x0000000000222363        0x0 build/native/contiki-ng-native.a(random.o)
 *fill*         0x0000000000222363       0x1d 
 .bss           0x0000000000222380     0x2d80 build/native/contiki-ng-native.a(queuebuf.o)
 .bss           0x0000000000225100       0x86 build/native/contiki-ng-native.a(packetbuf.o)
 *fill*         0x0000000000225186        0x2 
 .bss           0x0000000000225188        0x8 build/native/contiki-ng-native.a(netstack.o)
 .bss           0x0000000000225190        0x0 build/native/contiki-ng-native.a(linkaddr.o)
 .bss           0x0000000000225190        0x0 build/native/contiki-ng-native.a(nullmac.o)
 .bss           0x0000000000225190       0x40 build/native/contiki-ng-native.a(uip-ds6.o)
 .bss           0x00000000002251d0        0x0 build/native/contiki-ng-native.a(uip-udp-packet.)
 *fill*         0x00000000002251d0       0x10 
 .bss           0x00000000002251e0       0x70 build/native/contiki-ng-native.a(uip-ds6-route.o)
 *fill*         0x0000000000225250       0x10 
 .bss           0x0000000000225260       0x20 build/native/contiki-ng-native.a(tcpip.o)
 .bss           0x0000000000225280        0x8 build/native/contiki-ng-native.a(uip6.o)
                0x0000000000225280                uip_last_proto
                0x0000000000225282                uip_ext_len
                0x0000000000225284                uip_ext_bitmap
 *fill*         0x0000000000225288       0x18 
 .bss           0x00000000002252a0     0x2580 build/native/contiki-ng-native.a(uip-ds6-nbr.o)
 .bss           0x0000000000227820       0x19 build/native/contiki-ng-native.a(uip-nd6.o)
 .bss           0x0000000000227839        0x0 build/native/contiki-ng-native.a(uiplib.o)
 .bss           0x0000000000227839        0x1 build/native/contiki-ng-native.a(rpl.o)
 .bss           0x000000000022783a        0x0 build/native/contiki-ng-native.a(rpl-icmp6.o)
 *fill*         0x000000000022783a        0x6 
 .bss           0x0000000000227840       0x11 build/native/contiki-ng-native.a(rpl-dag-root.o)
 *fill*         0x0000000000227851        0xf 
 .bss           0x0000000000227860       0x60 build/native/contiki-ng-native.a(platform.o)
                0x0000000000227860                contiki_argc
 .bss           0x00000000002278c0        0x0 build/native/contiki-ng-native.a(clock.o)
 .bss           0x00000000002278c0        0x0 build/native/contiki-ng-native.a(tun6-net.o)
 .bss           0x00000000002278c0        0x0 build/native/contiki-ng-native.a(rtimer-arch.o)
 .bss           0x00000000002278c0        0x0 build/native/contiki-ng-native.a(watchdog.o)
 .bss           0x00000000002278c0       0x48 build/native/contiki-ng-native.a(coap-timer-defa)
 .bss           0x0000000000227908        0x0 build/native/contiki-ng-native.a(stimer.o)
 *fill*         0x0000000000227908        0x8 
 .bss           0x0000000000227910       0x1c build/native/contiki-ng-native.a(button-hal.o)
 *fill*         0x000000000022792c       0x14 
 .bss           0x0000000000227940      0x150 build/native/contiki-ng-native.a(serial-line.o)
 .bss           0x0000000000227a90        0x0 build/native/contiki-ng-native.a(leds.o)
 .bss           0x0000000000227a90        0x0 build/native/contiki-ng-native.a(nullradio.o)
 .bss           0x0000000000227a90        0x8 build/native/contiki-ng-native.a(gpio-hal.o)
 *fill*         0x0000000000227a98        0x8 
 .bss           0x0000000000227aa0     0x16cc build/native/contiki-ng-native.a(nbr-table.o)
 *fill*         0x000000000022916c       0x14 
 .bss           0x0000000000229180     0x12c0 build/native/contiki-ng-native.a(link-stats.o)
 .bss           0x000000000022a440       0x1c build/native/contiki-ng-native.a(uipbuf.o)
 *fill*         0x000000000022a45c        0x4 
 .bss           0x000000000022a460       0x20 build/native/contiki-ng-native.a(uip-icmp6.o)
 .bss           0x000000000022a480     0x301c build/native/contiki-ng-native.a(uip-sr.o)
 *fill*         0x000000000022d49c        0x4 
 .bss           0x000000000022d4a0      0xab2 build/native/contiki-ng-native.a(uip-packetqueue)
 *fill*         0x000000000022df52        0x6 
 .bss           0x000000000022df58       0x14 build/native/contiki-ng-native.a(rpl-nbr-policy.)
 *fill*         0x000000000022df6c       0x14 
 .bss           0x000000000022df80     0x12c0 build/native/contiki-ng-native.a(rpl-neighbor.o)
 .bss           0x000000000022f240        0x0 build/native/contiki-ng-native.a(rpl-dag.o)
 .bss           0x000000000022f240       0x80 build/native/contiki-ng-native.a(rpl-timers.o)
 .bss           0x000000000022f2c0        0x0 build/native/contiki-ng-native.a(rpl-ext-header.)
 .bss           0x000000000022f2c0        0x0 build/native/contiki-ng-native.a(rpl-mrhof.o)
 .bss           0x000000000022f2c0        0x8 build/native/contiki-ng-native.a(buttons.o)
                0x000000000022f2c0                button_hal_buttons
 .bss           0x000000000022f2c8        0x4 build/native/contiki-ng-native.a(int-master.o)
 *fill*         0x000000000022f2cc       0x14 
 .bss           0x000000000022f2e0       0xa0 build/native/contiki-ng-native.a(gpio-hal-arch.o)
 .bss           0x000000000022f380        0x0 build/native/contiki-ng-native.a(ringbuf.o)
 .bss           0x000000000022f380        0x0 /usr/lib/x86_64-linux-gnu/libc_nonshared.a(elf-init.oS)
 .bss           0x000000000022f380        0x0 /usr/lib/x86_64-linux-gnu/libc_nonshared.a(atexit.oS)
 .bss           0x000000000022f380        0x0 /usr/lib/gcc/x86_64-linux-gnu/7/crtendS.o
 .bss           0x000000000022f380        0x0 /usr/lib/gcc/x86_64-linux-gnu/7/../../../x86_64-linux-gnu/crtn.o
 *(COMMON)
 COMMON         0x000000000022f380       0xf0 build/native/contiki-ng-native.a(contiki-main.o)