Archive member included to satisfy reference by file (symbol)

build/native/contiki-ng-native.a(res_bulbSwitch.)
                              light_node.o (res_bulbSwitch)
build/native/contiki-ng-native.a(res_light.o)
                              light_node.o (res_light)
build/native/contiki-ng-native.a(coap-blocking-a)
                              light_node.o (coap_blocking_request)
build/native/contiki-ng-native.a(coap-engine.o)
                              light_node.o (coap_activate_resource)
build/native/contiki-ng-native.a(coap-res-well-k)
                              build/native/contiki-ng-native.a(coap-engine.o) (res_well_known_core)
build/native/contiki-ng-native.a(coap-observe.o)
                              build/native/contiki-ng-native.a(coap-engine.o) (coap_remove_observer_by_mid)
build/native/contiki-ng-native.a(coap-uip.o)
                              build/native/contiki-ng-native.a(coap-observe.o) (coap_endpoint_copy)
build/native/contiki-ng-native.a(coap-timer.o)
                              build/native/contiki-ng-native.a(coap-engine.o) (coap_timer_set)
build/native/contiki-ng-native.a(coap-transactio)
                              build/native/contiki-ng-native.a(coap-blocking-a) (coap_new_transaction)
build/native/contiki-ng-native.a(coap.o)
                              build/native/contiki-ng-native.a(coap-engine.o) (coap_init_connection)
build/native/contiki-ng-native.a(contiki-main.o)
                              /usr/lib/gcc/x86_64-linux-gnu/7/../../../x86_64-linux-gnu/Scrt1.o (main)
build/native/contiki-ng-native.a(autostart.o)
                              build/native/contiki-ng-native.a(contiki-main.o) (autostart_start)
build/native/contiki-ng-native.a(ctimer.o)
                              build/native/contiki-ng-native.a(contiki-main.o) (ctimer_init)
build/native/contiki-ng-native.a(log.o)
                              build/native/contiki-ng-native.a(coap-uip.o) (log_6addr)
build/native/contiki-ng-native.a(energest.o)
                              build/native/contiki-ng-native.a(contiki-main.o) (energest_init)
build/native/contiki-ng-native.a(etimer.o)
                              build/native/contiki-ng-native.a(contiki-main.o) (etimer_process)
build/native/contiki-ng-native.a(node-id.o)
                              build/native/contiki-ng-native.a(contiki-main.o) (node_id_init)
build/native/contiki-ng-native.a(rtimer.o)
                              build/native/contiki-ng-native.a(contiki-main.o) (rtimer_init)
build/native/contiki-ng-native.a(process.o)
                              build/native/contiki-ng-native.a(coap-blocking-a) (process_current)
build/native/contiki-ng-native.a(timer.o)
                              build/native/contiki-ng-native.a(etimer.o) (timer_set)
build/native/contiki-ng-native.a(list.o)
                              build/native/contiki-ng-native.a(coap-engine.o) (list_init)
build/native/contiki-ng-native.a(memb.o)
                              build/native/contiki-ng-native.a(coap-observe.o) (memb_alloc)
build/native/contiki-ng-native.a(random.o)
                              build/native/contiki-ng-native.a(res_light.o) (random_rand)
build/native/contiki-ng-native.a(leds.o)
                              build/native/contiki-ng-native.a(res_bulbSwitch.) (leds_single_on)
build/native/contiki-ng-native.a(queuebuf.o)
                              build/native/contiki-ng-native.a(contiki-main.o) (queuebuf_init)
build/native/contiki-ng-native.a(packetbuf.o)
                              build/native/contiki-ng-native.a(queuebuf.o) (packetbuf_copyto)
build/native/contiki-ng-native.a(netstack.o)
                              build/native/contiki-ng-native.a(contiki-main.o) (netstack_init)
build/native/contiki-ng-native.a(linkaddr.o)
                              build/native/contiki-ng-native.a(packetbuf.o) (linkaddr_copy)
build/native/contiki-ng-native.a(nullmac.o)
                              build/native/contiki-ng-native.a(contiki-main.o) (nullmac_driver)
build/native/contiki-ng-native.a(uip-ds6.o)
                              build/native/contiki-ng-native.a(contiki-main.o) (uip_ds6_get_link_local)
build/native/contiki-ng-native.a(uip-udp-packet.)
                              build/native/contiki-ng-native.a(coap-uip.o) (uip_udp_packet_sendto)
build/native/contiki-ng-native.a(uip-ds6-route.o)
                              build/native/contiki-ng-native.a(uip-ds6.o) (uip_ds6_route_init)
build/native/contiki-ng-native.a(tcpip.o)
                              build/native/contiki-ng-native.a(coap-uip.o) (udp_new)
build/native/contiki-ng-native.a(uip6.o)
                              build/native/contiki-ng-native.a(coap-uip.o) (uip_aligned_buf)
build/native/contiki-ng-native.a(uip-ds6-nbr.o)
                              build/native/contiki-ng-native.a(uip-ds6.o) (uip_ds6_neighbors_init)
build/native/contiki-ng-native.a(uip-nd6.o)
                              build/native/contiki-ng-native.a(uip6.o) (uip_nd6_init)
[...]
Memory Configuration

Name             Origin             Length             Attributes
*default*        0x0000000000000000 0xffffffffffffffff

Linker script and memory map

LOAD /usr/lib/gcc/x86_64-linux-gnu/7/../../../x86_64-linux-gnu/Scrt1.o
LOAD /usr/lib/gcc/x86_64-linux-gnu/7/../../../x86_64-linux-gnu/crti.o
LOAD /usr/lib/gcc/x86_64-linux-gnu/7/crtbeginS.o
LOAD light_node.o
LOAD build/native/contiki-ng-native.a
LOAD /usr/lib/gcc/x86_64-linux-gnu/7/../../../x86_64-linux-gnu/librt.so
LOAD /usr/lib/gcc/x86_64-linux-gnu/7/libgcc.a
LOAD /usr/lib/gcc/x86_64-linux-gnu/7/libgcc_s.so
START GROUP
LOAD /usr/lib/gcc/x86_64-linux-gnu/7/libgcc_s.so.1
LOAD /usr/lib/gcc/x86_64-linux-gnu/7/libgcc.a
END GROUP
LOAD /usr/lib/gcc/x86_64-linux-gnu/7/../../../x86_64-linux-gnu/libc.so
START GROUP
LOAD /lib/x86_64-linux-gnu/libc.so.6
LOAD /usr/lib/x86_64-linux-gnu/libc_nonshared.a
LOAD /lib/x86_64-linux-gnu/ld-linux-x86-64.so.2
END GROUP
LOAD /usr/lib/gcc/x86_64-linux-gnu/7/libgcc.a
LOAD /usr/lib/gcc/x86_64-linux-gnu/7/libgcc_s.so
START GROUP
LOAD /usr/lib/gcc/x86_64-linux-gnu/7/libgcc_s.so.1
LOAD /usr/lib/gcc/x86_64-linux-gnu/7/libgcc.a
END GROUP
LOAD /usr/lib/gcc/x86_64-linux-gnu/7/crtendS.o
LOAD /usr/lib/gcc/x86_64-linux-gnu/7/../../../x86_64-linux-gnu/crtn.o
                [!provide]                        PROVIDE (__executable_start = SEGMENT_START ("text-segment", 0x0))
                0x0000000000000238                . = (SEGMENT_START ("text-segment", 0x0) + SIZEOF_HEADERS)

.interp         0x0000000000000238       0x1c
 *(.interp)
 .interp        0x0000000000000238       0x1c /usr/lib/gcc/x86_64-linux-gnu/7/../../../x86_64-linux-gnu/Scrt1.o

.note.ABI-tag   0x0000000000000254       0x20
 .note.ABI-tag  0x0000000000000254       0x20 /usr/lib/gcc/x86_64-linux-gnu/7/../../../x86_64-linux-gnu/Scrt1.o

.note.gnu.build-id
                0x0000000000000274       0x24
 *(.note.gnu.build-id)
 .note.gnu.build-id
                0x0000000000000274       0x24 /usr/lib/gcc/x86_64-linux-gnu/7/../../../x86_64-linux-gnu/Scrt1.o

.hash
 *(.hash)

.gnu.hash       0x0000000000000298     0x1338
 *(.gnu.hash)
 .gnu.hash      0x0000000000000298     0x1338 /usr/lib/gcc/x86_64-linux-gnu/7/../../../x86_64-linux-gnu/Scrt1.o

.dynsym         0x00000000000015d0     0x3a80
 *(.dynsym)
 .dynsym        0x00000000000015d0     0x3a80 /usr/lib/gcc/x86_64-linux-gnu/7/../../../x86_64-linux-gnu/Scrt1.o

.dynstr         0x0000000000005050     0x2d65
 *(.dynstr)
 .dynstr        0x0000000000005050     0x2d65 /usr/lib/gcc/x86_64-linux-gnu/7/../../../x86_64-linux-gnu/Scrt1.o

.gnu.version    0x0000000000007db6      0x4e0
 *(.gnu.version)
 .gnu.version   0x0000000000007db6      0x4e0 /usr/lib/gcc/x86_64-linux-gnu/7/../../../x86_64-linux-gnu/Scrt1.o

.gnu.version_d  0x0000000000008298        0x0
 *(.gnu.version_d)
 .gnu.version_d
                0x0000000000008298        0x0 /usr/lib/gcc/x86_64-linux-gnu/7/../../../x86_64-linux-gnu/Scrt1.o

.gnu.version_r  0x0000000000008298       0x80
 *(.gnu.version_r)
 .gnu.version_r
                0x0000000000008298       0x80 /usr/lib/gcc/x86_64-linux-gnu/7/../../../x86_64-linux-gnu/Scrt1.o

.rela.dyn       0x0000000000008318      0xde0
 *(.rela.init)
 *(.rela.text .rela.text.* .rela.gnu.linkonce.t.*)
 .rela.text     0x0000000000008318        0x0 /usr/lib/gcc/x86_64-linux-gnu/7/../../../x86_64-linux-gnu/Scrt1.o
 .rela.text.startup
                0x0000000000008318        0x0 /usr/lib/gcc/x86_64-linux-gnu/7/../../../x86_64-linux-gnu/Scrt1.o
 .rela.text.unlikely
                0x0000000000008318        0x0 /usr/lib/gcc/x86_64-linux-gnu/7/../../../x86_64-linux-gnu/Scrt1.o
 *(.rela.fini)
 *(.rela.rodata .rela.rodata.* .rela.gnu.linkonce.r.*)
 *(.rela.data .rela.data.* .rela.gnu.linkonce.d.*)
 .rela.data.rel.ro
                0x0000000000008318      0x1f8 /usr/lib/gcc/x86_64-linux-gnu/7/../../../x86_64-linux-gnu/Scrt1.o
 .rela.data.rel.local
                0x0000000000008510      0x7f8 /usr/lib/gcc/x86_64-linux-gnu/7/../../../x86_64-linux-gnu/Scrt1.o
 .rela.data.rel.ro.local
                0x0000000000008d08      0x318 /usr/lib/gcc/x86_64-linux-gnu/7/../../../x86_64-linux-gnu/Scrt1.o
 *(.rela.tdata .rela.tdata.* .rela.gnu.linkonce.td.*)
 *(.rela.tbss .rela.tbss.* .rela.gnu.linkonce.tb.*)
 *(.rela.ctors)
 *(.rela.dtors)
 *(.rela.got)
 .rela.got      0x0000000000009020       0x78 /usr/lib/gcc/x86_64-linux-gnu/7/../../../x86_64-linux-gnu/Scrt1.o
 *(.rela.bss .rela.bss.* .rela.gnu.linkonce.b.*)
 .rela.bss      0x0000000000009098       0x30 /usr/lib/gcc/x86_64-linux-gnu/7/../../../x86_64-linux-gnu/Scrt1.o
 *(.rela.ldata .rela.ldata.* .rela.gnu.linkonce.l.*)
 *(.rela.lbss .rela.lbss.* .rela.gnu.linkonce.lb.*)
 *(.rela.lrodata .rela.lrodata.* .rela.gnu.linkonce.lr.*)
 *(.rela.ifunc)
 .rela.ifunc    0x00000000000090c8        0x0 /usr/lib/gcc/x86_64-linux-gnu/7/../../../x86_64-linux-gnu/Scrt1.o
 .rela.fini_array
                0x00000000000090c8       0x18 /usr/lib/gcc/x86_64-linux-gnu/7/../../../x86_64-linux-gnu/Scrt1.o
 .rela.init_array
                0x00000000000090e0       0x18 /usr/lib/gcc/x86_64-linux-gnu/7/../../../x86_64-linux-gnu/Scrt1.o

.rela.plt       0x00000000000090f8      0x3d8
 *(.rela.plt)
 .rela.plt      0x00000000000090f8      0x3d8 /usr/lib/gcc/x86_64-linux-gnu/7/../../../x86_64-linux-gnu/Scrt1.o
                [!provide]                        PROVIDE (__rela_iplt_start = .)
 *(.rela.iplt)
                [!provide]                        PROVIDE (__rela_iplt_end = .)

.init           0x00000000000094d0       0x17
 *(SORT_NONE(.init))
 .init          0x00000000000094d0       0x12 /usr/lib/gcc/x86_64-linux-gnu/7/../../../x86_64-linux-gnu/crti.o
                0x00000000000094d0                _init
 .init          0x00000000000094e2        0x5 /usr/lib/gcc/x86_64-linux-gnu/7/../../../x86_64-linux-gnu/crtn.o

.plt            0x00000000000094f0      0x2a0
 *(.plt)
 .plt           0x00000000000094f0      0x2a0 /usr/lib/gcc/x86_64-linux-gnu/7/../../../x86_64-linux-gnu/Scrt1.o
 *(.iplt)

.plt.got        0x0000000000009790        0x8
 *(.plt.got)
 .plt.got       0x0000000000009790        0x8 /usr/lib/gcc/x86_64-linux-gnu/7/../../../x86_64-linux-gnu/Scrt1.o

.plt.sec
 *(.plt.sec)

.text           0x00000000000097a0    0x1020e
 *(.text.unlikely .text.*_unlikely .text.unlikely.*)
 .text.unlikely
                0x00000000000097a0       0xae build/native/contiki-ng-native.a(uip6.o)
 *(.text.exit .text.exit.*)
 *(.text.startup .text.startup.*)
 *fill*         0x000000000000984e        0x2 
 .text.startup  0x0000000000009850      0x36c build/native/contiki-ng-native.a(contiki-main.o)
                0x0000000000009850                main
 *(.text.hot .text.hot.*)
 *(.text .stub .text.* .gnu.linkonce.t.*)
 *fill*         0x0000000000009bbc        0x4 
 .text          0x0000000000009bc0       0x2b /usr/lib/gcc/x86_64-linux-gnu/7/../../../x86_64-linux-gnu/Scrt1.o
                0x0000000000009bc0                _start
 .text          0x0000000000009beb        0x0 /usr/lib/gcc/x86_64-linux-gnu/7/../../../x86_64-linux-gnu/crti.o
 *fill*         0x0000000000009beb        0x5 
 .text          0x0000000000009bf0       0xda /usr/lib/gcc/x86_64-linux-gnu/7/crtbeginS.o
 *fill*         0x0000000000009cca        0x6 
 .text          0x0000000000009cd0      0x182 light_node.o
 *fill*         0x0000000000009e52        0xe 
 .text          0x0000000000009e60      0x2c9 build/native/contiki-ng-native.a(res_bulbSwitch.)
 *fill*         0x000000000000a129        0x7 
 .text          0x000000000000a130      0x123 build/native/contiki-ng-native.a(res_light.o)
 *fill*         0x000000000000a253        0xd 
 .text          0x000000000000a260      0x1c6 build/native/contiki-ng-native.a(coap-blocking-a)
                0x000000000000a260                coap_blocking_request_callback
                0x000000000000a270                coap_blocking_request
 *fill*         0x000000000000a426        0xa 
 .text          0x000000000000a430      0x945 build/native/contiki-ng-native.a(coap-engine.o)
                0x000000000000a490                coap_add_handler
                0x000000000000a4a0                coap_remove_handler
                0x000000000000a4b0                coap_call_handlers
                0x000000000000a550                coap_receive
                0x000000000000aca0                coap_activate_resource
                0x000000000000ad00                coap_engine_init
                0x000000000000ad60                coap_get_first_resource
                0x000000000000ad70                coap_get_next_resource
 *fill*         0x000000000000ad75        0xb 
 .text          0x000000000000ad80      0x2cc build/native/contiki-ng-native.a(coap-res-well-k)
 *fill*         0x000000000000b04c        0x4 
 .text          0x000000000000b050      0x92f build/native/contiki-ng-native.a(coap-observe.o)
                0x000000000000b050                coap_remove_observer
                0x000000000000b080                coap_remove_observer_by_client
                0x000000000000b0f0                coap_remove_observer_by_token
                0x000000000000b190                coap_remove_observer_by_uri
                0x000000000000b220                coap_remove_observer_by_mid
                0x000000000000b2b0                coap_notify_observers_sub
                0x000000000000b690                coap_notify_observers
                0x000000000000b6a0                coap_observe_handler
                0x000000000000b920                coap_has_observers
 *fill*         0x000000000000b97f        0x1 
 .text          0x000000000000b980      0x58f build/native/contiki-ng-native.a(coap-uip.o)
                0x000000000000ba40                coap_endpoint_log
                0x000000000000bac0                coap_endpoint_print
                0x000000000000bb40                coap_endpoint_snprint
                0x000000000000bc60                coap_endpoint_copy
                0x000000000000bc80                coap_endpoint_cmp
                0x000000000000bcc0                coap_endpoint_parse
                0x000000000000be80                coap_endpoint_is_secure
                0x000000000000be90                coap_endpoint_is_connected
                0x000000000000bea0                coap_endpoint_connect
                0x000000000000beb0                coap_endpoint_disconnect
                0x000000000000bec0                coap_databuf
                0x000000000000bed0                coap_transport_init
                0x000000000000bee0                coap_sendto
 *fill*         0x000000000000bf0f        0x1 
 .text          0x000000000000bf10      0x245 build/native/contiki-ng-native.a(coap-timer.o)
                0x000000000000c010                coap_timer_stop
                0x000000000000c030                coap_timer_set
                0x000000000000c060                coap_timer_reset
                0x000000000000c070                coap_timer_time_to_next_expiration
                0x000000000000c0b0                coap_timer_run
                0x000000000000c140                coap_timer_init
 *fill*         0x000000000000c155        0xb 
 .text          0x000000000000c160      0x1dd build/native/contiki-ng-native.a(coap-transactio)
                0x000000000000c190                coap_new_transaction
                0x000000000000c1e0                coap_send_transaction
                0x000000000000c2e0                coap_clear_transaction
                0x000000000000c300                coap_get_transaction_by_mid
 *fill*         0x000000000000c33d        0x3 
 .text          0x000000000000c340     0x198c build/native/contiki-ng-native.a(coap.o)
                0x000000000000c6d0                coap_init_connection
                0x000000000000c6f0                coap_get_mid
                0x000000000000c710                coap_init_message
                0x000000000000c760                coap_serialize_message
                0x000000000000cd50                coap_parse_message
                0x000000000000d500                coap_get_query_variable
                0x000000000000d530                coap_get_post_variable
                0x000000000000d560                coap_set_status_code
                0x000000000000d580                coap_set_token
                0x000000000000d620                coap_get_header_content_format
                0x000000000000d640                coap_set_header_content_format
                0x000000000000d650                coap_get_header_accept
                0x000000000000d670                coap_set_header_accept
                0x000000000000d690                coap_get_header_max_age
                0x000000000000d6c0                coap_set_header_max_age
                0x000000000000d6d0                coap_get_header_etag
                0x000000000000d6f0                coap_set_header_etag
                0x000000000000d7a0                coap_get_header_if_match
                0x000000000000d7c0                coap_set_header_if_match
                0x000000000000d880                coap_get_header_if_none_match
                0x000000000000d890                coap_set_header_if_none_match
                0x000000000000d8a0                coap_get_header_proxy_uri
                0x000000000000d8c0                coap_set_header_proxy_uri
                0x000000000000d8e0                coap_get_header_uri_host
                0x000000000000d900                coap_set_header_uri_host
                0x000000000000d920                coap_get_header_uri_path
                0x000000000000d940                coap_set_header_uri_path
                0x000000000000d980                coap_get_header_uri_query
                0x000000000000d9a0                coap_set_header_uri_query
                0x000000000000d9e0                coap_get_header_location_path
                0x000000000000da00                coap_get_header_location_query
                0x000000000000da20                coap_set_header_location_query
                0x000000000000da60                coap_set_header_location_path
                0x000000000000dad0                coap_get_header_observe
                0x000000000000daf0                coap_set_header_observe
                0x000000000000db00                coap_get_header_block2
                0x000000000000db50                coap_set_header_block2
                0x000000000000db90                coap_get_header_block1
                0x000000000000dbe0                coap_set_header_block1
                0x000000000000dc20                coap_get_header_size2
                0x000000000000dc40                coap_set_header_size2
                0x000000000000dc50                coap_get_header_size1
                0x000000000000dc70                coap_set_header_size1
                0x000000000000dc80                coap_get_payload
                0x000000000000dcb0                coap_set_payload
 .text          0x000000000000dccc        0x0 build/native/contiki-ng-native.a(contiki-main.o)
 *fill*         0x000000000000dccc        0x4 
 .text          0x000000000000dcd0       0x54 build/native/contiki-ng-native.a(autostart.o)
                0x000000000000dcd0                autostart_start
                0x000000000000dd00                autostart_exit
 *fill*         0x000000000000dd24        0xc 
 .text          0x000000000000dd30      0x364 build/native/contiki-ng-native.a(ctimer.o)
                0x000000000000de50                ctimer_init
                0x000000000000de80                ctimer_set_with_process
                0x000000000000def0                ctimer_set
                0x000000000000df00                ctimer_reset
                0x000000000000df70                ctimer_restart
                0x000000000000dfe0                ctimer_stop
                0x000000000000e040                ctimer_expired
 *fill*         0x000000000000e094        0xc 
 .text          0x000000000000e0a0      0x3b8 build/native/contiki-ng-native.a(log.o)
                0x000000000000e0a0                log_6addr
                0x000000000000e100                log_6addr_compact_snprint
                0x000000000000e180                log_6addr_compact
                0x000000000000e1e0                log_lladdr
                0x000000000000e280                log_lladdr_compact
                0x000000000000e2d0                log_set_level
                0x000000000000e360                log_get_level
                0x000000000000e3f0                log_level_to_str
 *fill*         0x000000000000e458        0x8 
 .text          0x000000000000e460       0x23 build/native/contiki-ng-native.a(energest.o)
                0x000000000000e460                energest_init
                0x000000000000e470                energest_flush
                0x000000000000e480                energest_get_total_time
 *fill*         0x000000000000e483        0xd 
 .text          0x000000000000e490      0x44d build/native/contiki-ng-native.a(etimer.o)
                0x000000000000e730                etimer_request_poll
                0x000000000000e740                etimer_set
                0x000000000000e760                etimer_reset_with_new_interval
                0x000000000000e790                etimer_reset
                0x000000000000e7b0                etimer_restart
                0x000000000000e7d0                etimer_adjust
                0x000000000000e800                etimer_expired
                0x000000000000e810                etimer_expiration_time
                0x000000000000e820                etimer_start_time
                0x000000000000e830                etimer_pending
                0x000000000000e840                etimer_next_expiration_time
                0x000000000000e860                etimer_stop
 *fill*         0x000000000000e8dd        0x3 
 .text          0x000000000000e8e0       0x1b build/native/contiki-ng-native.a(node-id.o)
                0x000000000000e8e0                node_id_init
 *fill*         0x000000000000e8fb        0x5 
 .text          0x000000000000e900       0xaa build/native/contiki-ng-native.a(rtimer.o)
                0x000000000000e900                rtimer_init
                0x000000000000e910                rtimer_set
                0x000000000000e960                rtimer_run_next
 *fill*         0x000000000000e9aa        0x6 
 .text          0x000000000000e9b0      0x44a build/native/contiki-ng-native.a(process.o)
                0x000000000000eb70                process_alloc_event
                0x000000000000eb90                process_start
                0x000000000000ec00                process_exit
                0x000000000000ec10                process_init
                0x000000000000ec40                process_run
                0x000000000000ed30                process_nevents
                0x000000000000ed50                process_post
                0x000000000000eda0                process_post_synch
                0x000000000000edc0                process_poll
                0x000000000000edf0                process_is_running
 *fill*         0x000000000000edfa        0x6 
 .text          0x000000000000ee00       0x95 build/native/contiki-ng-native.a(timer.o)
                0x000000000000ee00                timer_set
                0x000000000000ee20                timer_reset
                0x000000000000ee50                timer_restart
                0x000000000000ee60                timer_expired
                0x000000000000ee80                timer_remaining
 *fill*         0x000000000000ee95        0xb 
 .text          0x000000000000eea0      0x343 build/native/contiki-ng-native.a(list.o)
                0x000000000000eea0                list_init
                0x000000000000eeb0                list_head
                0x000000000000eec0                list_copy
                0x000000000000eed0                list_tail
                0x000000000000eef0                list_add
                0x000000000000ef70                list_push
                0x000000000000efe0                list_chop
                0x000000000000f020                list_pop
                0x000000000000f030                list_remove
                0x000000000000f0a0                list_length
                0x000000000000f0d0                list_insert
                0x000000000000f190                list_item_next
                0x000000000000f1b0                list_contains
 *fill*         0x000000000000f1e3        0xd 
 .text          0x000000000000f1f0      0x15b build/native/contiki-ng-native.a(memb.o)
                0x000000000000f1f0                memb_init
                0x000000000000f220                memb_alloc
                0x000000000000f280                memb_free
                0x000000000000f2e0                memb_inmemb
                0x000000000000f310                memb_numfree
 *fill*         0x000000000000f34b        0x5 
 .text          0x000000000000f350       0x1e build/native/contiki-ng-native.a(random.o)
                0x000000000000f350                random_init
                0x000000000000f360                random_rand
 *fill*         0x000000000000f36e        0x2 
 .text          0x000000000000f370       0x83 build/native/contiki-ng-native.a(leds.o)
                0x000000000000f370                leds_init
                0x000000000000f380                leds_single_on
                0x000000000000f390                leds_single_off
                0x000000000000f3a0                leds_single_toggle
                0x000000000000f3b0                leds_on
                0x000000000000f3c0                leds_off
                0x000000000000f3d0                leds_toggle
                0x000000000000f3e0                leds_set
                0x000000000000f3f0                leds_get
 *fill*         0x000000000000f3f3        0xd 
 .text          0x000000000000f400      0x202 build/native/contiki-ng-native.a(queuebuf.o)
                0x000000000000f400                queuebuf_init
                0x000000000000f420                queuebuf_numfree
                0x000000000000f430                queuebuf_new_from_packetbuf
                0x000000000000f4b0                queuebuf_update_attr_from_packetbuf
                0x000000000000f4d0                queuebuf_update_from_packetbuf
                0x000000000000f500                queuebuf_free
                0x000000000000f540                queuebuf_to_packetbuf
                0x000000000000f590                queuebuf_dataptr
                0x000000000000f5c0                queuebuf_datalen
                0x000000000000f5d0                queuebuf_addr
                0x000000000000f5f0                queuebuf_attr
                0x000000000000f600                queuebuf_debug_print
 *fill*         0x000000000000f602        0xe 
 .text          0x000000000000f610      0x3e3 build/native/contiki-ng-native.a(packetbuf.o)
                0x000000000000f610                packetbuf_copyto
                0x000000000000f6f0                packetbuf_hdralloc
                0x000000000000f760                packetbuf_hdrreduce
                0x000000000000f790                packetbuf_set_datalen
                0x000000000000f7a0                packetbuf_dataptr
                0x000000000000f7c0                packetbuf_hdrptr
                0x000000000000f7d0                packetbuf_datalen
                0x000000000000f7e0                packetbuf_hdrlen
                0x000000000000f7f0                packetbuf_totlen
                0x000000000000f810                packetbuf_remaininglen
                0x000000000000f830                packetbuf_attr_clear
                0x000000000000f880                packetbuf_clear
                0x000000000000f8a0                packetbuf_copyfrom
                0x000000000000f900                packetbuf_attr_copyto
                0x000000000000f930                packetbuf_attr_copyfrom
                0x000000000000f960                packetbuf_set_attr
                0x000000000000f980                packetbuf_attr
                0x000000000000f990                packetbuf_set_addr
                0x000000000000f9c0                packetbuf_addr
                0x000000000000f9e0                packetbuf_holds_broadcast
 *fill*         0x000000000000f9f3        0xd 
 .text          0x000000000000fa00       0xba build/native/contiki-ng-native.a(netstack.o)
                0x000000000000fa00                netstack_process_ip_callback
                0x000000000000fa70                netstack_ip_packet_processor_add
                0x000000000000fa90                uip_ds6_ip_packet_processor_rm
                0x000000000000faa0                netstack_init
 *fill*         0x000000000000faba        0x6 
 .text          0x000000000000fac0       0x2b build/native/contiki-ng-native.a(linkaddr.o)
                0x000000000000fac0                linkaddr_copy
                0x000000000000fad0                linkaddr_cmp
                0x000000000000fae0                linkaddr_set_node_addr
 *fill*         0x000000000000faeb        0x5 
 .text          0x000000000000faf0       0x52 build/native/contiki-ng-native.a(nullmac.o)
 *fill*         0x000000000000fb42        0xe 
 .text          0x000000000000fb50      0xb04 build/native/contiki-ng-native.a(uip-ds6.o)
                0x000000000000fc10                uip_ds6_default_prefix
                0x000000000000fc20                uip_ds6_set_default_prefix
                0x000000000000fc30                uip_ds6_list_loop
                0x000000000000fc70                uip_ds6_prefix_add
                0x000000000000fd20                uip_ds6_prefix_rm
                0x000000000000fd30                uip_ds6_prefix_lookup
                0x000000000000fd90                uip_ds6_is_addr_onlink
                0x000000000000fe00                uip_ds6_addr_lookup
                0x000000000000fe60                uip_ds6_get_link_local
                0x000000000000fed0                uip_ds6_get_global
                0x000000000000ff40                uip_ds6_maddr_add
                0x000000000000ffa0                uip_ds6_addr_add
                0x0000000000010090                uip_ds6_maddr_rm
                0x00000000000100a0                uip_ds6_maddr_lookup
                0x0000000000010160                uip_ds6_addr_rm
                0x0000000000010180                uip_ds6_periodic
                0x0000000000010200                uip_ds6_aaddr_add
                0x0000000000010260                uip_ds6_aaddr_rm
                0x0000000000010270                uip_ds6_aaddr_lookup
                0x00000000000102d0                uip_ds6_select_src
                0x0000000000010410                uip_ds6_set_addr_iid
                0x0000000000010420                uip_ds6_set_lladdr_from_iid
                0x0000000000010430                get_match_length
                0x0000000000010480                uip_ds6_compute_reachable_time
                0x00000000000104c0                uip_ds6_init
 *fill*         0x0000000000010654        0xc 
 .text          0x0000000000010660       0xc3 build/native/contiki-ng-native.a(uip-udp-packet.)
                0x0000000000010660                uip_udp_packet_send
                0x00000000000106c0                uip_udp_packet_sendto
 *fill*         0x0000000000010723        0xd 
 .text          0x0000000000010730      0x2ea build/native/contiki-ng-native.a(uip-ds6-route.o)
                0x0000000000010730                uip_ds6_route_init
                0x0000000000010750                uip_ds6_route_nexthop
                0x0000000000010760                uip_ds6_route_head
                0x0000000000010770                uip_ds6_route_next
                0x0000000000010780                uip_ds6_route_is_nexthop
                0x0000000000010790                uip_ds6_route_num_routes
                0x00000000000107a0                uip_ds6_route_lookup
                0x00000000000107b0                uip_ds6_route_add
                0x00000000000107c0                uip_ds6_route_rm
                0x00000000000107d0                uip_ds6_route_rm_by_nexthop
                0x00000000000107e0                uip_ds6_defrt_head
                0x00000000000107f0                uip_ds6_defrt_rm
                0x0000000000010850                uip_ds6_defrt_lookup
                0x00000000000108a0                uip_ds6_defrt_add
                0x0000000000010950                uip_ds6_defrt_choose
                0x00000000000109b0                uip_ds6_defrt_periodic
 *fill*         0x0000000000010a1a        0x6 
 .text          0x0000000000010a20      0x575 build/native/contiki-ng-native.a(tcpip.o)
                0x0000000000010a20                tcpip_output
                0x0000000000010a50                udp_attach
                0x0000000000010a60                udp_new
                0x0000000000010a90                udp_broadcast_new
                0x0000000000010b10                tcpip_input
                0x0000000000010b40                tcpip_ipv6_output
                0x0000000000010f30                tcpip_poll_udp
                0x0000000000010f50                tcpip_uipcall
 *fill*         0x0000000000010f95        0xb 
 .text          0x0000000000010fa0      0xb6e build/native/contiki-ng-native.a(uip6.o)
                0x00000000000110a0                uip_chksum
                0x00000000000110c0                uip_icmp6chksum
                0x00000000000110d0                uip_udpchksum
                0x00000000000110e0                uip_init
                0x0000000000011160                uip_remove_ext_hdr
                0x0000000000011210                uip_udp_new
                0x00000000000112d0                uip_process
                0x0000000000011a50                uip_htons
                0x0000000000011a60                uip_htonl
                0x0000000000011a80                uip_send
 *fill*         0x0000000000011b0e        0x2 
 .text          0x0000000000011b10      0x2e2 build/native/contiki-ng-native.a(uip-ds6-nbr.o)
                0x0000000000011b40                uip_ds6_nbr_rm
                0x0000000000011b60                uip_ds6_neighbors_init
                0x0000000000011b80                uip_ds6_nbr_add
                0x0000000000011bd0                uip_ds6_nbr_update_ll
                0x0000000000011ca0                uip_ds6_nbr_get_ipaddr
                0x0000000000011cb0                uip_ds6_nbr_get_ll
                0x0000000000011cc0                uip_ds6_nbr_num
                0x0000000000011d00                uip_ds6_nbr_head
                0x0000000000011d10                uip_ds6_nbr_next
                0x0000000000011d20                uip_ds6_nbr_lookup
                0x0000000000011da0                uip_ds6_nbr_ll_lookup
                0x0000000000011db0                uip_ds6_nbr_ipaddr_from_lladdr
                0x0000000000011dc0                uip_ds6_nbr_lladdr_from_ipaddr
                0x0000000000011df0                uip_ds6_link_callback
 *fill*         0x0000000000011df2        0xe 
 .text          0x0000000000011e00      0x45c build/native/contiki-ng-native.a(uip-nd6.o)
                0x0000000000012250                uip_nd6_init
 *fill*         0x000000000001225c        0x4 
 .text          0x0000000000012260      0x4a9 build/native/contiki-ng-native.a(uiplib.o)
                0x0000000000012260                uiplib_ip6addrconv
                0x0000000000012460                uiplib_ip4addrconv
                0x00000000000124e0                uiplib_ipaddr_snprint
                0x00000000000126b0                uiplib_ipaddr_print
 *fill*         0x0000000000012709        0x7 
 .text          0x0000000000012710      0x498 build/native/contiki-ng-native.a(rpl.o)
                0x0000000000012710                rpl_has_joined
                0x0000000000012730                rpl_is_reachable
                0x0000000000012760                rpl_get_leaf_only
                0x00000000000128a0                rpl_link_callback
                0x0000000000012900                rpl_lollipop_greater_than
                0x0000000000012950                rpl_get_global_address
                0x0000000000012a20                rpl_reset_prefix
                0x0000000000012a80                rpl_set_prefix_from_addr
                0x0000000000012b60                rpl_set_prefix
                0x0000000000012ba0                rpl_set_leaf_only
 *fill*         0x0000000000012ba8        0x8 
 .text          0x0000000000012bb0      0xc18 build/native/contiki-ng-native.a(rpl-icmp6.o)
                0x0000000000013190                rpl_icmp6_update_nbr_table
                0x00000000000131e0                rpl_icmp6_dis_output
                0x0000000000013220                rpl_icmp6_dio_output
                0x0000000000013640                rpl_icmp6_dao_output
                0x0000000000013730                rpl_icmp6_dao_ack_output
                0x0000000000013790                rpl_icmp6_init
 *fill*         0x00000000000137c8        0x8 
 .text          0x00000000000137d0      0x221 build/native/contiki-ng-native.a(rpl-dag-root.o)
                0x0000000000013850                rpl_dag_root_print_links
                0x00000000000138f0                rpl_dag_root_set_prefix
                0x0000000000013920                rpl_dag_root_start
                0x00000000000139d0                rpl_dag_root_is_root
 *fill*         0x00000000000139f1        0xf 
 .text          0x0000000000013a00      0x44d build/native/contiki-ng-native.a(platform.o)
                0x0000000000013a70                select_set_callback
                0x0000000000013b00                native_uart_set_input
                0x0000000000013b10                platform_process_args
                0x0000000000013b20                platform_init_stage_one
                0x0000000000013b40                platform_init_stage_two
                0x0000000000013ba0                platform_init_stage_three
                0x0000000000013cb0                platform_main_loop
                0x0000000000013e10                log_message
                0x0000000000013e30                uip_log
 *fill*         0x0000000000013e4d        0x3 
 .text          0x0000000000013e50       0xc2 build/native/contiki-ng-native.a(clock.o)
                0x0000000000013e50                clock_time
                0x0000000000013ec0                clock_seconds
                0x0000000000013f00                clock_delay
                0x0000000000013f10                clock_init
 *fill*         0x0000000000013f12        0xe 
 .text          0x0000000000013f20      0x51f build/native/contiki-ng-native.a(tun6-net.o)
 *fill*         0x000000000001443f        0x1 
 .text          0x0000000000014440       0xbe build/native/contiki-ng-native.a(rtimer-arch.o)
                0x0000000000014460                rtimer_arch_init
                0x0000000000014480                rtimer_arch_schedule
 *fill*         0x00000000000144fe        0x2 
 .text          0x0000000000014500       0x4e build/native/contiki-ng-native.a(watchdog.o)
                0x0000000000014500                watchdog_init
                0x0000000000014510                watchdog_start
                0x0000000000014520                watchdog_periodic
                0x0000000000014530                watchdog_stop
                0x0000000000014540                watchdog_reboot
 *fill*         0x000000000001454e        0x2 
 .text          0x0000000000014550      0x15e build/native/contiki-ng-native.a(coap-timer-defa)
 *fill*         0x00000000000146ae        0x2 
 .text          0x00000000000146b0       0xbe build/native/contiki-ng-native.a(stimer.o)
                0x00000000000146b0                stimer_set
                0x00000000000146d0                stimer_reset
                0x0000000000014700                stimer_restart
                0x0000000000014710                stimer_expired
                0x0000000000014740                stimer_remaining
                0x0000000000014760                stimer_elapsed
 *fill*         0x000000000001476e        0x2 
 .text          0x0000000000014770      0x378 build/native/contiki-ng-native.a(button-hal.o)
                0x00000000000148c0                button_hal_get_by_id
                0x0000000000014900                button_hal_get_by_index
                0x0000000000014930                button_hal_get_state
                0x0000000000014a10                button_hal_init
 *fill*         0x0000000000014ae8        0x8 
 .text          0x0000000000014af0      0x1be build/native/contiki-ng-native.a(serial-line.o)
                0x0000000000014c10                serial_line_input_byte
                0x0000000000014c80                serial_line_init
 *fill*         0x0000000000014cae        0x2 
 .text          0x0000000000014cb0       0xf3 build/native/contiki-ng-native.a(nullradio.o)
 *fill*         0x0000000000014da3        0xd 
 .text          0x0000000000014db0      0x104 build/native/contiki-ng-native.a(gpio-hal.o)
                0x0000000000014db0                gpio_hal_register_handler
                0x0000000000014dc0                gpio_hal_event_handler
                0x0000000000014e10                gpio_hal_init
                0x0000000000014e30                gpio_hal_arch_port_toggle_pin
                0x0000000000014e50                gpio_hal_arch_port_toggle_pins
                0x0000000000014e70                gpio_hal_arch_no_port_toggle_pin
                0x0000000000014ea0                gpio_hal_arch_no_port_toggle_pins
 *fill*         0x0000000000014eb4        0xc 
 .text          0x0000000000014ec0      0x6e3 build/native/contiki-ng-native.a(nbr-table.o)
                0x0000000000014f40                nbr_table_register
                0x0000000000014fa0                nbr_table_is_registered
                0x0000000000014fd0                nbr_table_next
                0x0000000000015070                nbr_table_head
                0x00000000000150f0                nbr_table_add_lladdr
                0x0000000000015400                nbr_table_get_from_lladdr
                0x0000000000015460                nbr_table_remove
                0x00000000000154e0                nbr_table_lock
                0x0000000000015520                nbr_table_unlock
                0x0000000000015560                nbr_table_get_lladdr
 *fill*         0x00000000000155a3        0xd 
 .text          0x00000000000155b0      0x3b0 build/native/contiki-ng-native.a(link-stats.o)
                0x00000000000155f0                link_stats_from_lladdr
                0x0000000000015600                link_stats_get_lladdr
                0x0000000000015610                link_stats_is_fresh
                0x0000000000015650                guess_etx_from_rssi
                0x00000000000156a0                link_stats_packet_sent
                0x0000000000015810                link_stats_input_callback
                0x00000000000158e0                link_stats_reset
                0x0000000000015930                link_stats_init
 .text          0x0000000000015960      0x3a1 build/native/contiki-ng-native.a(uipbuf.o)
                0x0000000000015960                uipbuf_clear
                0x00000000000159a0                uipbuf_add_ext_hdr
                0x00000000000159f0                uipbuf_set_len
                0x0000000000015a10                uipbuf_set_len_field
                0x0000000000015a20                uipbuf_get_len_field
                0x0000000000015a30                uipbuf_get_next_header
                0x0000000000015ae0                uipbuf_get_last_header
                0x0000000000015b60                uipbuf_search_header
                0x0000000000015c20                uipbuf_get_attr
                0x0000000000015c40                uipbuf_set_attr
                0x0000000000015c60                uipbuf_set_default_attr
                0x0000000000015c80                uipbuf_clear_attr
                0x0000000000015ca0                uipbuf_set_attr_flag
                0x0000000000015cb0                uipbuf_clr_attr_flag
                0x0000000000015cc0                uipbuf_is_attr_flag
                0x0000000000015ce0                uipbuf_init
 *fill*         0x0000000000015d01        0xf 
 .text          0x0000000000015d10      0x4ce build/native/contiki-ng-native.a(uip-icmp6.o)
                0x0000000000015e50                uip_icmp6_input
                0x0000000000015ec0                uip_icmp6_register_input_handler
                0x0000000000015ed0                uip_icmp6_error_output
                0x00000000000160b0                uip_icmp6_send
                0x0000000000016170                uip_icmp6_echo_reply_callback_add
                0x00000000000161a0                uip_icmp6_echo_reply_callback_rm
                0x00000000000161b0                uip_icmp6_init
 *fill*         0x00000000000161de        0x2 
 .text          0x00000000000161e0      0x5ab build/native/contiki-ng-native.a(uip-sr.o)
                0x0000000000016240                uip_sr_num_nodes
                0x0000000000016250                uip_sr_get_node
                0x00000000000162c0                uip_sr_is_addr_reachable
                0x0000000000016370                uip_sr_expire_parent
                0x00000000000163c0                uip_sr_update_node
                0x00000000000164d0                uip_sr_init
                0x0000000000016500                uip_sr_node_head
                0x0000000000016510                uip_sr_node_next
                0x0000000000016520                uip_sr_periodic
                0x00000000000165f0                uip_sr_free_all
                0x0000000000016650                uip_sr_link_snprint
 *fill*         0x000000000001678b        0x5 
 .text          0x0000000000016790      0x121 build/native/contiki-ng-native.a(uip-packetqueue)
                0x00000000000167b0                uip_packetqueue_new
                0x00000000000167c0                uip_packetqueue_alloc
                0x0000000000016820                uip_packetqueue_free
                0x0000000000016860                uip_packetqueue_buf
                0x0000000000016880                uip_packetqueue_buflen
                0x00000000000168a0                uip_packetqueue_set_buflen
 *fill*         0x00000000000168b1        0xf 
 .text          0x00000000000168c0      0x12e build/native/contiki-ng-native.a(rpl-nbr-policy.)
                0x0000000000016960                rpl_nbr_policy_find_removable
 *fill*         0x00000000000169ee        0x2 
 .text          0x00000000000169f0      0x8c3 build/native/contiki-ng-native.a(rpl-neighbor.o)
                0x0000000000016a40                rpl_neighbor_count
                0x0000000000016a80                rpl_neighbor_get_from_lladdr
                0x0000000000016a90                rpl_neighbor_is_acceptable_parent
                0x0000000000016ac0                rpl_neighbor_get_link_metric
                0x0000000000016af0                rpl_neighbor_rank_via_nbr
                0x0000000000016b20                rpl_neighbor_get_lladdr
                0x0000000000016b30                rpl_neighbor_get_ipaddr
                0x0000000000016b50                rpl_neighbor_get_link_stats
                0x0000000000016c70                rpl_neighbor_snprint
                0x0000000000016fe0                rpl_neighbor_print_list
                0x0000000000017070                rpl_neighbor_is_fresh
                0x0000000000017090                rpl_neighbor_is_reachable
                0x00000000000170e0                rpl_neighbor_is_parent
                0x0000000000017100                rpl_neighbor_set_preferred_parent
                0x0000000000017180                rpl_neighbor_remove_all
                0x00000000000171d0                rpl_neighbor_get_from_ipaddr
                0x0000000000017200                rpl_neighbor_select_best
                0x00000000000172a0                rpl_neighbor_init
 *fill*         0x00000000000172b3        0xd 
 .text          0x00000000000172c0      0xcb5 build/native/contiki-ng-native.a(rpl-dag.o)
                0x0000000000017700                rpl_dag_state_to_str
                0x0000000000017740                rpl_dag_get_root_ipaddr
                0x0000000000017770                rpl_dag_leave
                0x00000000000177e0                rpl_dag_poison_and_leave
                0x00000000000177f0                rpl_dag_periodic
                0x0000000000017870                rpl_is_addr_in_our_dag
                0x00000000000178c0                rpl_get_default_instance
                0x00000000000178e0                rpl_get_any_dag
                0x0000000000017900                rpl_refresh_routes
                0x0000000000017930                rpl_global_repair
                0x0000000000017960                rpl_local_repair
                0x0000000000017980                rpl_dag_ready_to_advertise
                0x00000000000179b0                rpl_dag_update_state
                0x00000000000179d0                rpl_process_dio
                0x0000000000017c90                rpl_process_dis
                0x0000000000017cd0                rpl_process_dao
                0x0000000000017d50                rpl_process_dao_ack
                0x0000000000017df0                rpl_process_hbh
                0x0000000000017e50                rpl_dag_init_root
                0x0000000000017f60                rpl_dag_init
 *fill*         0x0000000000017f75        0xb 
 .text          0x0000000000017f80      0x927 build/native/contiki-ng-native.a(rpl-timers.o)
                0x0000000000018230                rpl_timers_schedule_periodic_dis
                0x0000000000018350                rpl_timers_dio_reset
                0x00000000000183a0                rpl_timers_schedule_unicast_dio
                0x00000000000183d0                rpl_timers_schedule_dao
                0x0000000000018430                rpl_timers_schedule_dao_ack
                0x0000000000018470                rpl_timers_notify_dao_ack
                0x00000000000184f0                get_probing_delay
                0x0000000000018510                get_probing_target
                0x00000000000186d0                rpl_schedule_probing
                0x00000000000186f0                rpl_schedule_probing_now
                0x0000000000018740                rpl_timers_unschedule_leaving
                0x0000000000018780                rpl_timers_schedule_leaving
                0x00000000000187d0                rpl_timers_init
                0x0000000000018800                rpl_timers_stop_dag_timers
                0x0000000000018860                rpl_timers_unschedule_state_update
                0x0000000000018880                rpl_timers_schedule_state_update
 *fill*         0x00000000000188a7        0x9 
 .text          0x00000000000188b0      0xb0e build/native/contiki-ng-native.a(rpl-ext-header.)
                0x0000000000018920                rpl_ext_header_srh_get_next_hop
                0x00000000000189c0                rpl_ext_header_srh_update
                0x0000000000018c10                rpl_ext_header_hbh_update
                0x0000000000018cd0                rpl_ext_header_remove
                0x0000000000018e40                rpl_ext_header_update
 *fill*         0x00000000000193be        0x2 
 .text          0x00000000000193c0      0x27d build/native/contiki-ng-native.a(rpl-mrhof.o)
 .text          0x000000000001963d        0x0 build/native/contiki-ng-native.a(buttons.o)
 *fill*         0x000000000001963d        0x3 
 .text          0x0000000000019640       0x4c build/native/contiki-ng-native.a(int-master.o)
                0x0000000000019640                int_master_enable
                0x0000000000019650                int_master_read_and_disable
                0x0000000000019670                int_master_status_set
                0x0000000000019680                int_master_is_enabled
 *fill*         0x000000000001968c        0x4 
 .text          0x0000000000019690      0x1cb build/native/contiki-ng-native.a(gpio-hal-arch.o)
                0x0000000000019690                gpio_hal_arch_init
                0x00000000000196a0                gpio_hal_arch_no_port_interrupt_enable
                0x00000000000196b0                gpio_hal_arch_no_port_interrupt_disable
                0x00000000000196c0                gpio_hal_arch_no_port_pin_cfg_set
                0x00000000000196e0                gpio_hal_arch_no_port_pin_cfg_get
                0x0000000000019700                gpio_hal_arch_no_port_pin_set_input
                0x0000000000019710                gpio_hal_arch_no_port_pin_set_output
                0x0000000000019720                gpio_hal_arch_no_port_set_pin
                0x0000000000019740                gpio_hal_arch_no_port_clear_pin
                0x0000000000019760                gpio_hal_arch_no_port_read_pin
                0x0000000000019780                gpio_hal_arch_no_port_write_pin
                0x00000000000197a0                gpio_hal_arch_no_port_set_pins
                0x00000000000197d0                gpio_hal_arch_no_port_clear_pins
                0x0000000000019800                gpio_hal_arch_no_port_read_pins
                0x0000000000019830                gpio_hal_arch_no_port_write_pins
 *fill*         0x000000000001985b        0x5 
 .text          0x0000000000019860       0xb1 build/native/contiki-ng-native.a(ringbuf.o)
                0x0000000000019860                ringbuf_init
                0x0000000000019870                ringbuf_put
                0x00000000000198b0                ringbuf_get
                0x00000000000198f0                ringbuf_size
                0x0000000000019900                ringbuf_elements
 *fill*         0x0000000000019911        0xf 
 .text          0x0000000000019920       0x72 /usr/lib/x86_64-linux-gnu/libc_nonshared.a(elf-init.oS)
                0x0000000000019920                __libc_csu_init
                0x0000000000019990                __libc_csu_fini
 *fill*         0x0000000000019992        0xe 
 .text          0x00000000000199a0        0xe /usr/lib/x86_64-linux-gnu/libc_nonshared.a(atexit.oS)
                0x00000000000199a0                atexit
 .text          0x00000000000199ae        0x0 /usr/lib/gcc/x86_64-linux-gnu/7/crtendS.o
 .text          0x00000000000199ae        0x0 /usr/lib/gcc/x86_64-linux-gnu/7/../../../x86_64-linux-gnu/crtn.o
 *(.gnu.warning)

.fini           0x00000000000199b0        0x9
 *(SORT_NONE(.fini))
 .fini          0x00000000000199b0        0x4 /usr/lib/gcc/x86_64-linux-gnu/7/../../../x86_64-linux-gnu/crti.o
                0x00000000000199b0                _fini
 .fini          0x00000000000199b4        0x5 /usr/lib/gcc/x86_64-linux-gnu/7/../../../x86_64-linux-gnu/crtn.o
                [!provide]                        PROVIDE (__etext = .)
                [!provide]                        PROVIDE (_etext = .)
                [!provide]                        PROVIDE (etext = .)

.rodata         0x00000000000199c0      0x921
 *(.rodata .rodata.* .gnu.linkonce.r.*)
 .rodata.cst4   0x00000000000199c0        0x4 /usr/lib/gcc/x86_64-linux-gnu/7/../../../x86_64-linux-gnu/Scrt1.o
                0x00000000000199c0                _IO_stdin_used
 .rodata.str1.1
                0x00000000000199c4       0x90 light_node.o
 .rodata.str1.1
                0x0000000000019a54       0x45 build/native/contiki-ng-native.a(res_bulbSwitch.)
 *fill*         0x0000000000019a99        0x7 
 .rodata.str1.8
                0x0000000000019aa0       0x88 build/native/contiki-ng-native.a(res_bulbSwitch.)
 .rodata.str1.1
                0x0000000000019b28        0xd build/native/contiki-ng-native.a(res_light.o)
 *fill*         0x0000000000019b35        0x3 
 .rodata.str1.8
                0x0000000000019b38       0x2d build/native/contiki-ng-native.a(res_light.o)
                                         0x5d (size before relaxing)
 .rodata.str1.1
                0x0000000000019b65       0x41 build/native/contiki-ng-native.a(coap-engine.o)
 .rodata.str1.1
                0x0000000000019ba6        0x6 build/native/contiki-ng-native.a(coap-res-well-k)
                                         0x19 (size before relaxing)
 .rodata.str1.1
                0x0000000000019bac       0x11 build/native/contiki-ng-native.a(coap-observe.o)
 .rodata.str1.1
                0x0000000000019bbd       0x35 build/native/contiki-ng-native.a(coap-uip.o)
 *fill*         0x0000000000019bf2        0x6 
 .rodata.str1.8
                0x0000000000019bf8       0x7f build/native/contiki-ng-native.a(coap.o)
 .rodata.str1.1
                0x0000000000019c77       0x33 build/native/contiki-ng-native.a(coap.o)
                                         0x34 (size before relaxing)
 *fill*         0x0000000000019caa        0x2 
 .rodata        0x0000000000019cac       0xf4 build/native/contiki-ng-native.a(coap.o)
 .rodata.str1.1
                0x0000000000019da0       0x66 build/native/contiki-ng-native.a(contiki-main.o)
                                         0x7a (size before relaxing)
 *fill*         0x0000000000019e06        0x2 
 .rodata.str1.8
                0x0000000000019e08       0x7c build/native/contiki-ng-native.a(contiki-main.o)
 .rodata.str1.1
                0x0000000000019e84        0xf build/native/contiki-ng-native.a(ctimer.o)
 .rodata.str1.1
                0x0000000000019e93       0xa5 build/native/contiki-ng-native.a(log.o)
                                         0xac (size before relaxing)
 .rodata        0x0000000000019f38       0x14 build/native/contiki-ng-native.a(log.o)
 .rodata.str1.1
                0x0000000000019f4c        0xc build/native/contiki-ng-native.a(etimer.o)
 .rodata        0x0000000000019f58        0x8 build/native/contiki-ng-native.a(linkaddr.o)
                0x0000000000019f58                linkaddr_null
 .rodata.str1.1
                0x0000000000019f60        0x8 build/native/contiki-ng-native.a(nullmac.o)
 .rodata.str1.1
                0x0000000000019f68        0xd build/native/contiki-ng-native.a(tcpip.o)
 .rodata.str1.1
                0x0000000000019f75       0x28 build/native/contiki-ng-native.a(uiplib.o)
                                         0x2d (size before relaxing)
 .rodata.str1.1
                0x0000000000019f9d        0x9 build/native/contiki-ng-native.a(rpl.o)
 .rodata.str1.1
                0x0000000000019fa6       0x2f build/native/contiki-ng-native.a(platform.o)
                                         0x47 (size before relaxing)
 *fill*         0x0000000000019fd5        0x3 
 .rodata        0x0000000000019fd8        0x8 build/native/contiki-ng-native.a(platform.o)
 .rodata.str1.1
                0x0000000000019fe0       0xa6 build/native/contiki-ng-native.a(tun6-net.o)
                                         0xb9 (size before relaxing)
 *fill*         0x000000000001a086        0x2 
 .rodata.str1.8
                0x000000000001a088       0xc7 build/native/contiki-ng-native.a(tun6-net.o)
 .rodata.str1.1
                0x000000000001a14f       0x13 build/native/contiki-ng-native.a(coap-timer-defa)
 .rodata.str1.1
                0x000000000001a162       0x13 build/native/contiki-ng-native.a(button-hal.o)
 .rodata.str1.1
                0x000000000001a175        0xe build/native/contiki-ng-native.a(serial-line.o)
 .rodata.str1.1
                0x000000000001a183       0x44 build/native/contiki-ng-native.a(uip-sr.o)
 *fill*         0x000000000001a1c7        0x1 
 .rodata.str1.8
                0x000000000001a1c8       0x28 build/native/contiki-ng-native.a(rpl-neighbor.o)
                                         0x22 (size before relaxing)
 .rodata.str1.1
                0x000000000001a1f0       0x34 build/native/contiki-ng-native.a(rpl-neighbor.o)
                                         0x36 (size before relaxing)
 .rodata.str1.1
                0x000000000001a224       0xb0 build/native/contiki-ng-native.a(rpl-dag.o)
 .rodata.str1.1
                0x000000000001a2d4        0xc build/native/contiki-ng-native.a(rpl-timers.o)
 .rodata        0x000000000001a2e0        0x1 build/native/contiki-ng-native.a(buttons.o)
                0x000000000001a2e0                button_hal_button_count

.rodata1
 *(.rodata1)

.eh_frame_hdr   0x000000000001a2e4     0x133c
 *(.eh_frame_hdr)
 .eh_frame_hdr  0x000000000001a2e4     0x133c /usr/lib/gcc/x86_64-linux-gnu/7/../../../x86_64-linux-gnu/Scrt1.o
                0x000000000001a2e4                __GNU_EH_FRAME_HDR
 *(.eh_frame_entry .eh_frame_entry.*)

.eh_frame       0x000000000001b620     0x4b30
 *(.eh_frame)
 .eh_frame      0x000000000001b620       0x30 /usr/lib/gcc/x86_64-linux-gnu/7/../../../x86_64-linux-gnu/Scrt1.o
                                         0x2c (size before relaxing)
 *fill*         0x000000000001b650        0x0 
 .eh_frame      0x000000000001b650       0x40 /usr/lib/gcc/x86_64-linux-gnu/7/../../../x86_64-linux-gnu/Scrt1.o
 .eh_frame      0x000000000001b690       0x18 /usr/lib/gcc/x86_64-linux-gnu/7/../../../x86_64-linux-gnu/Scrt1.o
                                         0x30 (size before relaxing)
 .eh_frame      0x000000000001b6a8       0x58 light_node.o
                                         0x70 (size before relaxing)
 .eh_frame      0x000000000001b700       0x50 build/native/contiki-ng-native.a(res_bulbSwitch.)
                                         0x68 (size before relaxing)
 .eh_frame      0x000000000001b750       0x38 build/native/contiki-ng-native.a(res_light.o)
                                         0x50 (size before relaxing)
 .eh_frame      0x000000000001b788       0x78 build/native/contiki-ng-native.a(coap-blocking-a)
                                         0x90 (size before relaxing)
 .eh_frame      0x000000000001b800      0x150 build/native/contiki-ng-native.a(coap-engine.o)
                                        0x168 (size before relaxing)
 .eh_frame      0x000000000001b950       0x68 build/native/contiki-ng-native.a(coap-res-well-k)
                                         0x80 (size before relaxing)
 .eh_frame      0x000000000001b9b8      0x260 build/native/contiki-ng-native.a(coap-observe.o)
                                        0x278 (size before relaxing)
 .eh_frame      0x000000000001bc18      0x1b0 build/native/contiki-ng-native.a(coap-uip.o)
                                        0x1c8 (size before relaxing)
 .eh_frame      0x000000000001bdc8      0x118 build/native/contiki-ng-native.a(coap-timer.o)
                                        0x130 (size before relaxing)
 .eh_frame      0x000000000001bee0       0xf8 build/native/contiki-ng-native.a(coap-transactio)
                                        0x110 (size before relaxing)
 .eh_frame      0x000000000001bfd8      0x560 build/native/contiki-ng-native.a(coap.o)
                                        0x578 (size before relaxing)
 .eh_frame      0x000000000001c538       0x20 build/native/contiki-ng-native.a(contiki-main.o)
                                         0x38 (size before relaxing)
 .eh_frame      0x000000000001c558       0x38 build/native/contiki-ng-native.a(autostart.o)
                                         0x50 (size before relaxing)
 .eh_frame      0x000000000001c590      0x118 build/native/contiki-ng-native.a(ctimer.o)
                                        0x130 (size before relaxing)
 .eh_frame      0x000000000001c6a8      0x170 build/native/contiki-ng-native.a(log.o)
                                        0x188 (size before relaxing)
 .eh_frame      0x000000000001c818       0x40 build/native/contiki-ng-native.a(energest.o)
                                         0x58 (size before relaxing)
 .eh_frame      0x000000000001c858      0x1b0 build/native/contiki-ng-native.a(etimer.o)
                                        0x1c8 (size before relaxing)
 .eh_frame      0x000000000001ca08       0x18 build/native/contiki-ng-native.a(node-id.o)
                                         0x30 (size before relaxing)
 .eh_frame      0x000000000001ca20       0x50 build/native/contiki-ng-native.a(rtimer.o)
                                         0x68 (size before relaxing)
 .eh_frame      0x000000000001ca70      0x188 build/native/contiki-ng-native.a(process.o)
                                        0x1a0 (size before relaxing)
 .eh_frame      0x000000000001cbf8       0x90 build/native/contiki-ng-native.a(timer.o)
                                         0xa8 (size before relaxing)
 .eh_frame      0x000000000001cc88      0x108 build/native/contiki-ng-native.a(list.o)
                                        0x120 (size before relaxing)
 .eh_frame      0x000000000001cd90       0x70 build/native/contiki-ng-native.a(memb.o)
                                         0x88 (size before relaxing)
 .eh_frame      0x000000000001ce00       0x30 build/native/contiki-ng-native.a(random.o)
                                         0x48 (size before relaxing)
 .eh_frame      0x000000000001ce30       0xb8 build/native/contiki-ng-native.a(leds.o)
                                         0xd0 (size before relaxing)
 .eh_frame      0x000000000001cee8      0x138 build/native/contiki-ng-native.a(queuebuf.o)
                                        0x150 (size before relaxing)
 .eh_frame      0x000000000001d020      0x1c0 build/native/contiki-ng-native.a(packetbuf.o)
                                        0x1d8 (size before relaxing)
 .eh_frame      0x000000000001d1e0       0x78 build/native/contiki-ng-native.a(netstack.o)
                                         0x90 (size before relaxing)
 .eh_frame      0x000000000001d258       0x40 build/native/contiki-ng-native.a(linkaddr.o)
                                         0x58 (size before relaxing)
 .eh_frame      0x000000000001d298       0x78 build/native/contiki-ng-native.a(nullmac.o)
                                         0x90 (size before relaxing)
 .eh_frame      0x000000000001d310      0x3b8 build/native/contiki-ng-native.a(uip-ds6.o)
                                        0x3d0 (size before relaxing)
 .eh_frame      0x000000000001d6c8       0x48 build/native/contiki-ng-native.a(uip-udp-packet.)
                                         0x60 (size before relaxing)
 .eh_frame      0x000000000001d710      0x1b0 build/native/contiki-ng-native.a(uip-ds6-route.o)
                                        0x1c8 (size before relaxing)
 .eh_frame      0x000000000001d8c0      0x138 build/native/contiki-ng-native.a(tcpip.o)
                                        0x150 (size before relaxing)
 .eh_frame      0x000000000001d9f8      0x198 build/native/contiki-ng-native.a(uip6.o)
                                        0x1b0 (size before relaxing)
 .eh_frame      0x000000000001db90      0x1b8 build/native/contiki-ng-native.a(uip-ds6-nbr.o)
                                        0x1d0 (size before relaxing)
 .eh_frame      0x000000000001dd48       0x60 build/native/contiki-ng-native.a(uip-nd6.o)
                                         0x78 (size before relaxing)
 .eh_frame      0x000000000001dda8       0xc8 build/native/contiki-ng-native.a(uiplib.o)
                                         0xe0 (size before relaxing)
 .eh_frame      0x000000000001de70      0x1b0 build/native/contiki-ng-native.a(rpl.o)
                                        0x1c8 (size before relaxing)
 .eh_frame      0x000000000001e020      0x1f0 build/native/contiki-ng-native.a(rpl-icmp6.o)
                                        0x208 (size before relaxing)
 .eh_frame      0x000000000001e210       0xa8 build/native/contiki-ng-native.a(rpl-dag-root.o)
                                         0xc0 (size before relaxing)
 .eh_frame      0x000000000001e2b8      0x128 build/native/contiki-ng-native.a(platform.o)
                                        0x140 (size before relaxing)
 .eh_frame      0x000000000001e3e0       0x60 build/native/contiki-ng-native.a(clock.o)
                                         0x78 (size before relaxing)
 .eh_frame      0x000000000001e440      0x100 build/native/contiki-ng-native.a(tun6-net.o)
                                        0x118 (size before relaxing)
 .eh_frame      0x000000000001e540       0x50 build/native/contiki-ng-native.a(rtimer-arch.o)
                                         0x68 (size before relaxing)
 .eh_frame      0x000000000001e590       0x68 build/native/contiki-ng-native.a(watchdog.o)
                                         0x80 (size before relaxing)
 .eh_frame      0x000000000001e5f8       0x70 build/native/contiki-ng-native.a(coap-timer-defa)
                                         0x88 (size before relaxing)
 .eh_frame      0x000000000001e668       0xa8 build/native/contiki-ng-native.a(stimer.o)
                                         0xc0 (size before relaxing)
 .eh_frame      0x000000000001e710      0x138 build/native/contiki-ng-native.a(button-hal.o)
                                        0x150 (size before relaxing)
 .eh_frame      0x000000000001e848       0x80 build/native/contiki-ng-native.a(serial-line.o)
                                         0x98 (size before relaxing)
 .eh_frame      0x000000000001e8c8      0x118 build/native/contiki-ng-native.a(nullradio.o)
                                        0x130 (size before relaxing)
 .eh_frame      0x000000000001e9e0       0xc8 build/native/contiki-ng-native.a(gpio-hal.o)
                                         0xe0 (size before relaxing)
 .eh_frame      0x000000000001eaa8      0x180 build/native/contiki-ng-native.a(nbr-table.o)
                                        0x198 (size before relaxing)
 .eh_frame      0x000000000001ec28      0x130 build/native/contiki-ng-native.a(link-stats.o)
                                        0x148 (size before relaxing)
 .eh_frame      0x000000000001ed58      0x150 build/native/contiki-ng-native.a(uipbuf.o)
                                        0x168 (size before relaxing)
 .eh_frame      0x000000000001eea8      0x198 build/native/contiki-ng-native.a(uip-icmp6.o)
                                        0x1b0 (size before relaxing)
 .eh_frame      0x000000000001f040      0x210 build/native/contiki-ng-native.a(uip-sr.o)
                                        0x228 (size before relaxing)
 .eh_frame      0x000000000001f250       0xb8 build/native/contiki-ng-native.a(uip-packetqueue)
                                         0xd0 (size before relaxing)
 .eh_frame      0x000000000001f308       0x50 build/native/contiki-ng-native.a(rpl-nbr-policy.)
                                         0x68 (size before relaxing)
 .eh_frame      0x000000000001f358      0x288 build/native/contiki-ng-native.a(rpl-neighbor.o)
                                        0x2a0 (size before relaxing)
 .eh_frame      0x000000000001f5e0      0x348 build/native/contiki-ng-native.a(rpl-dag.o)
                                        0x360 (size before relaxing)
 .eh_frame      0x000000000001f928      0x338 build/native/contiki-ng-native.a(rpl-timers.o)
                                        0x350 (size before relaxing)
 .eh_frame      0x000000000001fc60      0x140 build/native/contiki-ng-native.a(rpl-ext-header.)
                                        0x158 (size before relaxing)
 .eh_frame      0x000000000001fda0      0x150 build/native/contiki-ng-native.a(rpl-mrhof.o)
                                        0x168 (size before relaxing)
 .eh_frame      0x000000000001fef0       0x50 build/native/contiki-ng-native.a(int-master.o)
                                         0x68 (size before relaxing)
 .eh_frame      0x000000000001ff40      0x130 build/native/contiki-ng-native.a(gpio-hal-arch.o)
                                        0x148 (size before relaxing)
 .eh_frame      0x0000000000020070       0x68 build/native/contiki-ng-native.a(ringbuf.o)
                                         0x80 (size before relaxing)
 .eh_frame      0x00000000000200d8       0x60 /usr/lib/x86_64-linux-gnu/libc_nonshared.a(elf-init.oS)
                                         0x78 (size before relaxing)
 .eh_frame      0x0000000000020138       0x14 /usr/lib/x86_64-linux-gnu/libc_nonshared.a(atexit.oS)
                                         0x30 (size before relaxing)
 .eh_frame      0x000000000002014c        0x4 /usr/lib/gcc/x86_64-linux-gnu/7/crtendS.o
 *(.eh_frame.*)

.gcc_except_table
 *(.gcc_except_table .gcc_except_table.*)

.gnu_extab
 *(.gnu_extab*)

.exception_ranges
 *(.exception_ranges .exception_ranges*)
                0x0000000000220a50                . = DATA_SEGMENT_ALIGN (CONSTANT (MAXPAGESIZE), CONSTANT (COMMONPAGESIZE))

.eh_frame
 *(.eh_frame)
 *(.eh_frame.*)

.gnu_extab
 *(.gnu_extab)

.gcc_except_table
 *(.gcc_except_table .gcc_except_table.*)

.exception_ranges
 *(.exception_ranges .exception_ranges*)

.tdata
 *(.tdata .tdata.* .gnu.linkonce.td.*)

.tbss
 *(.tbss .tbss.* .gnu.linkonce.tb.*)
 *(.tcommon)

.preinit_array  0x0000000000220a50        0x0
                [!provide]                        PROVIDE (__preinit_array_start = .)
 *(.preinit_array)
                [!provide]                        PROVIDE (__preinit_array_end = .)

.init_array     0x0000000000220a50        0x8
                0x0000000000220a50                PROVIDE (__init_array_start = .)
 *(SORT_BY_INIT_PRIORITY(.init_array.*) SORT_BY_INIT_PRIORITY(.ctors.*))
 *(.init_array EXCLUDE_FILE(*crtend?.o *crtend.o *crtbegin?.o *crtbegin.o) .ctors)
 .init_array    0x0000000000220a50        0x8 /usr/lib/gcc/x86_64-linux-gnu/7/crtbeginS.o
                0x0000000000220a58                PROVIDE (__init_array_end = .)

.fini_array     0x0000000000220a58        0x8
                [!provide]                        PROVIDE (__fini_array_start = .)
 *(SORT_BY_INIT_PRIORITY(.fini_array.*) SORT_BY_INIT_PRIORITY(.dtors.*))
 *(.fini_array EXCLUDE_FILE(*crtend?.o *crtend.o *crtbegin?.o *crtbegin.o) .dtors)
 .fini_array    0x0000000000220a58        0x8 /usr/lib/gcc/x86_64-linux-gnu/7/crtbeginS.o
                [!provide]                        PROVIDE (__fini_array_end = .)

.ctors
 *crtbegin.o(.ctors)
 *crtbegin?.o(.ctors)
 *(EXCLUDE_FILE(*crtend?.o *crtend.o) .ctors)
 *(SORT_BY_NAME(.ctors.*))
 *(.ctors)

.dtors
 *crtbegin.o(.dtors)
 *crtbegin?.o(.dtors)
 *(EXCLUDE_FILE(*crtend?.o *crtend.o) .dtors)
 *(SORT_BY_NAME(.dtors.*))
 *(.dtors)

.jcr
 *(.jcr)

.data.rel.ro    0x0000000000220a60      0x208
 *(.data.rel.ro.local* .gnu.linkonce.d.rel.ro.local.*)
 .data.rel.ro.local
                0x0000000000220a60       0x10 light_node.o
                0x0000000000220a60                autostart_processes
 *fill*         0x0000000000220a70       0x10 
 .data.rel.ro.local
                0x0000000000220a80       0x38 build/native/contiki-ng-native.a(nullmac.o)
                0x0000000000220a80                nullmac_driver
 *fill*         0x0000000000220ab8        0x8 
 .data.rel.ro.local
                0x0000000000220ac0       0x10 build/native/contiki-ng-native.a(platform.o)
 *fill*         0x0000000000220ad0       0x10 
 .data.rel.ro.local
                0x0000000000220ae0       0x30 build/native/contiki-ng-native.a(tun6-net.o)
                0x0000000000220ae0                tun6_net_driver
 .data.rel.ro.local
                0x0000000000220b10       0x18 build/native/contiki-ng-native.a(coap-timer-defa)
                0x0000000000220b10                coap_timer_default_driver
 *fill*         0x0000000000220b28       0x18 
 .data.rel.ro.local
                0x0000000000220b40       0x70 build/native/contiki-ng-native.a(nullradio.o)
                0x0000000000220b40                nullradio_driver
 *(.data.rel.ro .data.rel.ro.* .gnu.linkonce.d.rel.ro.*)
 .data.rel.ro   0x0000000000220bb0        0x0 /usr/lib/gcc/x86_64-linux-gnu/7/../../../x86_64-linux-gnu/Scrt1.o
 *fill*         0x0000000000220bb0       0x10 
 .data.rel.ro   0x0000000000220bc0       0xa8 build/native/contiki-ng-native.a(rpl.o)
                0x0000000000220bc0                rpl_lite_driver

.dynamic        0x0000000000220c68      0x200
 *(.dynamic)
 .dynamic       0x0000000000220c68      0x200 /usr/lib/gcc/x86_64-linux-gnu/7/../../../x86_64-linux-gnu/Scrt1.o
                0x0000000000220c68                _DYNAMIC

.got            0x0000000000220e68      0x188
 *(.got.plt)
 .got.plt       0x0000000000220e68      0x160 /usr/lib/gcc/x86_64-linux-gnu/7/../../../x86_64-linux-gnu/Scrt1.o
                0x0000000000220e68                _GLOBAL_OFFSET_TABLE_
 *(.igot.plt)
 *(.got)
 .got           0x0000000000220fc8       0x28 /usr/lib/gcc/x86_64-linux-gnu/7/../../../x86_64-linux-gnu/Scrt1.o
 *(.igot)
                0x0000000000221000                . = DATA_SEGMENT_RELRO_END (., 0x0)

.data           0x0000000000221000      0x6a8
 *(.data .data.* .gnu.linkonce.d.*)
 .data          0x0000000000221000        0x4 /usr/lib/gcc/x86_64-linux-gnu/7/../../../x86_64-linux-gnu/Scrt1.o
                0x0000000000221000                data_start
                0x0000000000221000                __data_start
 .data          0x0000000000221004        0x0 /usr/lib/gcc/x86_64-linux-gnu/7/../../../x86_64-linux-gnu/crti.o
 .data          0x0000000000221004        0x0 /usr/lib/gcc/x86_64-linux-gnu/7/crtbeginS.o
 *fill*         0x0000000000221004        0x4 
 .data.rel.local
                0x0000000000221008        0x8 /usr/lib/gcc/x86_64-linux-gnu/7/crtbeginS.o
                0x0000000000221008                __dso_handle
 .data          0x0000000000221010        0x4 light_node.o
 *fill*         0x0000000000221014        0xc 
 .data.rel.local
                0x0000000000221020       0x20 light_node.o
                0x0000000000221020                light_node
 .data          0x0000000000221040        0x0 build/native/contiki-ng-native.a(res_bulbSwitch.)
 .data.rel.local
                0x0000000000221040       0x48 build/native/contiki-ng-native.a(res_bulbSwitch.)
                0x0000000000221040                res_bulbSwitch
 .data          0x0000000000221088        0x4 build/native/contiki-ng-native.a(res_light.o)
 *fill*         0x000000000022108c       0x14 
 .data.rel.local
                0x00000000002210a0       0x48 build/native/contiki-ng-native.a(res_light.o)
                0x00000000002210a0                res_light
 .data          0x00000000002210e8        0x0 build/native/contiki-ng-native.a(coap-blocking-a)
 .data          0x00000000002210e8        0x0 build/native/contiki-ng-native.a(coap-engine.o)
 .data          0x00000000002210e8        0x0 build/native/contiki-ng-native.a(coap-res-well-k)
 *fill*         0x00000000002210e8       0x18 
 .data.rel.local
                0x0000000000221100       0x48 build/native/contiki-ng-native.a(coap-res-well-k)
                0x0000000000221100                res_well_known_core
 .data          0x0000000000221148        0x0 build/native/contiki-ng-native.a(coap-observe.o)
 *fill*         0x0000000000221148        0x8 
 .data.rel.local
                0x0000000000221150       0x18 build/native/contiki-ng-native.a(coap-observe.o)
 .data          0x0000000000221168        0x0 build/native/contiki-ng-native.a(coap-uip.o)
 *fill*         0x0000000000221168       0x18 
 .data.rel.local
                0x0000000000221180       0x20 build/native/contiki-ng-native.a(coap-uip.o)
                0x0000000000221180                coap_engine
 .data          0x00000000002211a0        0x0 build/native/contiki-ng-native.a(coap-timer.o)
 .data          0x00000000002211a0        0x0 build/native/contiki-ng-native.a(coap-transactio)
 .data.rel.local
                0x00000000002211a0       0x18 build/native/contiki-ng-native.a(coap-transactio)
 .data          0x00000000002211b8        0x0 build/native/contiki-ng-native.a(coap.o)
 .data.rel.local
                0x00000000002211b8        0x8 build/native/contiki-ng-native.a(coap.o)
                0x00000000002211b8                coap_error_message
 .data          0x00000000002211c0        0x0 build/native/contiki-ng-native.a(contiki-main.o)
 .data          0x00000000002211c0        0x0 build/native/contiki-ng-native.a(autostart.o)
 .data          0x00000000002211c0        0x0 build/native/contiki-ng-native.a(ctimer.o)
 .data.rel.local
                0x00000000002211c0       0x20 build/native/contiki-ng-native.a(ctimer.o)
                0x00000000002211c0                ctimer_process
 .data          0x00000000002211e0        0x4 build/native/contiki-ng-native.a(log.o)
                0x00000000002211e0                curr_log_level_main
 *fill*         0x00000000002211e4       0x1c 
 .data.rel.local
                0x0000000000221200      0x138 build/native/contiki-ng-native.a(log.o)
                0x0000000000221200                all_modules
 .data          0x0000000000221338        0x0 build/native/contiki-ng-native.a(energest.o)
 .data          0x0000000000221338        0x0 build/native/contiki-ng-native.a(etimer.o)
 *fill*         0x0000000000221338        0x8 
 .data.rel.local
                0x0000000000221340       0x20 build/native/contiki-ng-native.a(etimer.o)
                0x0000000000221340                etimer_process
 .data          0x0000000000221360        0x0 build/native/contiki-ng-native.a(node-id.o)
 .data          0x0000000000221360        0x0 build/native/contiki-ng-native.a(rtimer.o)
 .data          0x0000000000221360        0x0 build/native/contiki-ng-native.a(process.o)
 .data          0x0000000000221360        0x0 build/native/contiki-ng-native.a(timer.o)
 .data          0x0000000000221360        0x0 build/native/contiki-ng-native.a(list.o)
 .data          0x0000000000221360        0x0 build/native/contiki-ng-native.a(memb.o)
 .data          0x0000000000221360        0x0 build/native/contiki-ng-native.a(random.o)
 .data          0x0000000000221360        0x0 build/native/contiki-ng-native.a(leds.o)
 .data          0x0000000000221360        0x0 build/native/contiki-ng-native.a(queuebuf.o)
 .data.rel.local
                0x0000000000221360       0x38 build/native/contiki-ng-native.a(queuebuf.o)
 .data          0x0000000000221398        0x0 build/native/contiki-ng-native.a(packetbuf.o)
 .data          0x0000000000221398        0x0 build/native/contiki-ng-native.a(netstack.o)
 .data          0x0000000000221398        0x0 build/native/contiki-ng-native.a(linkaddr.o)
 .data          0x0000000000221398        0x0 build/native/contiki-ng-native.a(nullmac.o)
 .data          0x0000000000221398        0x0 build/native/contiki-ng-native.a(uip-ds6.o)
 .data          0x0000000000221398        0x0 build/native/contiki-ng-native.a(uip-udp-packet.)
 .data          0x0000000000221398        0x0 build/native/contiki-ng-native.a(uip-ds6-route.o)
 *fill*         0x0000000000221398        0x8 
 .data.rel.local
                0x00000000002213a0       0x18 build/native/contiki-ng-native.a(uip-ds6-route.o)
 .data          0x00000000002213b8        0x0 build/native/contiki-ng-native.a(tcpip.o)
 *fill*         0x00000000002213b8        0x8 
 .data.rel.local
                0x00000000002213c0       0x20 build/native/contiki-ng-native.a(tcpip.o)
                0x00000000002213c0                tcpip_process
 .data          0x00000000002213e0        0x0 build/native/contiki-ng-native.a(uip6.o)
 .data          0x00000000002213e0        0x0 build/native/contiki-ng-native.a(uip-ds6-nbr.o)
 .data.rel.local
                0x00000000002213e0       0x18 build/native/contiki-ng-native.a(uip-ds6-nbr.o)
 .data          0x00000000002213f8        0x0 build/native/contiki-ng-native.a(uip-nd6.o)
 *fill*         0x00000000002213f8        0x8 
 .data.rel.local
                0x0000000000221400       0x18 build/native/contiki-ng-native.a(uip-nd6.o)
 .data          0x0000000000221418        0x0 build/native/contiki-ng-native.a(uiplib.o)
 .data          0x0000000000221418        0x0 build/native/contiki-ng-native.a(rpl.o)
 .data          0x0000000000221418        0x0 build/native/contiki-ng-native.a(rpl-icmp6.o)
 *fill*         0x0000000000221418        0x8 
 .data.rel.local
                0x0000000000221420       0x78 build/native/contiki-ng-native.a(rpl-icmp6.o)
 .data          0x0000000000221498        0x0 build/native/contiki-ng-native.a(rpl-dag-root.o)
 .data          0x0000000000221498        0x0 build/native/contiki-ng-native.a(platform.o)
 .data          0x0000000000221498        0x0 build/native/contiki-ng-native.a(clock.o)
 *fill*         0x0000000000221498        0x8 
 .data          0x00000000002214a0       0x60 build/native/contiki-ng-native.a(tun6-net.o)
 .data          0x0000000000221500        0x0 build/native/contiki-ng-native.a(rtimer-arch.o)
 .data          0x0000000000221500        0x0 build/native/contiki-ng-native.a(watchdog.o)
 .data          0x0000000000221500        0x0 build/native/contiki-ng-native.a(coap-timer-defa)
 .data.rel.local
                0x0000000000221500       0x20 build/native/contiki-ng-native.a(coap-timer-defa)
                0x0000000000221500                coap_timer_process
 .data          0x0000000000221520        0x0 build/native/contiki-ng-native.a(stimer.o)
 .data          0x0000000000221520        0x0 build/native/contiki-ng-native.a(button-hal.o)
 .data.rel.local
                0x0000000000221520       0x20 build/native/contiki-ng-native.a(button-hal.o)
                0x0000000000221520                button_hal_process
 .data          0x0000000000221540        0x0 build/native/contiki-ng-native.a(serial-line.o)
 .data.rel.local
                0x0000000000221540       0x20 build/native/contiki-ng-native.a(serial-line.o)
                0x0000000000221540                serial_line_process
 .data          0x0000000000221560        0x0 build/native/contiki-ng-native.a(nullradio.o)
 .data          0x0000000000221560        0x0 build/native/contiki-ng-native.a(gpio-hal.o)
 .data          0x0000000000221560        0x0 build/native/contiki-ng-native.a(nbr-table.o)
 .data.rel.local
                0x0000000000221560       0x18 build/native/contiki-ng-native.a(nbr-table.o)
 .data          0x0000000000221578        0x0 build/native/contiki-ng-native.a(link-stats.o)
 *fill*         0x0000000000221578        0x8 
 .data.rel.local
                0x0000000000221580       0x18 build/native/contiki-ng-native.a(link-stats.o)
 .data          0x0000000000221598        0x0 build/native/contiki-ng-native.a(uipbuf.o)
 .data          0x0000000000221598        0x0 build/native/contiki-ng-native.a(uip-icmp6.o)
 *fill*         0x0000000000221598        0x8 
 .data.rel.local
                0x00000000002215a0       0x38 build/native/contiki-ng-native.a(uip-icmp6.o)
 .data          0x00000000002215d8        0x0 build/native/contiki-ng-native.a(uip-sr.o)
 *fill*         0x00000000002215d8        0x8 
 .data.rel.local
                0x00000000002215e0       0x18 build/native/contiki-ng-native.a(uip-sr.o)
 .data          0x00000000002215f8        0x0 build/native/contiki-ng-native.a(uip-packetqueue)
 *fill*         0x00000000002215f8        0x8 
 .data.rel.local
                0x0000000000221600       0x18 build/native/contiki-ng-native.a(uip-packetqueue)
 .data          0x0000000000221618        0x0 build/native/contiki-ng-native.a(rpl-nbr-policy.)
 .data          0x0000000000221618        0x0 build/native/contiki-ng-native.a(rpl-neighbor.o)
 *fill*         0x0000000000221618        0x8 
 .data.rel.local
                0x0000000000221620       0x28 build/native/contiki-ng-native.a(rpl-neighbor.o)
                0x0000000000221620                rpl_neighbors
 .data          0x0000000000221648        0x0 build/native/contiki-ng-native.a(rpl-dag.o)
 .data          0x0000000000221648        0x0 build/native/contiki-ng-native.a(rpl-timers.o)
 .data          0x0000000000221648        0x0 build/native/contiki-ng-native.a(rpl-ext-header.)
 .data          0x0000000000221648        0x0 build/native/contiki-ng-native.a(rpl-mrhof.o)
 *fill*         0x0000000000221648       0x18 
 .data.rel.local
                0x0000000000221660       0x48 build/native/contiki-ng-native.a(rpl-mrhof.o)
                0x0000000000221660                rpl_mrhof
 .data          0x00000000002216a8        0x0 build/native/contiki-ng-native.a(buttons.o)
 .data          0x00000000002216a8        0x0 build/native/contiki-ng-native.a(int-master.o)
 .data          0x00000000002216a8        0x0 build/native/contiki-ng-native.a(gpio-hal-arch.o)
 .data          0x00000000002216a8        0x0 build/native/contiki-ng-native.a(ringbuf.o)
 .data          0x00000000002216a8        0x0 /usr/lib/x86_64-linux-gnu/libc_nonshared.a(elf-init.oS)
 .data          0x00000000002216a8        0x0 /usr/lib/x86_64-linux-gnu/libc_nonshared.a(atexit.oS)
 .data          0x00000000002216a8        0x0 /usr/lib/gcc/x86_64-linux-gnu/7/crtendS.o
 .data          0x00000000002216a8        0x0 /usr/lib/gcc/x86_64-linux-gnu/7/../../../x86_64-linux-gnu/crtn.o

.tm_clone_table
                0x00000000002216a8        0x0
 .tm_clone_table
                0x00000000002216a8        0x0 /usr/lib/gcc/x86_64-linux-gnu/7/crtbeginS.o
 .tm_clone_table
                0x00000000002216a8        0x0 /usr/lib/gcc/x86_64-linux-gnu/7/crtendS.o

.data1
 *(.data1)
                0x00000000002216a8                _edata = .
                [!provide]                        PROVIDE (edata = .)
                0x00000000002216a8                . = .
                0x00000000002216a8                __bss_start = .

.bss            0x00000000002216c0     0xe980
 *(.dynbss)
 .dynbss        0x00000000002216c0       0x28 /usr/lib/gcc/x86_64-linux-gnu/7/../../../x86_64-linux-gnu/Scrt1.o
                0x00000000002216c0                stdout@@GLIBC_2.2.5
                0x00000000002216e0                stderr@@GLIBC_2.2.5
 *(.bss .bss.* .gnu.linkonce.b.*)
 .bss           0x00000000002216e8        0x0 /usr/lib/gcc/x86_64-linux-gnu/7/../../../x86_64-linux-gnu/Scrt1.o
 .bss           0x00000000002216e8        0x0 /usr/lib/gcc/x86_64-linux-gnu/7/../../../x86_64-linux-gnu/crti.o
 .bss           0x00000000002216e8        0x1 /usr/lib/gcc/x86_64-linux-gnu/7/crtbeginS.o
 *fill*         0x00000000002216e9       0x17 
 .bss           0x0000000000221700      0x174 light_node.o
 .bss           0x0000000000221874        0x4 build/native/contiki-ng-native.a(res_bulbSwitch.)
 .bss           0x0000000000221878        0x0 build/native/contiki-ng-native.a(res_light.o)
 .bss           0x0000000000221878        0x0 build/native/contiki-ng-native.a(coap-blocking-a)
 *fill*         0x0000000000221878        0x8 
 .bss           0x0000000000221880      0x218 build/native/contiki-ng-native.a(coap-engine.o)
 .bss           0x0000000000221a98        0x0 build/native/contiki-ng-native.a(coap-res-well-k)
 *fill*         0x0000000000221a98        0x8 
 .bss           0x0000000000221aa0      0x15b build/native/contiki-ng-native.a(coap-observe.o)
 *fill*         0x0000000000221bfb        0x5 
 .bss           0x0000000000221c00       0x20 build/native/contiki-ng-native.a(coap-uip.o)
 .bss           0x0000000000221c20       0x10 build/native/contiki-ng-native.a(coap-timer.o)
 *fill*         0x0000000000221c30       0x10 
 .bss           0x0000000000221c40      0x3c4 build/native/contiki-ng-native.a(coap-transactio)
 .bss           0x0000000000222004        0x6 build/native/contiki-ng-native.a(coap.o)
                0x0000000000222004                coap_status_code
 .bss           0x000000000022200a        0x0 build/native/contiki-ng-native.a(contiki-main.o)
 .bss           0x000000000022200a        0x0 build/native/contiki-ng-native.a(autostart.o)
 *fill*         0x000000000022200a        0x6 
 .bss           0x0000000000222010       0x10 build/native/contiki-ng-native.a(ctimer.o)
 .bss           0x0000000000222020       0x2c build/native/contiki-ng-native.a(log.o)
                0x0000000000222020                curr_log_level_lwm2m
                0x0000000000222024                curr_log_level_snmp
                0x0000000000222028                curr_log_level_coap
                0x000000000022202c                curr_log_level_6top
                0x0000000000222030                curr_log_level_framer
                0x0000000000222034                curr_log_level_mac
                0x0000000000222038                curr_log_level_nullnet
                0x000000000022203c                curr_log_level_6lowpan
                0x0000000000222040                curr_log_level_ipv6
                0x0000000000222044                curr_log_level_tcpip
                0x0000000000222048                curr_log_level_rpl
 .bss           0x000000000022204c        0x0 build/native/contiki-ng-native.a(energest.o)
 *fill*         0x000000000022204c        0x4 
 .bss           0x0000000000222050       0x10 build/native/contiki-ng-native.a(etimer.o)
 .bss           0x0000000000222060        0x2 build/native/contiki-ng-native.a(node-id.o)
                0x0000000000222060                node_id
 *fill*         0x0000000000222062        0x6 
 .bss           0x0000000000222068        0x8 build/native/contiki-ng-native.a(rtimer.o)
 *fill*         0x0000000000222070       0x10 
 .bss           0x0000000000222080      0x323 build/native/contiki-ng-native.a(process.o)
                0x0000000000222080                process_current
                0x0000000000222088                process_list
 .bss           0x00000000002223a3        0x0 build/native/contiki-ng-native.a(timer.o)
 .bss           0x00000000002223a3        0x0 build/native/contiki-ng-native.a(list.o)
 .bss           0x00000000002223a3        0x0 build/native/contiki-ng-native.a(memb.o)
 .bss           0x00000000002223a3        0x0 build/native/contiki-ng-native.a(random.o)
 .bss           0x00000000002223a3        0x0 build/native/contiki-ng-native.a(leds.o)
 *fill*         0x00000000002223a3       0x1d 
 .bss           0x00000000002223c0     0x2d80 build/native/contiki-ng-native.a(queuebuf.o)
 .bss           0x0000000000225140       0x86 build/native/contiki-ng-native.a(packetbuf.o)
 *fill*         0x00000000002251c6        0x2 
 .bss           0x00000000002251c8        0x8 build/native/contiki-ng-native.a(netstack.o)
 .bss           0x00000000002251d0        0x0 build/native/contiki-ng-native.a(linkaddr.o)
 .bss           0x00000000002251d0        0x0 build/native/contiki-ng-native.a(nullmac.o)
 .bss           0x00000000002251d0       0x40 build/native/contiki-ng-native.a(uip-ds6.o)
 .bss           0x0000000000225210        0x0 build/native/contiki-ng-native.a(uip-udp-packet.)
 *fill*         0x0000000000225210       0x10 
 .bss           0x0000000000225220       0x70 build/native/contiki-ng-native.a(uip-ds6-route.o)
 *fill*         0x0000000000225290       0x10 
 .bss           0x00000000002252a0       0x20 build/native/contiki-ng-native.a(tcpip.o)
 .bss           0x00000000002252c0        0x8 build/native/contiki-ng-native.a(uip6.o)
                0x00000000002252c0                uip_last_proto
                0x00000000002252c2                uip_ext_len
                0x00000000002252c4                uip_ext_bitmap
 *fill*         0x00000000002252c8       0x18 
 .bss           0x00000000002252e0     0x2580 build/native/contiki-ng-native.a(uip-ds6-nbr.o)
 .bss           0x0000000000227860       0x19 build/native/contiki-ng-native.a(uip-nd6.o)
 .bss           0x0000000000227879        0x0 build/native/contiki-ng-native.a(uiplib.o)
 .bss           0x0000000000227879        0x1 build/native/contiki-ng-native.a(rpl.o)
 .bss           0x000000000022787a        0x0 build/native/contiki-ng-native.a(rpl-icmp6.o)
 *fill*         0x000000000022787a        0x6 
 .bss           0x0000000000227880       0x11 build/native/contiki-ng-native.a(rpl-dag-root.o)
 *fill*         0x0000000000227891        0xf 
 .bss           0x00000000002278a0       0x60 build/native/contiki-ng-native.a(platform.o)
                0x00000000002278a0                contiki_argc
 .bss           0x0000000000227900        0x0 build/native/contiki-ng-native.a(clock.o)
 .bss           0x0000000000227900        0x0 build/native/contiki-ng-native.a(tun6-net.o)
 .bss           0x0000000000227900        0x0 build/native/contiki-ng-native.a(rtimer-arch.o)
 .bss           0x0000000000227900        0x0 build/native/contiki-ng-native.a(watchdog.o)
 .bss           0x0000000000227900       0x48 build/native/contiki-ng-native.a(coap-timer-defa)
 .bss           0x0000000000227948        0x0 build/native/contiki-ng-native.a(stimer.o)
 *fill*         0x0000000000227948        0x8 
 .bss           0x0000000000227950       0x1c build/native/contiki-ng-native.a(button-hal.o)
 *fill*         0x000000000022796c       0x14 
 .bss           0x0000000000227980      0x150 build/native/contiki-ng-native.a(serial-line.o)
 .bss           0x0000000000227ad0        0x0 build/native/contiki-ng-native.a(nullradio.o)
 .bss           0x0000000000227ad0        0x8 build/native/contiki-ng-native.a(gpio-hal.o)
 *fill*         0x0000000000227ad8        0x8 
 .bss           0x0000000000227ae0     0x16cc build/native/contiki-ng-native.a(nbr-table.o)
 *fill*         0x00000000002291ac       0x14 
 .bss           0x00000000002291c0     0x12c0 build/native/contiki-ng-native.a(link-stats.o)
 .bss           0x000000000022a480       0x1c build/native/contiki-ng-native.a(uipbuf.o)
 *fill*         0x000000000022a49c        0x4 
 .bss           0x000000000022a4a0       0x20 build/native/contiki-ng-native.a(uip-icmp6.o)
 .bss           0x000000000022a4c0     0x301c build/native/contiki-ng-native.a(uip-sr.o)
 *fill*         0x000000000022d4dc        0x4 
 .bss           0x000000000022d4e0      0xab2 build/native/contiki-ng-native.a(uip-packetqueue)
 *fill*         0x000000000022df92        0x6 
 .bss           0x000000000022df98       0x14 build/native/contiki-ng-native.a(rpl-nbr-policy.)
 *fill*         0x000000000022dfac       0x14 
 .bss           0x000000000022dfc0     0x12c0 build/native/contiki-ng-native.a(rpl-neighbor.o)
 .bss           0x000000000022f280        0x0 build/native/contiki-ng-native.a(rpl-dag.o)
 .bss           0x000000000022f280       0x80 build/native/contiki-ng-native.a(rpl-timers.o)
 .bss           0x000000000022f300        0x0 build/native/contiki-ng-native.a(rpl-ext-header.)