Archive member included to satisfy reference by file (symbol)

build/native/contiki-ng-native.a(res_music.o)
                              music_node.o (res_music)
build/native/contiki-ng-native.a(res_volume.o)
                              music_node.o (res_volume)
build/native/contiki-ng-native.a(coap-blocking-a)
                              music_node.o (coap_blocking_request)
build/native/contiki-ng-native.a(coap-engine.o)
                              music_node.o (coap_activate_resource)
build/native/contiki-ng-native.a(coap-res-well-k)
                              build/native/contiki-ng-native.a(coap-engine.o) (res_well_known_core)
build/native/contiki-ng-native.a(coap-observe.o)
                              build/native/contiki-ng-native.a(coap-engine.o) (coap_remove_observer_by_mid)
build/native/contiki-ng-native.a(coap-uip.o)
                              build/native/contiki-ng-native.a(coap-observe.o) (coap_endpoint_copy)
build/native/contiki-ng-native.a(coap-timer.o)
                              build/native/contiki-ng-native.a(coap-engine.o) (coap_timer_set)
build/native/contiki-ng-native.a(coap-transactio)
                              build/native/contiki-ng-native.a(coap-blocking-a) (coap_new_transaction)
build/native/contiki-ng-native.a(coap.o)
                              build/native/contiki-ng-native.a(coap-engine.o) (coap_init_connection)
build/native/contiki-ng-native.a(contiki-main.o)
                              /usr/lib/gcc/x86_64-linux-gnu/7/../../../x86_64-linux-gnu/Scrt1.o (main)
build/native/contiki-ng-native.a(autostart.o)
                              build/native/contiki-ng-native.a(contiki-main.o) (autostart_start)
build/native/contiki-ng-native.a(ctimer.o)
                              build/native/contiki-ng-native.a(contiki-main.o) (ctimer_init)
build/native/contiki-ng-native.a(log.o)
                              build/native/contiki-ng-native.a(coap-uip.o) (log_6addr)
build/native/contiki-ng-native.a(energest.o)
                              build/native/contiki-ng-native.a(contiki-main.o) (energest_init)
build/native/contiki-ng-native.a(etimer.o)
                              build/native/contiki-ng-native.a(contiki-main.o) (etimer_process)
build/native/contiki-ng-native.a(node-id.o)
                              build/native/contiki-ng-native.a(contiki-main.o) (node_id_init)
build/native/contiki-ng-native.a(rtimer.o)
                              build/native/contiki-ng-native.a(contiki-main.o) (rtimer_init)
build/native/contiki-ng-native.a(process.o)
                              build/native/contiki-ng-native.a(coap-blocking-a) (process_current)
build/native/contiki-ng-native.a(timer.o)
                              build/native/contiki-ng-native.a(etimer.o) (timer_set)
build/native/contiki-ng-native.a(list.o)
                              build/native/contiki-ng-native.a(coap-engine.o) (list_init)
build/native/contiki-ng-native.a(memb.o)
                              build/native/contiki-ng-native.a(coap-observe.o) (memb_alloc)
build/native/contiki-ng-native.a(queuebuf.o)
                              build/native/contiki-ng-native.a(contiki-main.o) (queuebuf_init)
build/native/contiki-ng-native.a(packetbuf.o)
                              build/native/contiki-ng-native.a(queuebuf.o) (packetbuf_copyto)
build/native/contiki-ng-native.a(netstack.o)
                              build/native/contiki-ng-native.a(contiki-main.o) (netstack_init)
build/native/contiki-ng-native.a(linkaddr.o)
                              build/native/contiki-ng-native.a(packetbuf.o) (linkaddr_copy)
build/native/contiki-ng-native.a(nullmac.o)
                              build/native/contiki-ng-native.a(contiki-main.o) (nullmac_driver)
build/native/contiki-ng-native.a(uip-ds6.o)
                              build/native/contiki-ng-native.a(contiki-main.o) (uip_ds6_get_link_local)
build/native/contiki-ng-native.a(uip-udp-packet.)
                              build/native/contiki-ng-native.a(coap-uip.o) (uip_udp_packet_sendto)
build/native/contiki-ng-native.a(uip-ds6-route.o)
                              build/native/contiki-ng-native.a(uip-ds6.o) (uip_ds6_route_init)
build/native/contiki-ng-native.a(tcpip.o)
                              build/native/contiki-ng-native.a(coap-uip.o) (udp_new)
build/native/contiki-ng-native.a(uip6.o)
                              build/native/contiki-ng-native.a(coap-uip.o) (uip_aligned_buf)
build/native/contiki-ng-native.a(uip-ds6-nbr.o)
                              build/native/contiki-ng-native.a(uip-ds6.o) (uip_ds6_neighbors_init)
build/native/contiki-ng-native.a(uip-nd6.o)
                              build/native/contiki-ng-native.a(uip6.o) (uip_nd6_init)
build/native/contiki-ng-native.a(uiplib.o)
                              build/native/contiki-ng-native.a(coap-uip.o) (uiplib_ip6addrconv)
build/native/contiki-ng-native.a(rpl.o)
                              build/native/contiki-ng-native.a(contiki-main.o) (rpl_lite_driver)
[...]
Memory Configuration

Name             Origin             Length             Attributes
*default*        0x0000000000000000 0xffffffffffffffff

Linker script and memory map

LOAD /usr/lib/gcc/x86_64-linux-gnu/7/../../../x86_64-linux-gnu/Scrt1.o
LOAD /usr/lib/gcc/x86_64-linux-gnu/7/../../../x86_64-linux-gnu/crti.o
LOAD /usr/lib/gcc/x86_64-linux-gnu/7/crtbeginS.o
LOAD music_node.o
LOAD build/native/contiki-ng-native.a
LOAD /usr/lib/gcc/x86_64-linux-gnu/7/../../../x86_64-linux-gnu/librt.so
LOAD /usr/lib/gcc/x86_64-linux-gnu/7/libgcc.a
LOAD /usr/lib/gcc/x86_64-linux-gnu/7/libgcc_s.so
START GROUP
LOAD /usr/lib/gcc/x86_64-linux-gnu/7/libgcc_s.so.1
LOAD /usr/lib/gcc/x86_64-linux-gnu/7/libgcc.a
END GROUP
LOAD /usr/lib/gcc/x86_64-linux-gnu/7/../../../x86_64-linux-gnu/libc.so
START GROUP
LOAD /lib/x86_64-linux-gnu/libc.so.6
LOAD /usr/lib/x86_64-linux-gnu/libc_nonshared.a
LOAD /lib/x86_64-linux-gnu/ld-linux-x86-64.so.2
END GROUP
LOAD /usr/lib/gcc/x86_64-linux-gnu/7/libgcc.a
LOAD /usr/lib/gcc/x86_64-linux-gnu/7/libgcc_s.so
START GROUP
LOAD /usr/lib/gcc/x86_64-linux-gnu/7/libgcc_s.so.1
LOAD /usr/lib/gcc/x86_64-linux-gnu/7/libgcc.a
END GROUP
LOAD /usr/lib/gcc/x86_64-linux-gnu/7/crtendS.o
LOAD /usr/lib/gcc/x86_64-linux-gnu/7/../../../x86_64-linux-gnu/crtn.o
                [!provide]                        PROVIDE (__executable_start = SEGMENT_START ("text-segment", 0x0))
                0x0000000000000238                . = (SEGMENT_START ("text-segment", 0x0) + SIZEOF_HEADERS)

.interp         0x0000000000000238       0x1c
 *(.interp)
 .interp        0x0000000000000238       0x1c /usr/lib/gcc/x86_64-linux-gnu/7/../../../x86_64-linux-gnu/Scrt1.o

.note.ABI-tag   0x0000000000000254       0x20
 .note.ABI-tag  0x0000000000000254       0x20 /usr/lib/gcc/x86_64-linux-gnu/7/../../../x86_64-linux-gnu/Scrt1.o

.note.gnu.build-id
                0x0000000000000274       0x24
 *(.note.gnu.build-id)
 .note.gnu.build-id
                0x0000000000000274       0x24 /usr/lib/gcc/x86_64-linux-gnu/7/../../../x86_64-linux-gnu/Scrt1.o

.hash
 *(.hash)

.gnu.hash       0x0000000000000298     0x133c
 *(.gnu.hash)
 .gnu.hash      0x0000000000000298     0x133c /usr/lib/gcc/x86_64-linux-gnu/7/../../../x86_64-linux-gnu/Scrt1.o

.dynsym         0x00000000000015d8     0x3ab0
 *(.dynsym)
 .dynsym        0x00000000000015d8     0x3ab0 /usr/lib/gcc/x86_64-linux-gnu/7/../../../x86_64-linux-gnu/Scrt1.o

.dynstr         0x0000000000005088     0x2d71
 *(.dynstr)
 .dynstr        0x0000000000005088     0x2d71 /usr/lib/gcc/x86_64-linux-gnu/7/../../../x86_64-linux-gnu/Scrt1.o

.gnu.version    0x0000000000007dfa      0x4e4
 *(.gnu.version)
 .gnu.version   0x0000000000007dfa      0x4e4 /usr/lib/gcc/x86_64-linux-gnu/7/../../../x86_64-linux-gnu/Scrt1.o

.gnu.version_d  0x00000000000082e0        0x0
 *(.gnu.version_d)
 .gnu.version_d
                0x00000000000082e0        0x0 /usr/lib/gcc/x86_64-linux-gnu/7/../../../x86_64-linux-gnu/Scrt1.o

.gnu.version_r  0x00000000000082e0       0x80
 *(.gnu.version_r)
 .gnu.version_r
                0x00000000000082e0       0x80 /usr/lib/gcc/x86_64-linux-gnu/7/../../../x86_64-linux-gnu/Scrt1.o

.rela.dyn       0x0000000000008360      0xe10
 *(.rela.init)
 *(.rela.text .rela.text.* .rela.gnu.linkonce.t.*)
 .rela.text     0x0000000000008360        0x0 /usr/lib/gcc/x86_64-linux-gnu/7/../../../x86_64-linux-gnu/Scrt1.o
 .rela.text.startup
                0x0000000000008360        0x0 /usr/lib/gcc/x86_64-linux-gnu/7/../../../x86_64-linux-gnu/Scrt1.o
 .rela.text.unlikely
                0x0000000000008360        0x0 /usr/lib/gcc/x86_64-linux-gnu/7/../../../x86_64-linux-gnu/Scrt1.o
 *(.rela.fini)
 *(.rela.rodata .rela.rodata.* .rela.gnu.linkonce.r.*)
 *(.rela.data .rela.data.* .rela.gnu.linkonce.d.*)
 .rela.data.rel.ro
                0x0000000000008360      0x1f8 /usr/lib/gcc/x86_64-linux-gnu/7/../../../x86_64-linux-gnu/Scrt1.o
 .rela.data.rel.local
                0x0000000000008558      0x828 /usr/lib/gcc/x86_64-linux-gnu/7/../../../x86_64-linux-gnu/Scrt1.o
 .rela.data.rel.ro.local
                0x0000000000008d80      0x318 /usr/lib/gcc/x86_64-linux-gnu/7/../../../x86_64-linux-gnu/Scrt1.o
 *(.rela.tdata .rela.tdata.* .rela.gnu.linkonce.td.*)
 *(.rela.tbss .rela.tbss.* .rela.gnu.linkonce.tb.*)
 *(.rela.ctors)
 *(.rela.dtors)
 *(.rela.got)
 .rela.got      0x0000000000009098       0x78 /usr/lib/gcc/x86_64-linux-gnu/7/../../../x86_64-linux-gnu/Scrt1.o
 *(.rela.bss .rela.bss.* .rela.gnu.linkonce.b.*)
 .rela.bss      0x0000000000009110       0x30 /usr/lib/gcc/x86_64-linux-gnu/7/../../../x86_64-linux-gnu/Scrt1.o
 *(.rela.ldata .rela.ldata.* .rela.gnu.linkonce.l.*)
 *(.rela.lbss .rela.lbss.* .rela.gnu.linkonce.lb.*)
 *(.rela.lrodata .rela.lrodata.* .rela.gnu.linkonce.lr.*)
 *(.rela.ifunc)
 .rela.ifunc    0x0000000000009140        0x0 /usr/lib/gcc/x86_64-linux-gnu/7/../../../x86_64-linux-gnu/Scrt1.o
 .rela.fini_array
                0x0000000000009140       0x18 /usr/lib/gcc/x86_64-linux-gnu/7/../../../x86_64-linux-gnu/Scrt1.o
 .rela.init_array
                0x0000000000009158       0x18 /usr/lib/gcc/x86_64-linux-gnu/7/../../../x86_64-linux-gnu/Scrt1.o

.rela.plt       0x0000000000009170      0x3f0
 *(.rela.plt)
 .rela.plt      0x0000000000009170      0x3f0 /usr/lib/gcc/x86_64-linux-gnu/7/../../../x86_64-linux-gnu/Scrt1.o
                [!provide]                        PROVIDE (__rela_iplt_start = .)
 *(.rela.iplt)
                [!provide]                        PROVIDE (__rela_iplt_end = .)

.init           0x0000000000009560       0x17
 *(SORT_NONE(.init))
 .init          0x0000000000009560       0x12 /usr/lib/gcc/x86_64-linux-gnu/7/../../../x86_64-linux-gnu/crti.o
                0x0000000000009560                _init
 .init          0x0000000000009572        0x5 /usr/lib/gcc/x86_64-linux-gnu/7/../../../x86_64-linux-gnu/crtn.o

.plt            0x0000000000009580      0x2b0
 *(.plt)
 .plt           0x0000000000009580      0x2b0 /usr/lib/gcc/x86_64-linux-gnu/7/../../../x86_64-linux-gnu/Scrt1.o
 *(.iplt)

.plt.got        0x0000000000009830        0x8
 *(.plt.got)
 .plt.got       0x0000000000009830        0x8 /usr/lib/gcc/x86_64-linux-gnu/7/../../../x86_64-linux-gnu/Scrt1.o

.plt.sec
 *(.plt.sec)

.text           0x0000000000009840    0x101ce
 *(.text.unlikely .text.*_unlikely .text.unlikely.*)
 .text.unlikely
                0x0000000000009840       0xae build/native/contiki-ng-native.a(uip6.o)
 *(.text.exit .text.exit.*)
 *(.text.startup .text.startup.*)
 *fill*         0x00000000000098ee        0x2 
 .text.startup  0x00000000000098f0      0x36c build/native/contiki-ng-native.a(contiki-main.o)
                0x00000000000098f0                main
 *(.text.hot .text.hot.*)
 *(.text .stub .text.* .gnu.linkonce.t.*)
 *fill*         0x0000000000009c5c        0x4 
 .text          0x0000000000009c60       0x2b /usr/lib/gcc/x86_64-linux-gnu/7/../../../x86_64-linux-gnu/Scrt1.o
                0x0000000000009c60                _start
 .text          0x0000000000009c8b        0x0 /usr/lib/gcc/x86_64-linux-gnu/7/../../../x86_64-linux-gnu/crti.o
 *fill*         0x0000000000009c8b        0x5 
 .text          0x0000000000009c90       0xda /usr/lib/gcc/x86_64-linux-gnu/7/crtbeginS.o
 *fill*         0x0000000000009d6a        0x6 
 .text          0x0000000000009d70      0x182 music_node.o
 *fill*         0x0000000000009ef2        0xe 
 .text          0x0000000000009f00      0x1e3 build/native/contiki-ng-native.a(res_music.o)
 *fill*         0x000000000000a0e3        0xd 
 .text          0x000000000000a0f0      0x1cf build/native/contiki-ng-native.a(res_volume.o)
 *fill*         0x000000000000a2bf        0x1 
 .text          0x000000000000a2c0      0x1c6 build/native/contiki-ng-native.a(coap-blocking-a)
                0x000000000000a2c0                coap_blocking_request_callback
                0x000000000000a2d0                coap_blocking_request
 *fill*         0x000000000000a486        0xa 
 .text          0x000000000000a490      0x945 build/native/contiki-ng-native.a(coap-engine.o)
                0x000000000000a4f0                coap_add_handler
                0x000000000000a500                coap_remove_handler
                0x000000000000a510                coap_call_handlers
                0x000000000000a5b0                coap_receive
                0x000000000000ad00                coap_activate_resource
                0x000000000000ad60                coap_engine_init
                0x000000000000adc0                coap_get_first_resource
                0x000000000000add0                coap_get_next_resource
 *fill*         0x000000000000add5        0xb 
 .text          0x000000000000ade0      0x2cc build/native/contiki-ng-native.a(coap-res-well-k)
 *fill*         0x000000000000b0ac        0x4 
 .text          0x000000000000b0b0      0x92f build/native/contiki-ng-native.a(coap-observe.o)
                0x000000000000b0b0                coap_remove_observer
                0x000000000000b0e0                coap_remove_observer_by_client
                0x000000000000b150                coap_remove_observer_by_token
                0x000000000000b1f0                coap_remove_observer_by_uri
                0x000000000000b280                coap_remove_observer_by_mid
                0x000000000000b310                coap_notify_observers_sub
                0x000000000000b6f0                coap_notify_observers
                0x000000000000b700                coap_observe_handler
                0x000000000000b980                coap_has_observers
 *fill*         0x000000000000b9df        0x1 
 .text          0x000000000000b9e0      0x58f build/native/contiki-ng-native.a(coap-uip.o)
                0x000000000000baa0                coap_endpoint_log
                0x000000000000bb20                coap_endpoint_print
                0x000000000000bba0                coap_endpoint_snprint
                0x000000000000bcc0                coap_endpoint_copy
                0x000000000000bce0                coap_endpoint_cmp
                0x000000000000bd20                coap_endpoint_parse
                0x000000000000bee0                coap_endpoint_is_secure
                0x000000000000bef0                coap_endpoint_is_connected
                0x000000000000bf00                coap_endpoint_connect
                0x000000000000bf10                coap_endpoint_disconnect
                0x000000000000bf20                coap_databuf
                0x000000000000bf30                coap_transport_init
                0x000000000000bf40                coap_sendto
 *fill*         0x000000000000bf6f        0x1 
 .text          0x000000000000bf70      0x245 build/native/contiki-ng-native.a(coap-timer.o)
                0x000000000000c070                coap_timer_stop
                0x000000000000c090                coap_timer_set
                0x000000000000c0c0                coap_timer_reset
                0x000000000000c0d0                coap_timer_time_to_next_expiration
                0x000000000000c110                coap_timer_run
                0x000000000000c1a0                coap_timer_init
 *fill*         0x000000000000c1b5        0xb 
 .text          0x000000000000c1c0      0x1dd build/native/contiki-ng-native.a(coap-transactio)
                0x000000000000c1f0                coap_new_transaction
                0x000000000000c240                coap_send_transaction
                0x000000000000c340                coap_clear_transaction
                0x000000000000c360                coap_get_transaction_by_mid
 *fill*         0x000000000000c39d        0x3 
 .text          0x000000000000c3a0     0x198c build/native/contiki-ng-native.a(coap.o)
                0x000000000000c730                coap_init_connection
                0x000000000000c750                coap_get_mid
                0x000000000000c770                coap_init_message
                0x000000000000c7c0                coap_serialize_message
                0x000000000000cdb0                coap_parse_message
                0x000000000000d560                coap_get_query_variable
                0x000000000000d590                coap_get_post_variable
                0x000000000000d5c0                coap_set_status_code
                0x000000000000d5e0                coap_set_token
                0x000000000000d680                coap_get_header_content_format
                0x000000000000d6a0                coap_set_header_content_format
                0x000000000000d6b0                coap_get_header_accept
                0x000000000000d6d0                coap_set_header_accept
                0x000000000000d6f0                coap_get_header_max_age
                0x000000000000d720                coap_set_header_max_age
                0x000000000000d730                coap_get_header_etag
                0x000000000000d750                coap_set_header_etag
                0x000000000000d800                coap_get_header_if_match
                0x000000000000d820                coap_set_header_if_match
                0x000000000000d8e0                coap_get_header_if_none_match
                0x000000000000d8f0                coap_set_header_if_none_match
                0x000000000000d900                coap_get_header_proxy_uri
                0x000000000000d920                coap_set_header_proxy_uri
                0x000000000000d940                coap_get_header_uri_host
                0x000000000000d960                coap_set_header_uri_host
                0x000000000000d980                coap_get_header_uri_path
                0x000000000000d9a0                coap_set_header_uri_path
                0x000000000000d9e0                coap_get_header_uri_query
                0x000000000000da00                coap_set_header_uri_query
                0x000000000000da40                coap_get_header_location_path
                0x000000000000da60                coap_get_header_location_query
                0x000000000000da80                coap_set_header_location_query
                0x000000000000dac0                coap_set_header_location_path
                0x000000000000db30                coap_get_header_observe
                0x000000000000db50                coap_set_header_observe
                0x000000000000db60                coap_get_header_block2
                0x000000000000dbb0                coap_set_header_block2
                0x000000000000dbf0                coap_get_header_block1
                0x000000000000dc40                coap_set_header_block1
                0x000000000000dc80                coap_get_header_size2
                0x000000000000dca0                coap_set_header_size2
                0x000000000000dcb0                coap_get_header_size1
                0x000000000000dcd0                coap_set_header_size1
                0x000000000000dce0                coap_get_payload
                0x000000000000dd10                coap_set_payload
 .text          0x000000000000dd2c        0x0 build/native/contiki-ng-native.a(contiki-main.o)
 *fill*         0x000000000000dd2c        0x4 
 .text          0x000000000000dd30       0x54 build/native/contiki-ng-native.a(autostart.o)
                0x000000000000dd30                autostart_start
                0x000000000000dd60                autostart_exit
 *fill*         0x000000000000dd84        0xc 
 .text          0x000000000000dd90      0x364 build/native/contiki-ng-native.a(ctimer.o)
                0x000000000000deb0                ctimer_init
                0x000000000000dee0                ctimer_set_with_process
                0x000000000000df50                ctimer_set
                0x000000000000df60                ctimer_reset
                0x000000000000dfd0                ctimer_restart
                0x000000000000e040                ctimer_stop
                0x000000000000e0a0                ctimer_expired
 *fill*         0x000000000000e0f4        0xc 
 .text          0x000000000000e100      0x3b8 build/native/contiki-ng-native.a(log.o)
                0x000000000000e100                log_6addr
                0x000000000000e160                log_6addr_compact_snprint
                0x000000000000e1e0                log_6addr_compact
                0x000000000000e240                log_lladdr
                0x000000000000e2e0                log_lladdr_compact
                0x000000000000e330                log_set_level
                0x000000000000e3c0                log_get_level
                0x000000000000e450                log_level_to_str
 *fill*         0x000000000000e4b8        0x8 
 .text          0x000000000000e4c0       0x23 build/native/contiki-ng-native.a(energest.o)
                0x000000000000e4c0                energest_init
                0x000000000000e4d0                energest_flush
                0x000000000000e4e0                energest_get_total_time
 *fill*         0x000000000000e4e3        0xd 
 .text          0x000000000000e4f0      0x44d build/native/contiki-ng-native.a(etimer.o)
                0x000000000000e790                etimer_request_poll
                0x000000000000e7a0                etimer_set
                0x000000000000e7c0                etimer_reset_with_new_interval
                0x000000000000e7f0                etimer_reset
                0x000000000000e810                etimer_restart
                0x000000000000e830                etimer_adjust
                0x000000000000e860                etimer_expired
                0x000000000000e870                etimer_expiration_time
                0x000000000000e880                etimer_start_time
                0x000000000000e890                etimer_pending
                0x000000000000e8a0                etimer_next_expiration_time
                0x000000000000e8c0                etimer_stop
 *fill*         0x000000000000e93d        0x3 
 .text          0x000000000000e940       0x1b build/native/contiki-ng-native.a(node-id.o)
                0x000000000000e940                node_id_init
 *fill*         0x000000000000e95b        0x5 
 .text          0x000000000000e960       0xaa build/native/contiki-ng-native.a(rtimer.o)
                0x000000000000e960                rtimer_init
                0x000000000000e970                rtimer_set
                0x000000000000e9c0                rtimer_run_next
 *fill*         0x000000000000ea0a        0x6 
 .text          0x000000000000ea10      0x44a build/native/contiki-ng-native.a(process.o)
                0x000000000000ebd0                process_alloc_event
                0x000000000000ebf0                process_start
                0x000000000000ec60                process_exit
                0x000000000000ec70                process_init
                0x000000000000eca0                process_run
                0x000000000000ed90                process_nevents
                0x000000000000edb0                process_post
                0x000000000000ee00                process_post_synch
                0x000000000000ee20                process_poll
                0x000000000000ee50                process_is_running
 *fill*         0x000000000000ee5a        0x6 
 .text          0x000000000000ee60       0x95 build/native/contiki-ng-native.a(timer.o)
                0x000000000000ee60                timer_set
                0x000000000000ee80                timer_reset
                0x000000000000eeb0                timer_restart
                0x000000000000eec0                timer_expired
                0x000000000000eee0                timer_remaining
 *fill*         0x000000000000eef5        0xb 
 .text          0x000000000000ef00      0x343 build/native/contiki-ng-native.a(list.o)
                0x000000000000ef00                list_init
                0x000000000000ef10                list_head
                0x000000000000ef20                list_copy
                0x000000000000ef30                list_tail
                0x000000000000ef50                list_add
                0x000000000000efd0                list_push
                0x000000000000f040                list_chop
                0x000000000000f080                list_pop
                0x000000000000f090                list_remove
                0x000000000000f100                list_length
                0x000000000000f130                list_insert
                0x000000000000f1f0                list_item_next
                0x000000000000f210                list_contains
 *fill*         0x000000000000f243        0xd 
 .text          0x000000000000f250      0x15b build/native/contiki-ng-native.a(memb.o)
                0x000000000000f250                memb_init
                0x000000000000f280                memb_alloc
                0x000000000000f2e0                memb_free
                0x000000000000f340                memb_inmemb
                0x000000000000f370                memb_numfree
 *fill*         0x000000000000f3ab        0x5 
 .text          0x000000000000f3b0      0x202 build/native/contiki-ng-native.a(queuebuf.o)
                0x000000000000f3b0                queuebuf_init
                0x000000000000f3d0                queuebuf_numfree
                0x000000000000f3e0                queuebuf_new_from_packetbuf
                0x000000000000f460                queuebuf_update_attr_from_packetbuf
                0x000000000000f480                queuebuf_update_from_packetbuf
                0x000000000000f4b0                queuebuf_free
                0x000000000000f4f0                queuebuf_to_packetbuf
                0x000000000000f540                queuebuf_dataptr
                0x000000000000f570                queuebuf_datalen
                0x000000000000f580                queuebuf_addr
                0x000000000000f5a0                queuebuf_attr
                0x000000000000f5b0                queuebuf_debug_print
 *fill*         0x000000000000f5b2        0xe 
 .text          0x000000000000f5c0      0x3e3 build/native/contiki-ng-native.a(packetbuf.o)
                0x000000000000f5c0                packetbuf_copyto
                0x000000000000f6a0                packetbuf_hdralloc
                0x000000000000f710                packetbuf_hdrreduce
                0x000000000000f740                packetbuf_set_datalen
                0x000000000000f750                packetbuf_dataptr
                0x000000000000f770                packetbuf_hdrptr
                0x000000000000f780                packetbuf_datalen
                0x000000000000f790                packetbuf_hdrlen
                0x000000000000f7a0                packetbuf_totlen
                0x000000000000f7c0                packetbuf_remaininglen
                0x000000000000f7e0                packetbuf_attr_clear
                0x000000000000f830                packetbuf_clear
                0x000000000000f850                packetbuf_copyfrom
                0x000000000000f8b0                packetbuf_attr_copyto
                0x000000000000f8e0                packetbuf_attr_copyfrom
                0x000000000000f910                packetbuf_set_attr
                0x000000000000f930                packetbuf_attr
                0x000000000000f940                packetbuf_set_addr
                0x000000000000f970                packetbuf_addr
                0x000000000000f990                packetbuf_holds_broadcast
 *fill*         0x000000000000f9a3        0xd 
 .text          0x000000000000f9b0       0xba build/native/contiki-ng-native.a(netstack.o)
                0x000000000000f9b0                netstack_process_ip_callback
                0x000000000000fa20                netstack_ip_packet_processor_add
                0x000000000000fa40                uip_ds6_ip_packet_processor_rm
                0x000000000000fa50                netstack_init
 *fill*         0x000000000000fa6a        0x6 
 .text          0x000000000000fa70       0x2b build/native/contiki-ng-native.a(linkaddr.o)
                0x000000000000fa70                linkaddr_copy
                0x000000000000fa80                linkaddr_cmp
                0x000000000000fa90                linkaddr_set_node_addr
 *fill*         0x000000000000fa9b        0x5 
 .text          0x000000000000faa0       0x52 build/native/contiki-ng-native.a(nullmac.o)
 *fill*         0x000000000000faf2        0xe 
 .text          0x000000000000fb00      0xb04 build/native/contiki-ng-native.a(uip-ds6.o)
                0x000000000000fbc0                uip_ds6_default_prefix
                0x000000000000fbd0                uip_ds6_set_default_prefix
                0x000000000000fbe0                uip_ds6_list_loop
                0x000000000000fc20                uip_ds6_prefix_add
                0x000000000000fcd0                uip_ds6_prefix_rm
                0x000000000000fce0                uip_ds6_prefix_lookup
                0x000000000000fd40                uip_ds6_is_addr_onlink
                0x000000000000fdb0                uip_ds6_addr_lookup
                0x000000000000fe10                uip_ds6_get_link_local
                0x000000000000fe80                uip_ds6_get_global
                0x000000000000fef0                uip_ds6_maddr_add
                0x000000000000ff50                uip_ds6_addr_add
                0x0000000000010040                uip_ds6_maddr_rm
                0x0000000000010050                uip_ds6_maddr_lookup
                0x0000000000010110                uip_ds6_addr_rm
                0x0000000000010130                uip_ds6_periodic
                0x00000000000101b0                uip_ds6_aaddr_add
                0x0000000000010210                uip_ds6_aaddr_rm
                0x0000000000010220                uip_ds6_aaddr_lookup
                0x0000000000010280                uip_ds6_select_src
                0x00000000000103c0                uip_ds6_set_addr_iid
                0x00000000000103d0                uip_ds6_set_lladdr_from_iid
                0x00000000000103e0                get_match_length
                0x0000000000010430                uip_ds6_compute_reachable_time
                0x0000000000010470                uip_ds6_init
 *fill*         0x0000000000010604        0xc 
 .text          0x0000000000010610       0xc3 build/native/contiki-ng-native.a(uip-udp-packet.)
                0x0000000000010610                uip_udp_packet_send
                0x0000000000010670                uip_udp_packet_sendto
 *fill*         0x00000000000106d3        0xd 
 .text          0x00000000000106e0      0x2ea build/native/contiki-ng-native.a(uip-ds6-route.o)
                0x00000000000106e0                uip_ds6_route_init
                0x0000000000010700                uip_ds6_route_nexthop
                0x0000000000010710                uip_ds6_route_head
                0x0000000000010720                uip_ds6_route_next
                0x0000000000010730                uip_ds6_route_is_nexthop
                0x0000000000010740                uip_ds6_route_num_routes
                0x0000000000010750                uip_ds6_route_lookup
                0x0000000000010760                uip_ds6_route_add
                0x0000000000010770                uip_ds6_route_rm
                0x0000000000010780                uip_ds6_route_rm_by_nexthop
                0x0000000000010790                uip_ds6_defrt_head
                0x00000000000107a0                uip_ds6_defrt_rm
                0x0000000000010800                uip_ds6_defrt_lookup
                0x0000000000010850                uip_ds6_defrt_add
                0x0000000000010900                uip_ds6_defrt_choose
                0x0000000000010960                uip_ds6_defrt_periodic
 *fill*         0x00000000000109ca        0x6 
 .text          0x00000000000109d0      0x575 build/native/contiki-ng-native.a(tcpip.o)
                0x00000000000109d0                tcpip_output
                0x0000000000010a00                udp_attach
                0x0000000000010a10                udp_new
                0x0000000000010a40                udp_broadcast_new
                0x0000000000010ac0                tcpip_input
                0x0000000000010af0                tcpip_ipv6_output
                0x0000000000010ee0                tcpip_poll_udp
                0x0000000000010f00                tcpip_uipcall
 *fill*         0x0000000000010f45        0xb 
 .text          0x0000000000010f50      0xb6e build/native/contiki-ng-native.a(uip6.o)
                0x0000000000011050                uip_chksum
                0x0000000000011070                uip_icmp6chksum
                0x0000000000011080                uip_udpchksum
                0x0000000000011090                uip_init
                0x0000000000011110                uip_remove_ext_hdr
                0x00000000000111c0                uip_udp_new
                0x0000000000011280                uip_process
                0x0000000000011a00                uip_htons
                0x0000000000011a10                uip_htonl
                0x0000000000011a30                uip_send
 *fill*         0x0000000000011abe        0x2 
 .text          0x0000000000011ac0      0x2e2 build/native/contiki-ng-native.a(uip-ds6-nbr.o)
                0x0000000000011af0                uip_ds6_nbr_rm
                0x0000000000011b10                uip_ds6_neighbors_init
                0x0000000000011b30                uip_ds6_nbr_add
                0x0000000000011b80                uip_ds6_nbr_update_ll
                0x0000000000011c50                uip_ds6_nbr_get_ipaddr
                0x0000000000011c60                uip_ds6_nbr_get_ll
                0x0000000000011c70                uip_ds6_nbr_num
                0x0000000000011cb0                uip_ds6_nbr_head
                0x0000000000011cc0                uip_ds6_nbr_next
                0x0000000000011cd0                uip_ds6_nbr_lookup
                0x0000000000011d50                uip_ds6_nbr_ll_lookup
                0x0000000000011d60                uip_ds6_nbr_ipaddr_from_lladdr
                0x0000000000011d70                uip_ds6_nbr_lladdr_from_ipaddr
                0x0000000000011da0                uip_ds6_link_callback
 *fill*         0x0000000000011da2        0xe 
 .text          0x0000000000011db0      0x45c build/native/contiki-ng-native.a(uip-nd6.o)
                0x0000000000012200                uip_nd6_init
 *fill*         0x000000000001220c        0x4 
 .text          0x0000000000012210      0x4a9 build/native/contiki-ng-native.a(uiplib.o)
                0x0000000000012210                uiplib_ip6addrconv
                0x0000000000012410                uiplib_ip4addrconv
                0x0000000000012490                uiplib_ipaddr_snprint
                0x0000000000012660                uiplib_ipaddr_print
 *fill*         0x00000000000126b9        0x7 
 .text          0x00000000000126c0      0x498 build/native/contiki-ng-native.a(rpl.o)
                0x00000000000126c0                rpl_has_joined
                0x00000000000126e0                rpl_is_reachable
                0x0000000000012710                rpl_get_leaf_only
                0x0000000000012850                rpl_link_callback
                0x00000000000128b0                rpl_lollipop_greater_than
                0x0000000000012900                rpl_get_global_address
                0x00000000000129d0                rpl_reset_prefix
                0x0000000000012a30                rpl_set_prefix_from_addr
                0x0000000000012b10                rpl_set_prefix
                0x0000000000012b50                rpl_set_leaf_only
 *fill*         0x0000000000012b58        0x8 
 .text          0x0000000000012b60      0xc18 build/native/contiki-ng-native.a(rpl-icmp6.o)
                0x0000000000013140                rpl_icmp6_update_nbr_table
                0x0000000000013190                rpl_icmp6_dis_output
                0x00000000000131d0                rpl_icmp6_dio_output
                0x00000000000135f0                rpl_icmp6_dao_output
                0x00000000000136e0                rpl_icmp6_dao_ack_output
                0x0000000000013740                rpl_icmp6_init
 *fill*         0x0000000000013778        0x8 
 .text          0x0000000000013780      0x221 build/native/contiki-ng-native.a(rpl-dag-root.o)
                0x0000000000013800                rpl_dag_root_print_links
                0x00000000000138a0                rpl_dag_root_set_prefix
                0x00000000000138d0                rpl_dag_root_start
                0x0000000000013980                rpl_dag_root_is_root
 *fill*         0x00000000000139a1        0xf 
 .text          0x00000000000139b0      0x44d build/native/contiki-ng-native.a(platform.o)
                0x0000000000013a20                select_set_callback
                0x0000000000013ab0                native_uart_set_input
                0x0000000000013ac0                platform_process_args
                0x0000000000013ad0                platform_init_stage_one
                0x0000000000013af0                platform_init_stage_two
                0x0000000000013b50                platform_init_stage_three
                0x0000000000013c60                platform_main_loop
                0x0000000000013dc0                log_message
                0x0000000000013de0                uip_log
 *fill*         0x0000000000013dfd        0x3 
 .text          0x0000000000013e00       0xc2 build/native/contiki-ng-native.a(clock.o)
                0x0000000000013e00                clock_time
                0x0000000000013e70                clock_seconds
                0x0000000000013eb0                clock_delay
                0x0000000000013ec0                clock_init
 *fill*         0x0000000000013ec2        0xe 
 .text          0x0000000000013ed0      0x51f build/native/contiki-ng-native.a(tun6-net.o)
 *fill*         0x00000000000143ef        0x1 
 .text          0x00000000000143f0       0xbe build/native/contiki-ng-native.a(rtimer-arch.o)
                0x0000000000014410                rtimer_arch_init
                0x0000000000014430                rtimer_arch_schedule
 *fill*         0x00000000000144ae        0x2 
 .text          0x00000000000144b0       0x4e build/native/contiki-ng-native.a(watchdog.o)
                0x00000000000144b0                watchdog_init
                0x00000000000144c0                watchdog_start
                0x00000000000144d0                watchdog_periodic
                0x00000000000144e0                watchdog_stop
                0x00000000000144f0                watchdog_reboot
 *fill*         0x00000000000144fe        0x2 
 .text          0x0000000000014500      0x15e build/native/contiki-ng-native.a(coap-timer-defa)
 *fill*         0x000000000001465e        0x2 
 .text          0x0000000000014660       0xbe build/native/contiki-ng-native.a(stimer.o)
                0x0000000000014660                stimer_set
                0x0000000000014680                stimer_reset
                0x00000000000146b0                stimer_restart
                0x00000000000146c0                stimer_expired
                0x00000000000146f0                stimer_remaining
                0x0000000000014710                stimer_elapsed
 *fill*         0x000000000001471e        0x2 
 .text          0x0000000000014720       0x1e build/native/contiki-ng-native.a(random.o)
                0x0000000000014720                random_init
                0x0000000000014730                random_rand
 *fill*         0x000000000001473e        0x2 
 .text          0x0000000000014740      0x378 build/native/contiki-ng-native.a(button-hal.o)
                0x0000000000014890                button_hal_get_by_id
                0x00000000000148d0                button_hal_get_by_index
                0x0000000000014900                button_hal_get_state
                0x00000000000149e0                button_hal_init
 *fill*         0x0000000000014ab8        0x8 
 .text          0x0000000000014ac0      0x1be build/native/contiki-ng-native.a(serial-line.o)
                0x0000000000014be0                serial_line_input_byte
                0x0000000000014c50                serial_line_init
 *fill*         0x0000000000014c7e        0x2 
 .text          0x0000000000014c80       0x83 build/native/contiki-ng-native.a(leds.o)
                0x0000000000014c80                leds_init
                0x0000000000014c90                leds_single_on
                0x0000000000014ca0                leds_single_off
                0x0000000000014cb0                leds_single_toggle
                0x0000000000014cc0                leds_on
                0x0000000000014cd0                leds_off
                0x0000000000014ce0                leds_toggle
                0x0000000000014cf0                leds_set
                0x0000000000014d00                leds_get
 *fill*         0x0000000000014d03        0xd 
 .text          0x0000000000014d10       0xf3 build/native/contiki-ng-native.a(nullradio.o)
 *fill*         0x0000000000014e03        0xd 
 .text          0x0000000000014e10      0x104 build/native/contiki-ng-native.a(gpio-hal.o)
                0x0000000000014e10                gpio_hal_register_handler
                0x0000000000014e20                gpio_hal_event_handler
                0x0000000000014e70                gpio_hal_init
                0x0000000000014e90                gpio_hal_arch_port_toggle_pin
                0x0000000000014eb0                gpio_hal_arch_port_toggle_pins
                0x0000000000014ed0                gpio_hal_arch_no_port_toggle_pin
                0x0000000000014f00                gpio_hal_arch_no_port_toggle_pins
 *fill*         0x0000000000014f14        0xc 
 .text          0x0000000000014f20      0x6e3 build/native/contiki-ng-native.a(nbr-table.o)
                0x0000000000014fa0                nbr_table_register
                0x0000000000015000                nbr_table_is_registered
                0x0000000000015030                nbr_table_next
                0x00000000000150d0                nbr_table_head
                0x0000000000015150                nbr_table_add_lladdr
                0x0000000000015460                nbr_table_get_from_lladdr
                0x00000000000154c0                nbr_table_remove
                0x0000000000015540                nbr_table_lock
                0x0000000000015580                nbr_table_unlock
                0x00000000000155c0                nbr_table_get_lladdr
 *fill*         0x0000000000015603        0xd 
 .text          0x0000000000015610      0x3b0 build/native/contiki-ng-native.a(link-stats.o)
                0x0000000000015650                link_stats_from_lladdr
                0x0000000000015660                link_stats_get_lladdr
                0x0000000000015670                link_stats_is_fresh
                0x00000000000156b0                guess_etx_from_rssi
                0x0000000000015700                link_stats_packet_sent
                0x0000000000015870                link_stats_input_callback
                0x0000000000015940                link_stats_reset
                0x0000000000015990                link_stats_init
 .text          0x00000000000159c0      0x3a1 build/native/contiki-ng-native.a(uipbuf.o)
                0x00000000000159c0                uipbuf_clear
                0x0000000000015a00                uipbuf_add_ext_hdr
                0x0000000000015a50                uipbuf_set_len
                0x0000000000015a70                uipbuf_set_len_field
                0x0000000000015a80                uipbuf_get_len_field
                0x0000000000015a90                uipbuf_get_next_header
                0x0000000000015b40                uipbuf_get_last_header
                0x0000000000015bc0                uipbuf_search_header
                0x0000000000015c80                uipbuf_get_attr
                0x0000000000015ca0                uipbuf_set_attr
                0x0000000000015cc0                uipbuf_set_default_attr
                0x0000000000015ce0                uipbuf_clear_attr
                0x0000000000015d00                uipbuf_set_attr_flag
                0x0000000000015d10                uipbuf_clr_attr_flag
                0x0000000000015d20                uipbuf_is_attr_flag
                0x0000000000015d40                uipbuf_init
 *fill*         0x0000000000015d61        0xf 
 .text          0x0000000000015d70      0x4ce build/native/contiki-ng-native.a(uip-icmp6.o)
                0x0000000000015eb0                uip_icmp6_input
                0x0000000000015f20                uip_icmp6_register_input_handler
                0x0000000000015f30                uip_icmp6_error_output
                0x0000000000016110                uip_icmp6_send
                0x00000000000161d0                uip_icmp6_echo_reply_callback_add
                0x0000000000016200                uip_icmp6_echo_reply_callback_rm
                0x0000000000016210                uip_icmp6_init
 *fill*         0x000000000001623e        0x2 
 .text          0x0000000000016240      0x5ab build/native/contiki-ng-native.a(uip-sr.o)
                0x00000000000162a0                uip_sr_num_nodes
                0x00000000000162b0                uip_sr_get_node
                0x0000000000016320                uip_sr_is_addr_reachable
                0x00000000000163d0                uip_sr_expire_parent
                0x0000000000016420                uip_sr_update_node
                0x0000000000016530                uip_sr_init
                0x0000000000016560                uip_sr_node_head
                0x0000000000016570                uip_sr_node_next
                0x0000000000016580                uip_sr_periodic
                0x0000000000016650                uip_sr_free_all
                0x00000000000166b0                uip_sr_link_snprint
 *fill*         0x00000000000167eb        0x5 
 .text          0x00000000000167f0      0x121 build/native/contiki-ng-native.a(uip-packetqueue)
                0x0000000000016810                uip_packetqueue_new
                0x0000000000016820                uip_packetqueue_alloc
                0x0000000000016880                uip_packetqueue_free
                0x00000000000168c0                uip_packetqueue_buf
                0x00000000000168e0                uip_packetqueue_buflen
                0x0000000000016900                uip_packetqueue_set_buflen
 *fill*         0x0000000000016911        0xf 
 .text          0x0000000000016920      0x12e build/native/contiki-ng-native.a(rpl-nbr-policy.)
                0x00000000000169c0                rpl_nbr_policy_find_removable
 *fill*         0x0000000000016a4e        0x2 
 .text          0x0000000000016a50      0x8c3 build/native/contiki-ng-native.a(rpl-neighbor.o)
                0x0000000000016aa0                rpl_neighbor_count
                0x0000000000016ae0                rpl_neighbor_get_from_lladdr
                0x0000000000016af0                rpl_neighbor_is_acceptable_parent
                0x0000000000016b20                rpl_neighbor_get_link_metric
                0x0000000000016b50                rpl_neighbor_rank_via_nbr
                0x0000000000016b80                rpl_neighbor_get_lladdr
                0x0000000000016b90                rpl_neighbor_get_ipaddr
                0x0000000000016bb0                rpl_neighbor_get_link_stats
                0x0000000000016cd0                rpl_neighbor_snprint
                0x0000000000017040                rpl_neighbor_print_list
                0x00000000000170d0                rpl_neighbor_is_fresh
                0x00000000000170f0                rpl_neighbor_is_reachable
                0x0000000000017140                rpl_neighbor_is_parent
                0x0000000000017160                rpl_neighbor_set_preferred_parent
                0x00000000000171e0                rpl_neighbor_remove_all
                0x0000000000017230                rpl_neighbor_get_from_ipaddr
                0x0000000000017260                rpl_neighbor_select_best
                0x0000000000017300                rpl_neighbor_init
 *fill*         0x0000000000017313        0xd 
 .text          0x0000000000017320      0xcb5 build/native/contiki-ng-native.a(rpl-dag.o)
                0x0000000000017760                rpl_dag_state_to_str
                0x00000000000177a0                rpl_dag_get_root_ipaddr
                0x00000000000177d0                rpl_dag_leave
                0x0000000000017840                rpl_dag_poison_and_leave
                0x0000000000017850                rpl_dag_periodic
                0x00000000000178d0                rpl_is_addr_in_our_dag
                0x0000000000017920                rpl_get_default_instance
                0x0000000000017940                rpl_get_any_dag
                0x0000000000017960                rpl_refresh_routes
                0x0000000000017990                rpl_global_repair
                0x00000000000179c0                rpl_local_repair
                0x00000000000179e0                rpl_dag_ready_to_advertise
                0x0000000000017a10                rpl_dag_update_state
                0x0000000000017a30                rpl_process_dio
                0x0000000000017cf0                rpl_process_dis
                0x0000000000017d30                rpl_process_dao
                0x0000000000017db0                rpl_process_dao_ack
                0x0000000000017e50                rpl_process_hbh
                0x0000000000017eb0                rpl_dag_init_root
                0x0000000000017fc0                rpl_dag_init
 *fill*         0x0000000000017fd5        0xb 
 .text          0x0000000000017fe0      0x927 build/native/contiki-ng-native.a(rpl-timers.o)
                0x0000000000018290                rpl_timers_schedule_periodic_dis
                0x00000000000183b0                rpl_timers_dio_reset
                0x0000000000018400                rpl_timers_schedule_unicast_dio
                0x0000000000018430                rpl_timers_schedule_dao
                0x0000000000018490                rpl_timers_schedule_dao_ack
                0x00000000000184d0                rpl_timers_notify_dao_ack
                0x0000000000018550                get_probing_delay
                0x0000000000018570                get_probing_target
                0x0000000000018730                rpl_schedule_probing
                0x0000000000018750                rpl_schedule_probing_now
                0x00000000000187a0                rpl_timers_unschedule_leaving
                0x00000000000187e0                rpl_timers_schedule_leaving
                0x0000000000018830                rpl_timers_init
                0x0000000000018860                rpl_timers_stop_dag_timers
                0x00000000000188c0                rpl_timers_unschedule_state_update
                0x00000000000188e0                rpl_timers_schedule_state_update
 *fill*         0x0000000000018907        0x9 
 .text          0x0000000000018910      0xb0e build/native/contiki-ng-native.a(rpl-ext-header.)
                0x0000000000018980                rpl_ext_header_srh_get_next_hop
                0x0000000000018a20                rpl_ext_header_srh_update
                0x0000000000018c70                rpl_ext_header_hbh_update
                0x0000000000018d30                rpl_ext_header_remove
                0x0000000000018ea0                rpl_ext_header_update
 *fill*         0x000000000001941e        0x2 
 .text          0x0000000000019420      0x27d build/native/contiki-ng-native.a(rpl-mrhof.o)
 .text          0x000000000001969d        0x0 build/native/contiki-ng-native.a(buttons.o)
 *fill*         0x000000000001969d        0x3 
 .text          0x00000000000196a0       0x4c build/native/contiki-ng-native.a(int-master.o)
                0x00000000000196a0                int_master_enable
                0x00000000000196b0                int_master_read_and_disable
                0x00000000000196d0                int_master_status_set
                0x00000000000196e0                int_master_is_enabled
 *fill*         0x00000000000196ec        0x4 
 .text          0x00000000000196f0      0x1cb build/native/contiki-ng-native.a(gpio-hal-arch.o)
                0x00000000000196f0                gpio_hal_arch_init
                0x0000000000019700                gpio_hal_arch_no_port_interrupt_enable
                0x0000000000019710                gpio_hal_arch_no_port_interrupt_disable
                0x0000000000019720                gpio_hal_arch_no_port_pin_cfg_set
                0x0000000000019740                gpio_hal_arch_no_port_pin_cfg_get
                0x0000000000019760                gpio_hal_arch_no_port_pin_set_input
                0x0000000000019770                gpio_hal_arch_no_port_pin_set_output
                0x0000000000019780                gpio_hal_arch_no_port_set_pin
                0x00000000000197a0                gpio_hal_arch_no_port_clear_pin
                0x00000000000197c0                gpio_hal_arch_no_port_read_pin
                0x00000000000197e0                gpio_hal_arch_no_port_write_pin
                0x0000000000019800                gpio_hal_arch_no_port_set_pins
                0x0000000000019830                gpio_hal_arch_no_port_clear_pins
                0x0000000000019860                gpio_hal_arch_no_port_read_pins
                0x0000000000019890                gpio_hal_arch_no_port_write_pins
 *fill*         0x00000000000198bb        0x5 
 .text          0x00000000000198c0       0xb1 build/native/contiki-ng-native.a(ringbuf.o)
                0x00000000000198c0                ringbuf_init
                0x00000000000198d0                ringbuf_put
                0x0000000000019910                ringbuf_get
                0x0000000000019950                ringbuf_size
                0x0000000000019960                ringbuf_elements
 *fill*         0x0000000000019971        0xf 
 .text          0x0000000000019980       0x72 /usr/lib/x86_64-linux-gnu/libc_nonshared.a(elf-init.oS)
                0x0000000000019980                __libc_csu_init
                0x00000000000199f0                __libc_csu_fini
 *fill*         0x00000000000199f2        0xe 
 .text          0x0000000000019a00        0xe /usr/lib/x86_64-linux-gnu/libc_nonshared.a(atexit.oS)
                0x0000000000019a00                atexit
 .text          0x0000000000019a0e        0x0 /usr/lib/gcc/x86_64-linux-gnu/7/crtendS.o
 .text          0x0000000000019a0e        0x0 /usr/lib/gcc/x86_64-linux-gnu/7/../../../x86_64-linux-gnu/crtn.o
 *(.gnu.warning)

.fini           0x0000000000019a10        0x9
 *(SORT_NONE(.fini))
 .fini          0x0000000000019a10        0x4 /usr/lib/gcc/x86_64-linux-gnu/7/../../../x86_64-linux-gnu/crti.o
                0x0000000000019a10                _fini
 .fini          0x0000000000019a14        0x5 /usr/lib/gcc/x86_64-linux-gnu/7/../../../x86_64-linux-gnu/crtn.o
                [!provide]                        PROVIDE (__etext = .)
                [!provide]                        PROVIDE (_etext = .)
                [!provide]                        PROVIDE (etext = .)

.rodata         0x0000000000019a20      0x921
 *(.rodata .rodata.* .gnu.linkonce.r.*)
 .rodata.cst4   0x0000000000019a20        0x4 /usr/lib/gcc/x86_64-linux-gnu/7/../../../x86_64-linux-gnu/Scrt1.o
                0x0000000000019a20                _IO_stdin_used
 .rodata.str1.1
                0x0000000000019a24       0x91 music_node.o
 .rodata.str1.1
                0x0000000000019ab5       0x27 build/native/contiki-ng-native.a(res_music.o)
 *fill*         0x0000000000019adc        0x4 
 .rodata.str1.8
                0x0000000000019ae0       0x76 build/native/contiki-ng-native.a(res_music.o)
 .rodata.str1.1
                0x0000000000019b56       0x36 build/native/contiki-ng-native.a(res_volume.o)
                                         0x49 (size before relaxing)
 *fill*         0x0000000000019b8c        0x4 
 .rodata.str1.8
                0x0000000000019b90       0x3b build/native/contiki-ng-native.a(res_volume.o)
                                         0x6b (size before relaxing)
 .rodata.str1.1
                0x0000000000019bcb       0x41 build/native/contiki-ng-native.a(coap-engine.o)
 .rodata.str1.1
                0x0000000000019c0c        0x6 build/native/contiki-ng-native.a(coap-res-well-k)
                                         0x19 (size before relaxing)
 .rodata.str1.1
                0x0000000000019c12       0x11 build/native/contiki-ng-native.a(coap-observe.o)
 .rodata.str1.1
                0x0000000000019c23       0x35 build/native/contiki-ng-native.a(coap-uip.o)
 .rodata.str1.8
                0x0000000000019c58       0x7f build/native/contiki-ng-native.a(coap.o)
 .rodata.str1.1
                0x0000000000019cd7       0x33 build/native/contiki-ng-native.a(coap.o)
                                         0x34 (size before relaxing)
 *fill*         0x0000000000019d0a        0x2 
 .rodata        0x0000000000019d0c       0xf4 build/native/contiki-ng-native.a(coap.o)
 .rodata.str1.1
                0x0000000000019e00       0x66 build/native/contiki-ng-native.a(contiki-main.o)
                                         0x7a (size before relaxing)
 *fill*         0x0000000000019e66        0x2 
 .rodata.str1.8
                0x0000000000019e68       0x7c build/native/contiki-ng-native.a(contiki-main.o)
 .rodata.str1.1
                0x0000000000019ee4        0xf build/native/contiki-ng-native.a(ctimer.o)
 .rodata.str1.1
                0x0000000000019ef3       0xa5 build/native/contiki-ng-native.a(log.o)
                                         0xac (size before relaxing)
 .rodata        0x0000000000019f98       0x14 build/native/contiki-ng-native.a(log.o)
 .rodata.str1.1
                0x0000000000019fac        0xc build/native/contiki-ng-native.a(etimer.o)
 .rodata        0x0000000000019fb8        0x8 build/native/contiki-ng-native.a(linkaddr.o)
                0x0000000000019fb8                linkaddr_null
 .rodata.str1.1
                0x0000000000019fc0        0x8 build/native/contiki-ng-native.a(nullmac.o)
 .rodata.str1.1
                0x0000000000019fc8        0xd build/native/contiki-ng-native.a(tcpip.o)
 .rodata.str1.1
                0x0000000000019fd5       0x28 build/native/contiki-ng-native.a(uiplib.o)
                                         0x2d (size before relaxing)
 .rodata.str1.1
                0x0000000000019ffd        0x9 build/native/contiki-ng-native.a(rpl.o)
 .rodata.str1.1
                0x000000000001a006       0x2f build/native/contiki-ng-native.a(platform.o)
                                         0x47 (size before relaxing)
 *fill*         0x000000000001a035        0x3 
 .rodata        0x000000000001a038        0x8 build/native/contiki-ng-native.a(platform.o)
 .rodata.str1.1
                0x000000000001a040       0xa6 build/native/contiki-ng-native.a(tun6-net.o)
                                         0xb9 (size before relaxing)
 *fill*         0x000000000001a0e6        0x2 
 .rodata.str1.8
                0x000000000001a0e8       0xc7 build/native/contiki-ng-native.a(tun6-net.o)
 .rodata.str1.1
                0x000000000001a1af       0x13 build/native/contiki-ng-native.a(coap-timer-defa)
 .rodata.str1.1
                0x000000000001a1c2       0x13 build/native/contiki-ng-native.a(button-hal.o)
 .rodata.str1.1
                0x000000000001a1d5        0xe build/native/contiki-ng-native.a(serial-line.o)
 .rodata.str1.1
                0x000000000001a1e3       0x44 build/native/contiki-ng-native.a(uip-sr.o)
 *fill*         0x000000000001a227        0x1 
 .rodata.str1.8
                0x000000000001a228       0x28 build/native/contiki-ng-native.a(rpl-neighbor.o)
                                         0x22 (size before relaxing)
 .rodata.str1.1
                0x000000000001a250       0x34 build/native/contiki-ng-native.a(rpl-neighbor.o)
                                         0x36 (size before relaxing)
 .rodata.str1.1
                0x000000000001a284       0xb0 build/native/contiki-ng-native.a(rpl-dag.o)
 .rodata.str1.1
                0x000000000001a334        0xc build/native/contiki-ng-native.a(rpl-timers.o)
 .rodata        0x000000000001a340        0x1 build/native/contiki-ng-native.a(buttons.o)
                0x000000000001a340                button_hal_button_count

.rodata1
 *(.rodata1)

.eh_frame_hdr   0x000000000001a344     0x1344
 *(.eh_frame_hdr)
 .eh_frame_hdr  0x000000000001a344     0x1344 /usr/lib/gcc/x86_64-linux-gnu/7/../../../x86_64-linux-gnu/Scrt1.o
                0x000000000001a344                __GNU_EH_FRAME_HDR
 *(.eh_frame_entry .eh_frame_entry.*)

.eh_frame       0x000000000001b688     0x4b50
 *(.eh_frame)
 .eh_frame      0x000000000001b688       0x30 /usr/lib/gcc/x86_64-linux-gnu/7/../../../x86_64-linux-gnu/Scrt1.o
                                         0x2c (size before relaxing)
 *fill*         0x000000000001b6b8        0x0 
 .eh_frame      0x000000000001b6b8       0x40 /usr/lib/gcc/x86_64-linux-gnu/7/../../../x86_64-linux-gnu/Scrt1.o
 .eh_frame      0x000000000001b6f8       0x18 /usr/lib/gcc/x86_64-linux-gnu/7/../../../x86_64-linux-gnu/Scrt1.o
                                         0x30 (size before relaxing)
 .eh_frame      0x000000000001b710       0x58 music_node.o
                                         0x70 (size before relaxing)
 .eh_frame      0x000000000001b768       0x50 build/native/contiki-ng-native.a(res_music.o)
                                         0x68 (size before relaxing)
 .eh_frame      0x000000000001b7b8       0x58 build/native/contiki-ng-native.a(res_volume.o)
                                         0x70 (size before relaxing)
 .eh_frame      0x000000000001b810       0x78 build/native/contiki-ng-native.a(coap-blocking-a)
                                         0x90 (size before relaxing)
 .eh_frame      0x000000000001b888      0x150 build/native/contiki-ng-native.a(coap-engine.o)
                                        0x168 (size before relaxing)
 .eh_frame      0x000000000001b9d8       0x68 build/native/contiki-ng-native.a(coap-res-well-k)
                                         0x80 (size before relaxing)
 .eh_frame      0x000000000001ba40      0x260 build/native/contiki-ng-native.a(coap-observe.o)
                                        0x278 (size before relaxing)
 .eh_frame      0x000000000001bca0      0x1b0 build/native/contiki-ng-native.a(coap-uip.o)
                                        0x1c8 (size before relaxing)
 .eh_frame      0x000000000001be50      0x118 build/native/contiki-ng-native.a(coap-timer.o)
                                        0x130 (size before relaxing)
 .eh_frame      0x000000000001bf68       0xf8 build/native/contiki-ng-native.a(coap-transactio)
                                        0x110 (size before relaxing)
 .eh_frame      0x000000000001c060      0x560 build/native/contiki-ng-native.a(coap.o)
                                        0x578 (size before relaxing)
 .eh_frame      0x000000000001c5c0       0x20 build/native/contiki-ng-native.a(contiki-main.o)
                                         0x38 (size before relaxing)
 .eh_frame      0x000000000001c5e0       0x38 build/native/contiki-ng-native.a(autostart.o)
                                         0x50 (size before relaxing)
 .eh_frame      0x000000000001c618      0x118 build/native/contiki-ng-native.a(ctimer.o)
                                        0x130 (size before relaxing)
 .eh_frame      0x000000000001c730      0x170 build/native/contiki-ng-native.a(log.o)
                                        0x188 (size before relaxing)
 .eh_frame      0x000000000001c8a0       0x40 build/native/contiki-ng-native.a(energest.o)
                                         0x58 (size before relaxing)
 .eh_frame      0x000000000001c8e0      0x1b0 build/native/contiki-ng-native.a(etimer.o)
                                        0x1c8 (size before relaxing)
 .eh_frame      0x000000000001ca90       0x18 build/native/contiki-ng-native.a(node-id.o)
                                         0x30 (size before relaxing)
 .eh_frame      0x000000000001caa8       0x50 build/native/contiki-ng-native.a(rtimer.o)
                                         0x68 (size before relaxing)
 .eh_frame      0x000000000001caf8      0x188 build/native/contiki-ng-native.a(process.o)
                                        0x1a0 (size before relaxing)
 .eh_frame      0x000000000001cc80       0x90 build/native/contiki-ng-native.a(timer.o)
                                         0xa8 (size before relaxing)
 .eh_frame      0x000000000001cd10      0x108 build/native/contiki-ng-native.a(list.o)
                                        0x120 (size before relaxing)
 .eh_frame      0x000000000001ce18       0x70 build/native/contiki-ng-native.a(memb.o)
                                         0x88 (size before relaxing)
 .eh_frame      0x000000000001ce88      0x138 build/native/contiki-ng-native.a(queuebuf.o)
                                        0x150 (size before relaxing)
 .eh_frame      0x000000000001cfc0      0x1c0 build/native/contiki-ng-native.a(packetbuf.o)
                                        0x1d8 (size before relaxing)
 .eh_frame      0x000000000001d180       0x78 build/native/contiki-ng-native.a(netstack.o)
                                         0x90 (size before relaxing)
 .eh_frame      0x000000000001d1f8       0x40 build/native/contiki-ng-native.a(linkaddr.o)
                                         0x58 (size before relaxing)
 .eh_frame      0x000000000001d238       0x78 build/native/contiki-ng-native.a(nullmac.o)
                                         0x90 (size before relaxing)
 .eh_frame      0x000000000001d2b0      0x3b8 build/native/contiki-ng-native.a(uip-ds6.o)
                                        0x3d0 (size before relaxing)
 .eh_frame      0x000000000001d668       0x48 build/native/contiki-ng-native.a(uip-udp-packet.)
                                         0x60 (size before relaxing)
 .eh_frame      0x000000000001d6b0      0x1b0 build/native/contiki-ng-native.a(uip-ds6-route.o)
                                        0x1c8 (size before relaxing)
 .eh_frame      0x000000000001d860      0x138 build/native/contiki-ng-native.a(tcpip.o)
                                        0x150 (size before relaxing)
 .eh_frame      0x000000000001d998      0x198 build/native/contiki-ng-native.a(uip6.o)
                                        0x1b0 (size before relaxing)
 .eh_frame      0x000000000001db30      0x1b8 build/native/contiki-ng-native.a(uip-ds6-nbr.o)
                                        0x1d0 (size before relaxing)
 .eh_frame      0x000000000001dce8       0x60 build/native/contiki-ng-native.a(uip-nd6.o)
                                         0x78 (size before relaxing)
 .eh_frame      0x000000000001dd48       0xc8 build/native/contiki-ng-native.a(uiplib.o)
                                         0xe0 (size before relaxing)
 .eh_frame      0x000000000001de10      0x1b0 build/native/contiki-ng-native.a(rpl.o)
                                        0x1c8 (size before relaxing)
 .eh_frame      0x000000000001dfc0      0x1f0 build/native/contiki-ng-native.a(rpl-icmp6.o)
                                        0x208 (size before relaxing)
 .eh_frame      0x000000000001e1b0       0xa8 build/native/contiki-ng-native.a(rpl-dag-root.o)
                                         0xc0 (size before relaxing)
 .eh_frame      0x000000000001e258      0x128 build/native/contiki-ng-native.a(platform.o)
                                        0x140 (size before relaxing)
 .eh_frame      0x000000000001e380       0x60 build/native/contiki-ng-native.a(clock.o)
                                         0x78 (size before relaxing)
 .eh_frame      0x000000000001e3e0      0x100 build/native/contiki-ng-native.a(tun6-net.o)
                                        0x118 (size before relaxing)
 .eh_frame      0x000000000001e4e0       0x50 build/native/contiki-ng-native.a(rtimer-arch.o)
                                         0x68 (size before relaxing)
 .eh_frame      0x000000000001e530       0x68 build/native/contiki-ng-native.a(watchdog.o)
                                         0x80 (size before relaxing)
 .eh_frame      0x000000000001e598       0x70 build/native/contiki-ng-native.a(coap-timer-defa)
                                         0x88 (size before relaxing)
 .eh_frame      0x000000000001e608       0xa8 build/native/contiki-ng-native.a(stimer.o)
                                         0xc0 (size before relaxing)
 .eh_frame      0x000000000001e6b0       0x30 build/native/contiki-ng-native.a(random.o)
                                         0x48 (size before relaxing)
 .eh_frame      0x000000000001e6e0      0x138 build/native/contiki-ng-native.a(button-hal.o)
                                        0x150 (size before relaxing)
 .eh_frame      0x000000000001e818       0x80 build/native/contiki-ng-native.a(serial-line.o)
                                         0x98 (size before relaxing)
 .eh_frame      0x000000000001e898       0xb8 build/native/contiki-ng-native.a(leds.o)
                                         0xd0 (size before relaxing)
 .eh_frame      0x000000000001e950      0x118 build/native/contiki-ng-native.a(nullradio.o)
                                        0x130 (size before relaxing)
 .eh_frame      0x000000000001ea68       0xc8 build/native/contiki-ng-native.a(gpio-hal.o)
                                         0xe0 (size before relaxing)
 .eh_frame      0x000000000001eb30      0x180 build/native/contiki-ng-native.a(nbr-table.o)
                                        0x198 (size before relaxing)
 .eh_frame      0x000000000001ecb0      0x130 build/native/contiki-ng-native.a(link-stats.o)
                                        0x148 (size before relaxing)
 .eh_frame      0x000000000001ede0      0x150 build/native/contiki-ng-native.a(uipbuf.o)
                                        0x168 (size before relaxing)
 .eh_frame      0x000000000001ef30      0x198 build/native/contiki-ng-native.a(uip-icmp6.o)
                                        0x1b0 (size before relaxing)
 .eh_frame      0x000000000001f0c8      0x210 build/native/contiki-ng-native.a(uip-sr.o)
                                        0x228 (size before relaxing)
 .eh_frame      0x000000000001f2d8       0xb8 build/native/contiki-ng-native.a(uip-packetqueue)
                                         0xd0 (size before relaxing)
 .eh_frame      0x000000000001f390       0x50 build/native/contiki-ng-native.a(rpl-nbr-policy.)
                                         0x68 (size before relaxing)
 .eh_frame      0x000000000001f3e0      0x288 build/native/contiki-ng-native.a(rpl-neighbor.o)
                                        0x2a0 (size before relaxing)
 .eh_frame      0x000000000001f668      0x348 build/native/contiki-ng-native.a(rpl-dag.o)
                                        0x360 (size before relaxing)
 .eh_frame      0x000000000001f9b0      0x338 build/native/contiki-ng-native.a(rpl-timers.o)
                                        0x350 (size before relaxing)
 .eh_frame      0x000000000001fce8      0x140 build/native/contiki-ng-native.a(rpl-ext-header.)
                                        0x158 (size before relaxing)
 .eh_frame      0x000000000001fe28      0x150 build/native/contiki-ng-native.a(rpl-mrhof.o)
                                        0x168 (size before relaxing)
 .eh_frame      0x000000000001ff78       0x50 build/native/contiki-ng-native.a(int-master.o)
                                         0x68 (size before relaxing)
 .eh_frame      0x000000000001ffc8      0x130 build/native/contiki-ng-native.a(gpio-hal-arch.o)
                                        0x148 (size before relaxing)
 .eh_frame      0x00000000000200f8       0x68 build/native/contiki-ng-native.a(ringbuf.o)
                                         0x80 (size before relaxing)
 .eh_frame      0x0000000000020160       0x60 /usr/lib/x86_64-linux-gnu/libc_nonshared.a(elf-init.oS)
                                         0x78 (size before relaxing)
 .eh_frame      0x00000000000201c0       0x14 /usr/lib/x86_64-linux-gnu/libc_nonshared.a(atexit.oS)
                                         0x30 (size before relaxing)
 .eh_frame      0x00000000000201d4        0x4 /usr/lib/gcc/x86_64-linux-gnu/7/crtendS.o
 *(.eh_frame.*)

.gcc_except_table
 *(.gcc_except_table .gcc_except_table.*)

.gnu_extab
 *(.gnu_extab*)

.exception_ranges
 *(.exception_ranges .exception_ranges*)
                0x0000000000220a50                . = DATA_SEGMENT_ALIGN (CONSTANT (MAXPAGESIZE), CONSTANT (COMMONPAGESIZE))

.eh_frame
 *(.eh_frame)
 *(.eh_frame.*)

.gnu_extab
 *(.gnu_extab)

.gcc_except_table
 *(.gcc_except_table .gcc_except_table.*)

.exception_ranges
 *(.exception_ranges .exception_ranges*)

.tdata
 *(.tdata .tdata.* .gnu.linkonce.td.*)

.tbss
 *(.tbss .tbss.* .gnu.linkonce.tb.*)
 *(.tcommon)

.preinit_array  0x0000000000220a50        0x0
                [!provide]                        PROVIDE (__preinit_array_start = .)
 *(.preinit_array)
                [!provide]                        PROVIDE (__preinit_array_end = .)

.init_array     0x0000000000220a50        0x8
                0x0000000000220a50                PROVIDE (__init_array_start = .)
 *(SORT_BY_INIT_PRIORITY(.init_array.*) SORT_BY_INIT_PRIORITY(.ctors.*))
 *(.init_array EXCLUDE_FILE(*crtend?.o *crtend.o *crtbegin?.o *crtbegin.o) .ctors)
 .init_array    0x0000000000220a50        0x8 /usr/lib/gcc/x86_64-linux-gnu/7/crtbeginS.o
                0x0000000000220a58                PROVIDE (__init_array_end = .)

.fini_array     0x0000000000220a58        0x8
                [!provide]                        PROVIDE (__fini_array_start = .)
 *(SORT_BY_INIT_PRIORITY(.fini_array.*) SORT_BY_INIT_PRIORITY(.dtors.*))
 *(.fini_array EXCLUDE_FILE(*crtend?.o *crtend.o *crtbegin?.o *crtbegin.o) .dtors)
 .fini_array    0x0000000000220a58        0x8 /usr/lib/gcc/x86_64-linux-gnu/7/crtbeginS.o
                [!provide]                        PROVIDE (__fini_array_end = .)

.ctors
 *crtbegin.o(.ctors)
 *crtbegin?.o(.ctors)
 *(EXCLUDE_FILE(*crtend?.o *crtend.o) .ctors)
 *(SORT_BY_NAME(.ctors.*))
 *(.ctors)

.dtors
 *crtbegin.o(.dtors)
 *crtbegin?.o(.dtors)
 *(EXCLUDE_FILE(*crtend?.o *crtend.o) .dtors)
 *(SORT_BY_NAME(.dtors.*))
 *(.dtors)

.jcr
 *(.jcr)

.data.rel.ro    0x0000000000220a60      0x208
 *(.data.rel.ro.local* .gnu.linkonce.d.rel.ro.local.*)
 .data.rel.ro.local
                0x0000000000220a60       0x10 music_node.o
                0x0000000000220a60                autostart_processes
 *fill*         0x0000000000220a70       0x10 
 .data.rel.ro.local
                0x0000000000220a80       0x38 build/native/contiki-ng-native.a(nullmac.o)
                0x0000000000220a80                nullmac_driver
 *fill*         0x0000000000220ab8        0x8 
 .data.rel.ro.local
                0x0000000000220ac0       0x10 build/native/contiki-ng-native.a(platform.o)
 *fill*         0x0000000000220ad0       0x10 
 .data.rel.ro.local
                0x0000000000220ae0       0x30 build/native/contiki-ng-native.a(tun6-net.o)
                0x0000000000220ae0                tun6_net_driver
 .data.rel.ro.local
                0x0000000000220b10       0x18 build/native/contiki-ng-native.a(coap-timer-defa)
                0x0000000000220b10                coap_timer_default_driver
 *fill*         0x0000000000220b28       0x18 
 .data.rel.ro.local
                0x0000000000220b40       0x70 build/native/contiki-ng-native.a(nullradio.o)
                0x0000000000220b40                nullradio_driver
 *(.data.rel.ro .data.rel.ro.* .gnu.linkonce.d.rel.ro.*)
 .data.rel.ro   0x0000000000220bb0        0x0 /usr/lib/gcc/x86_64-linux-gnu/7/../../../x86_64-linux-gnu/Scrt1.o
 *fill*         0x0000000000220bb0       0x10 
 .data.rel.ro   0x0000000000220bc0       0xa8 build/native/contiki-ng-native.a(rpl.o)
                0x0000000000220bc0                rpl_lite_driver

.dynamic        0x0000000000220c68      0x200
 *(.dynamic)
 .dynamic       0x0000000000220c68      0x200 /usr/lib/gcc/x86_64-linux-gnu/7/../../../x86_64-linux-gnu/Scrt1.o
                0x0000000000220c68                _DYNAMIC

.got            0x0000000000220e68      0x190
 *(.got.plt)
 .got.plt       0x0000000000220e68      0x168 /usr/lib/gcc/x86_64-linux-gnu/7/../../../x86_64-linux-gnu/Scrt1.o
                0x0000000000220e68                _GLOBAL_OFFSET_TABLE_
 *(.igot.plt)
 *(.got)
 .got           0x0000000000220fd0       0x28 /usr/lib/gcc/x86_64-linux-gnu/7/../../../x86_64-linux-gnu/Scrt1.o
 *(.igot)
                0x0000000000221000                . = DATA_SEGMENT_RELRO_END (., 0x0)

.data           0x0000000000221000      0x6a8
 *(.data .data.* .gnu.linkonce.d.*)
 .data          0x0000000000221000        0x4 /usr/lib/gcc/x86_64-linux-gnu/7/../../../x86_64-linux-gnu/Scrt1.o
                0x0000000000221000                data_start
                0x0000000000221000                __data_start
 .data          0x0000000000221004        0x0 /usr/lib/gcc/x86_64-linux-gnu/7/../../../x86_64-linux-gnu/crti.o
 .data          0x0000000000221004        0x0 /usr/lib/gcc/x86_64-linux-gnu/7/crtbeginS.o
 *fill*         0x0000000000221004        0x4 
 .data.rel.local
                0x0000000000221008        0x8 /usr/lib/gcc/x86_64-linux-gnu/7/crtbeginS.o
                0x0000000000221008                __dso_handle
 .data          0x0000000000221010        0x4 music_node.o
 *fill*         0x0000000000221014        0xc 
 .data.rel.local
                0x0000000000221020       0x20 music_node.o
                0x0000000000221020                music_node
 .data          0x0000000000221040        0x0 build/native/contiki-ng-native.a(res_music.o)
 .data.rel.local
                0x0000000000221040       0x48 build/native/contiki-ng-native.a(res_music.o)
                0x0000000000221040                res_music
 .data          0x0000000000221088        0x0 build/native/contiki-ng-native.a(res_volume.o)
 *fill*         0x0000000000221088       0x18 
 .data.rel.local
                0x00000000002210a0       0x48 build/native/contiki-ng-native.a(res_volume.o)
                0x00000000002210a0                res_volume
 .data          0x00000000002210e8        0x0 build/native/contiki-ng-native.a(coap-blocking-a)
 .data          0x00000000002210e8        0x0 build/native/contiki-ng-native.a(coap-engine.o)
 .data          0x00000000002210e8        0x0 build/native/contiki-ng-native.a(coap-res-well-k)
 *fill*         0x00000000002210e8       0x18 
 .data.rel.local
                0x0000000000221100       0x48 build/native/contiki-ng-native.a(coap-res-well-k)
                0x0000000000221100                res_well_known_core
 .data          0x0000000000221148        0x0 build/native/contiki-ng-native.a(coap-observe.o)
 *fill*         0x0000000000221148        0x8 
 .data.rel.local
                0x0000000000221150       0x18 build/native/contiki-ng-native.a(coap-observe.o)
 .data          0x0000000000221168        0x0 build/native/contiki-ng-native.a(coap-uip.o)
 *fill*         0x0000000000221168       0x18 
 .data.rel.local
                0x0000000000221180       0x20 build/native/contiki-ng-native.a(coap-uip.o)
                0x0000000000221180                coap_engine
 .data          0x00000000002211a0        0x0 build/native/contiki-ng-native.a(coap-timer.o)
 .data          0x00000000002211a0        0x0 build/native/contiki-ng-native.a(coap-transactio)
 .data.rel.local
                0x00000000002211a0       0x18 build/native/contiki-ng-native.a(coap-transactio)
 .data          0x00000000002211b8        0x0 build/native/contiki-ng-native.a(coap.o)
 .data.rel.local
                0x00000000002211b8        0x8 build/native/contiki-ng-native.a(coap.o)
                0x00000000002211b8                coap_error_message
 .data          0x00000000002211c0        0x0 build/native/contiki-ng-native.a(contiki-main.o)
 .data          0x00000000002211c0        0x0 build/native/contiki-ng-native.a(autostart.o)
 .data          0x00000000002211c0        0x0 build/native/contiki-ng-native.a(ctimer.o)
 .data.rel.local
                0x00000000002211c0       0x20 build/native/contiki-ng-native.a(ctimer.o)
                0x00000000002211c0                ctimer_process
 .data          0x00000000002211e0        0x4 build/native/contiki-ng-native.a(log.o)
                0x00000000002211e0                curr_log_level_main
 *fill*         0x00000000002211e4       0x1c 
 .data.rel.local
                0x0000000000221200      0x138 build/native/contiki-ng-native.a(log.o)
                0x0000000000221200                all_modules
 .data          0x0000000000221338        0x0 build/native/contiki-ng-native.a(energest.o)
 .data          0x0000000000221338        0x0 build/native/contiki-ng-native.a(etimer.o)
 *fill*         0x0000000000221338        0x8 
 .data.rel.local
                0x0000000000221340       0x20 build/native/contiki-ng-native.a(etimer.o)
                0x0000000000221340                etimer_process
 .data          0x0000000000221360        0x0 build/native/contiki-ng-native.a(node-id.o)
 .data          0x0000000000221360        0x0 build/native/contiki-ng-native.a(rtimer.o)
 .data          0x0000000000221360        0x0 build/native/contiki-ng-native.a(process.o)
 .data          0x0000000000221360        0x0 build/native/contiki-ng-native.a(timer.o)
 .data          0x0000000000221360        0x0 build/native/contiki-ng-native.a(list.o)
 .data          0x0000000000221360        0x0 build/native/contiki-ng-native.a(memb.o)
 .data          0x0000000000221360        0x0 build/native/contiki-ng-native.a(queuebuf.o)
 .data.rel.local
                0x0000000000221360       0x38 build/native/contiki-ng-native.a(queuebuf.o)
 .data          0x0000000000221398        0x0 build/native/contiki-ng-native.a(packetbuf.o)
 .data          0x0000000000221398        0x0 build/native/contiki-ng-native.a(netstack.o)
 .data          0x0000000000221398        0x0 build/native/contiki-ng-native.a(linkaddr.o)
 .data          0x0000000000221398        0x0 build/native/contiki-ng-native.a(nullmac.o)
 .data          0x0000000000221398        0x0 build/native/contiki-ng-native.a(uip-ds6.o)
 .data          0x0000000000221398        0x0 build/native/contiki-ng-native.a(uip-udp-packet.)
 .data          0x0000000000221398        0x0 build/native/contiki-ng-native.a(uip-ds6-route.o)
 *fill*         0x0000000000221398        0x8 
 .data.rel.local
                0x00000000002213a0       0x18 build/native/contiki-ng-native.a(uip-ds6-route.o)
 .data          0x00000000002213b8        0x0 build/native/contiki-ng-native.a(tcpip.o)
 *fill*         0x00000000002213b8        0x8 
 .data.rel.local
                0x00000000002213c0       0x20 build/native/contiki-ng-native.a(tcpip.o)
                0x00000000002213c0                tcpip_process
 .data          0x00000000002213e0        0x0 build/native/contiki-ng-native.a(uip6.o)
 .data          0x00000000002213e0        0x0 build/native/contiki-ng-native.a(uip-ds6-nbr.o)
 .data.rel.local
                0x00000000002213e0       0x18 build/native/contiki-ng-native.a(uip-ds6-nbr.o)
 .data          0x00000000002213f8        0x0 build/native/contiki-ng-native.a(uip-nd6.o)
 *fill*         0x00000000002213f8        0x8 
 .data.rel.local
                0x0000000000221400       0x18 build/native/contiki-ng-native.a(uip-nd6.o)
 .data          0x0000000000221418        0x0 build/native/contiki-ng-native.a(uiplib.o)
 .data          0x0000000000221418        0x0 build/native/contiki-ng-native.a(rpl.o)
 .data          0x0000000000221418        0x0 build/native/contiki-ng-native.a(rpl-icmp6.o)
 *fill*         0x0000000000221418        0x8 
 .data.rel.local
                0x0000000000221420       0x78 build/native/contiki-ng-native.a(rpl-icmp6.o)
 .data          0x0000000000221498        0x0 build/native/contiki-ng-native.a(rpl-dag-root.o)
 .data          0x0000000000221498        0x0 build/native/contiki-ng-native.a(platform.o)
 .data          0x0000000000221498        0x0 build/native/contiki-ng-native.a(clock.o)
 *fill*         0x0000000000221498        0x8 
 .data          0x00000000002214a0       0x60 build/native/contiki-ng-native.a(tun6-net.o)
 .data          0x0000000000221500        0x0 build/native/contiki-ng-native.a(rtimer-arch.o)
 .data          0x0000000000221500        0x0 build/native/contiki-ng-native.a(watchdog.o)
 .data          0x0000000000221500        0x0 build/native/contiki-ng-native.a(coap-timer-defa)
 .data.rel.local
                0x0000000000221500       0x20 build/native/contiki-ng-native.a(coap-timer-defa)
                0x0000000000221500                coap_timer_process
 .data          0x0000000000221520        0x0 build/native/contiki-ng-native.a(stimer.o)
 .data          0x0000000000221520        0x0 build/native/contiki-ng-native.a(random.o)
 .data          0x0000000000221520        0x0 build/native/contiki-ng-native.a(button-hal.o)
 .data.rel.local
                0x0000000000221520       0x20 build/native/contiki-ng-native.a(button-hal.o)
                0x0000000000221520                button_hal_process
 .data          0x0000000000221540        0x0 build/native/contiki-ng-native.a(serial-line.o)
 .data.rel.local
                0x0000000000221540       0x20 build/native/contiki-ng-native.a(serial-line.o)
                0x0000000000221540                serial_line_process
 .data          0x0000000000221560        0x0 build/native/contiki-ng-native.a(leds.o)
 .data          0x0000000000221560        0x0 build/native/contiki-ng-native.a(nullradio.o)
 .data          0x0000000000221560        0x0 build/native/contiki-ng-native.a(gpio-hal.o)
 .data          0x0000000000221560        0x0 build/native/contiki-ng-native.a(nbr-table.o)
 .data.rel.local
                0x0000000000221560       0x18 build/native/contiki-ng-native.a(nbr-table.o)
 .data          0x0000000000221578        0x0 build/native/contiki-ng-native.a(link-stats.o)
 *fill*         0x0000000000221578        0x8 
 .data.rel.local
                0x0000000000221580       0x18 build/native/contiki-ng-native.a(link-stats.o)
 .data          0x0000000000221598        0x0 build/native/contiki-ng-native.a(uipbuf.o)
 .data          0x0000000000221598        0x0 build/native/contiki-ng-native.a(uip-icmp6.o)
 *fill*         0x0000000000221598        0x8 
 .data.rel.local
                0x00000000002215a0       0x38 build/native/contiki-ng-native.a(uip-icmp6.o)
 .data          0x00000000002215d8        0x0 build/native/contiki-ng-native.a(uip-sr.o)
 *fill*         0x00000000002215d8        0x8 
 .data.rel.local
                0x00000000002215e0       0x18 build/native/contiki-ng-native.a(uip-sr.o)
 .data          0x00000000002215f8        0x0 build/native/contiki-ng-native.a(uip-packetqueue)
 *fill*         0x00000000002215f8        0x8 
 .data.rel.local
                0x0000000000221600       0x18 build/native/contiki-ng-native.a(uip-packetqueue)
 .data          0x0000000000221618        0x0 build/native/contiki-ng-native.a(rpl-nbr-policy.)
 .data          0x0000000000221618        0x0 build/native/contiki-ng-native.a(rpl-neighbor.o)
 *fill*         0x0000000000221618        0x8 
 .data.rel.local
                0x0000000000221620       0x28 build/native/contiki-ng-native.a(rpl-neighbor.o)
                0x0000000000221620                rpl_neighbors
 .data          0x0000000000221648        0x0 build/native/contiki-ng-native.a(rpl-dag.o)
 .data          0x0000000000221648        0x0 build/native/contiki-ng-native.a(rpl-timers.o)
 .data          0x0000000000221648        0x0 build/native/contiki-ng-native.a(rpl-ext-header.)
 .data          0x0000000000221648        0x0 build/native/contiki-ng-native.a(rpl-mrhof.o)
 *fill*         0x0000000000221648       0x18 
 .data.rel.local
                0x0000000000221660       0x48 build/native/contiki-ng-native.a(rpl-mrhof.o)
                0x0000000000221660                rpl_mrhof
 .data          0x00000000002216a8        0x0 build/native/contiki-ng-native.a(buttons.o)
 .data          0x00000000002216a8        0x0 build/native/contiki-ng-native.a(int-master.o)
 .data          0x00000000002216a8        0x0 build/native/contiki-ng-native.a(gpio-hal-arch.o)
 .data          0x00000000002216a8        0x0 build/native/contiki-ng-native.a(ringbuf.o)
 .data          0x00000000002216a8        0x0 /usr/lib/x86_64-linux-gnu/libc_nonshared.a(elf-init.oS)
 .data          0x00000000002216a8        0x0 /usr/lib/x86_64-linux-gnu/libc_nonshared.a(atexit.oS)
 .data          0x00000000002216a8        0x0 /usr/lib/gcc/x86_64-linux-gnu/7/crtendS.o
 .data          0x00000000002216a8        0x0 /usr/lib/gcc/x86_64-linux-gnu/7/../../../x86_64-linux-gnu/crtn.o

.tm_clone_table
                0x00000000002216a8        0x0
 .tm_clone_table
                0x00000000002216a8        0x0 /usr/lib/gcc/x86_64-linux-gnu/7/crtbeginS.o
 .tm_clone_table
                0x00000000002216a8        0x0 /usr/lib/gcc/x86_64-linux-gnu/7/crtendS.o

.data1
 *(.data1)
                0x00000000002216a8                _edata = .
                [!provide]                        PROVIDE (edata = .)
                0x00000000002216a8                . = .
                0x00000000002216a8                __bss_start = .

.bss            0x00000000002216c0     0xe980
 *(.dynbss)
 .dynbss        0x00000000002216c0       0x28 /usr/lib/gcc/x86_64-linux-gnu/7/../../../x86_64-linux-gnu/Scrt1.o
                0x00000000002216c0                stdout@@GLIBC_2.2.5
                0x00000000002216e0                stderr@@GLIBC_2.2.5
 *(.bss .bss.* .gnu.linkonce.b.*)
 .bss           0x00000000002216e8        0x0 /usr/lib/gcc/x86_64-linux-gnu/7/../../../x86_64-linux-gnu/Scrt1.o
 .bss           0x00000000002216e8        0x0 /usr/lib/gcc/x86_64-linux-gnu/7/../../../x86_64-linux-gnu/crti.o
 .bss           0x00000000002216e8        0x1 /usr/lib/gcc/x86_64-linux-gnu/7/crtbeginS.o
 *fill*         0x00000000002216e9       0x17 
 .bss           0x0000000000221700      0x174 music_node.o
 .bss           0x0000000000221874        0x4 build/native/contiki-ng-native.a(res_music.o)
                0x0000000000221874                res_mode
 .bss           0x0000000000221878        0x4 build/native/contiki-ng-native.a(res_volume.o)
 .bss           0x000000000022187c        0x0 build/native/contiki-ng-native.a(coap-blocking-a)
 *fill*         0x000000000022187c        0x4 
 .bss           0x0000000000221880      0x218 build/native/contiki-ng-native.a(coap-engine.o)
 .bss           0x0000000000221a98        0x0 build/native/contiki-ng-native.a(coap-res-well-k)
 *fill*         0x0000000000221a98        0x8 
 .bss           0x0000000000221aa0      0x15b build/native/contiki-ng-native.a(coap-observe.o)
 *fill*         0x0000000000221bfb        0x5 
 .bss           0x0000000000221c00       0x20 build/native/contiki-ng-native.a(coap-uip.o)
 .bss           0x0000000000221c20       0x10 build/native/contiki-ng-native.a(coap-timer.o)
 *fill*         0x0000000000221c30       0x10 
 .bss           0x0000000000221c40      0x3c4 build/native/contiki-ng-native.a(coap-transactio)
 .bss           0x0000000000222004        0x6 build/native/contiki-ng-native.a(coap.o)
                0x0000000000222004                coap_status_code
 .bss           0x000000000022200a        0x0 build/native/contiki-ng-native.a(contiki-main.o)
 .bss           0x000000000022200a        0x0 build/native/contiki-ng-native.a(autostart.o)
 *fill*         0x000000000022200a        0x6 
 .bss           0x0000000000222010       0x10 build/native/contiki-ng-native.a(ctimer.o)
 .bss           0x0000000000222020       0x2c build/native/contiki-ng-native.a(log.o)
                0x0000000000222020                curr_log_level_lwm2m
                0x0000000000222024                curr_log_level_snmp
                0x0000000000222028                curr_log_level_coap
                0x000000000022202c                curr_log_level_6top
                0x0000000000222030                curr_log_level_framer
                0x0000000000222034                curr_log_level_mac
                0x0000000000222038                curr_log_level_nullnet
                0x000000000022203c                curr_log_level_6lowpan
                0x0000000000222040                curr_log_level_ipv6
                0x0000000000222044                curr_log_level_tcpip
                0x0000000000222048                curr_log_level_rpl
 .bss           0x000000000022204c        0x0 build/native/contiki-ng-native.a(energest.o)
 *fill*         0x000000000022204c        0x4 
 .bss           0x0000000000222050       0x10 build/native/contiki-ng-native.a(etimer.o)
 .bss           0x0000000000222060        0x2 build/native/contiki-ng-native.a(node-id.o)
                0x0000000000222060                node_id
 *fill*         0x0000000000222062        0x6 
 .bss           0x0000000000222068        0x8 build/native/contiki-ng-native.a(rtimer.o)
 *fill*         0x0000000000222070       0x10 
 .bss           0x0000000000222080      0x323 build/native/contiki-ng-native.a(process.o)
                0x0000000000222080                process_current
                0x0000000000222088                process_list
 .bss           0x00000000002223a3        0x0 build/native/contiki-ng-native.a(timer.o)
 .bss           0x00000000002223a3        0x0 build/native/contiki-ng-native.a(list.o)
 .bss           0x00000000002223a3        0x0 build/native/contiki-ng-native.a(memb.o)
 *fill*         0x00000000002223a3       0x1d 
 .bss           0x00000000002223c0     0x2d80 build/native/contiki-ng-native.a(queuebuf.o)
 .bss           0x0000000000225140       0x86 build/native/contiki-ng-native.a(packetbuf.o)
 *fill*         0x00000000002251c6        0x2 
 .bss           0x00000000002251c8        0x8 build/native/contiki-ng-native.a(netstack.o)
 .bss           0x00000000002251d0        0x0 build/native/contiki-ng-native.a(linkaddr.o)
 .bss           0x00000000002251d0        0x0 build/native/contiki-ng-native.a(nullmac.o)
 .bss           0x00000000002251d0       0x40 build/native/contiki-ng-native.a(uip-ds6.o)
 .bss           0x0000000000225210        0x0 build/native/contiki-ng-native.a(uip-udp-packet.)
 *fill*         0x0000000000225210       0x10 
 .bss           0x0000000000225220       0x70 build/native/contiki-ng-native.a(uip-ds6-route.o)
 *fill*         0x0000000000225290       0x10 
 .bss           0x00000000002252a0       0x20 build/native/contiki-ng-native.a(tcpip.o)
 .bss           0x00000000002252c0        0x8 build/native/contiki-ng-native.a(uip6.o)
                0x00000000002252c0                uip_last_proto
                0x00000000002252c2                uip_ext_len
                0x00000000002252c4                uip_ext_bitmap
 *fill*         0x00000000002252c8       0x18 
 .bss           0x00000000002252e0     0x2580 build/native/contiki-ng-native.a(uip-ds6-nbr.o)
 .bss           0x0000000000227860       0x19 build/native/contiki-ng-native.a(uip-nd6.o)
 .bss           0x0000000000227879        0x0 build/native/contiki-ng-native.a(uiplib.o)
 .bss           0x0000000000227879        0x1 build/native/contiki-ng-native.a(rpl.o)
 .bss           0x000000000022787a        0x0 build/native/contiki-ng-native.a(rpl-icmp6.o)
 *fill*         0x000000000022787a        0x6 
 .bss           0x0000000000227880       0x11 build/native/contiki-ng-native.a(rpl-dag-root.o)
 *fill*         0x0000000000227891        0xf 
 .bss           0x00000000002278a0       0x60 build/native/contiki-ng-native.a(platform.o)
                0x00000000002278a0                contiki_argc
 .bss           0x0000000000227900        0x0 build/native/contiki-ng-native.a(clock.o)
 .bss           0x0000000000227900        0x0 build/native/contiki-ng-native.a(tun6-net.o)
 .bss           0x0000000000227900        0x0 build/native/contiki-ng-native.a(rtimer-arch.o)
 .bss           0x0000000000227900        0x0 build/native/contiki-ng-native.a(watchdog.o)
 .bss           0x0000000000227900       0x48 build/native/contiki-ng-native.a(coap-timer-defa)
 .bss           0x0000000000227948        0x0 build/native/contiki-ng-native.a(stimer.o)
 .bss           0x0000000000227948        0x0 build/native/contiki-ng-native.a(random.o)
 *fill*         0x0000000000227948        0x8 
 .bss           0x0000000000227950       0x1c build/native/contiki-ng-native.a(button-hal.o)
 *fill*         0x000000000022796c       0x14 
 .bss           0x0000000000227980      0x150 build/native/contiki-ng-native.a(serial-line.o)
 .bss           0x0000000000227ad0        0x0 build/native/contiki-ng-native.a(leds.o)
 .bss           0x0000000000227ad0        0x0 build/native/contiki-ng-native.a(nullradio.o)
 .bss           0x0000000000227ad0        0x8 build/native/contiki-ng-native.a(gpio-hal.o)
 *fill*         0x0000000000227ad8        0x8 
 .bss           0x0000000000227ae0     0x16cc build/native/contiki-ng-native.a(nbr-table.o)
 *fill*         0x00000000002291ac       0x14 
 .bss           0x00000000002291c0     0x12c0 build/native/contiki-ng-native.a(link-stats.o)
 .bss           0x000000000022a480       0x1c build/native/contiki-ng-native.a(uipbuf.o)
 *fill*         0x000000000022a49c        0x4 
 .bss           0x000000000022a4a0       0x20 build/native/contiki-ng-native.a(uip-icmp6.o)
 .bss           0x000000000022a4c0     0x301c build/native/contiki-ng-native.a(uip-sr.o)
 *fill*         0x000000000022d4dc        0x4 
 .bss           0x000000000022d4e0      0xab2 build/native/contiki-ng-native.a(uip-packetqueue)
 *fill*         0x000000000022df92        0x6 
 .bss           0x000000000022df98       0x14 build/native/contiki-ng-native.a(rpl-nbr-policy.)
 *fill*         0x000000000022dfac       0x14 
 .bss           0x000000000022dfc0     0x12c0 build/native/contiki-ng-native.a(rpl-neighbor.o)
 .bss           0x000000000022f280        0x0 build/native/contiki-ng-native.a(rpl-dag.o)
 .bss           0x000000000022f280       0x80 build/native/contiki-ng-native.a(rpl-timers.o)
 .bss           0x000000000022f300        0x0 build/native/contiki-ng-native.a(rpl-ext-header.)